<tmpdir_from_fixture>/rundir/atmos_8xdaily.tile1.nc 2d85da76838e2824a6cb347127454bf8
<tmpdir_from_fixture>/rundir/atmos_8xdaily.tile2.nc 737e95c8ab5c48574889ef4b161767ea
<tmpdir_from_fixture>/rundir/atmos_8xdaily.tile3.nc 80728c0f058e2627809f9755cee57ef7
<tmpdir_from_fixture>/rundir/atmos_8xdaily.tile4.nc a24f8e99e15f7d9c1796f9014fae1aba
<tmpdir_from_fixture>/rundir/atmos_8xdaily.tile5.nc 33eda74f526acf6c0ca3378569958ffc
<tmpdir_from_fixture>/rundir/atmos_8xdaily.tile6.nc 695a54a3c14599304f8511ebaf232644
<tmpdir_from_fixture>/rundir/atmos_dt_atmos.tile1.nc c0443a55e9c7bc7dd39575b40f274a19
<tmpdir_from_fixture>/rundir/atmos_dt_atmos.tile2.nc 7c1dfff49b7e73737b29469b27b3c29c
<tmpdir_from_fixture>/rundir/atmos_dt_atmos.tile3.nc 93ba38301a38a45a4e5f976b18091783
<tmpdir_from_fixture>/rundir/atmos_dt_atmos.tile4.nc ba2e859785c564a93e2f5743333394bd
<tmpdir_from_fixture>/rundir/atmos_dt_atmos.tile5.nc a39b682cbb531c87bf638fa69fdd161e
<tmpdir_from_fixture>/rundir/atmos_dt_atmos.tile6.nc 3c0c4f049e8e465d737181ce017e1955
<tmpdir_from_fixture>/rundir/atmos_static.tile1.nc 896dd75cd0b3d38b8db0ecf0c1902453
<tmpdir_from_fixture>/rundir/atmos_static.tile2.nc 3556f836cb116e39b5a5e3da21474f54
<tmpdir_from_fixture>/rundir/atmos_static.tile3.nc 2a0d81c2221eea84839605975c713bef
<tmpdir_from_fixture>/rundir/atmos_static.tile4.nc c7f19b5b7d4bc3297e844e171d4ba6d8
<tmpdir_from_fixture>/rundir/atmos_static.tile5.nc fa9b20e04e4bacfe1f23dd8e6583988e
<tmpdir_from_fixture>/rundir/atmos_static.tile6.nc 06d11cda82c6235d7a77dc75ddb05357
<tmpdir_from_fixture>/rundir/sfc_dt_atmos.tile1.nc 48fbbbb55443708e3336e490140c5f73
<tmpdir_from_fixture>/rundir/sfc_dt_atmos.tile2.nc 2661986f00407f0682d30ec711b77ba1
<tmpdir_from_fixture>/rundir/sfc_dt_atmos.tile3.nc 959991d52053ec4d5b38ef93565b1a40
<tmpdir_from_fixture>/rundir/sfc_dt_atmos.tile4.nc 5808d1af6bee378063ddc7b16a9b115e
<tmpdir_from_fixture>/rundir/sfc_dt_atmos.tile5.nc 51a53eef0b805be0505750eb41960e9b
<tmpdir_from_fixture>/rundir/sfc_dt_atmos.tile6.nc fc055d173d4c6bbc9bcad284ee2aa520
<tmpdir_from_fixture>/rundir/RESTART/fv_core.res.nc 03f92921ec61bc2e8650bcc3b1cc3971
<tmpdir_from_fixture>/rundir/RESTART/fv_core.res.tile1.nc 924b0fc94db05c7df4c7b95268f033a5
<tmpdir_from_fixture>/rundir/RESTART/fv_core.res.tile2.nc 1bd9f8695218b78d76a0f31912492cf8
<tmpdir_from_fixture>/rundir/RESTART/fv_core.res.tile3.nc e06e5b15988b1f0654f3cf96a6fedadf
<tmpdir_from_fixture>/rundir/RESTART/fv_core.res.tile4.nc e2c037411fdf6f5d40027b3cc4c2c893
<tmpdir_from_fixture>/rundir/RESTART/fv_core.res.tile5.nc 07e585fcb5b099f8460aa7a31163b7cf
<tmpdir_from_fixture>/rundir/RESTART/fv_core.res.tile6.nc 8cb1516a9aea6e0a4b7962e1e8a6d670
<tmpdir_from_fixture>/rundir/RESTART/fv_srf_wnd.res.tile1.nc 9272ce0f6f2c65af5d9ae570279a7629
<tmpdir_from_fixture>/rundir/RESTART/fv_srf_wnd.res.tile2.nc 251b8d5be4269cbedf111f62979e3a7f
<tmpdir_from_fixture>/rundir/RESTART/fv_srf_wnd.res.tile3.nc 411a7d6d620b6e91e0417f7b9ff75208
<tmpdir_from_fixture>/rundir/RESTART/fv_srf_wnd.res.tile4.nc ef534ee61e7ce9cba2040f352ea30444
<tmpdir_from_fixture>/rundir/RESTART/fv_srf_wnd.res.tile5.nc cdabf4f35d0e9f7cc4360dea0eb91f6b
<tmpdir_from_fixture>/rundir/RESTART/fv_srf_wnd.res.tile6.nc e79dcb9798a585a09463d4e9600d7467
<tmpdir_from_fixture>/rundir/RESTART/fv_tracer.res.tile1.nc 1fafee7eff37f52758b8d5b8eb4a43dd
<tmpdir_from_fixture>/rundir/RESTART/fv_tracer.res.tile2.nc 7010e365741e5ef34338885e00ef1992
<tmpdir_from_fixture>/rundir/RESTART/fv_tracer.res.tile3.nc cfded4cdac17842627d2d5f59c3015b0
<tmpdir_from_fixture>/rundir/RESTART/fv_tracer.res.tile4.nc 155ea2243766769b8acd9a69d9db3175
<tmpdir_from_fixture>/rundir/RESTART/fv_tracer.res.tile5.nc 5db1e82b3132c48dd57ff90bc60ccfd1
<tmpdir_from_fixture>/rundir/RESTART/fv_tracer.res.tile6.nc b8d512c763c4a50766cf53f9e02d26c4
<tmpdir_from_fixture>/rundir/RESTART/phy_data.tile1.nc 25cfa28e70c94b01e1fc4d4b7f807a39
<tmpdir_from_fixture>/rundir/RESTART/phy_data.tile2.nc 140a6e146029abb5ae0f107446540dc8
<tmpdir_from_fixture>/rundir/RESTART/phy_data.tile3.nc 7bb10a6fedaa9967d4b87724dcd0449c
<tmpdir_from_fixture>/rundir/RESTART/phy_data.tile4.nc 62406e719fb900de41969062a3029e99
<tmpdir_from_fixture>/rundir/RESTART/phy_data.tile5.nc f076813be67096804cf3c68ec2a40b1c
<tmpdir_from_fixture>/rundir/RESTART/phy_data.tile6.nc 99cb53d6e26e8e0a612f67904024a395
<tmpdir_from_fixture>/rundir/RESTART/sfc_data.tile1.nc b1d514475ef94dc73d25b2ebe4307844
<tmpdir_from_fixture>/rundir/RESTART/sfc_data.tile2.nc 4600776f120de2911c2844595cf7038d
<tmpdir_from_fixture>/rundir/RESTART/sfc_data.tile3.nc de5f05fd553c1372dacd7c9379a70f7b
<tmpdir_from_fixture>/rundir/RESTART/sfc_data.tile4.nc 20662575edc07d1a264ba67d349bebfe
<tmpdir_from_fixture>/rundir/RESTART/sfc_data.tile5.nc a02602f2a08675d71e64843803b9a09f
<tmpdir_from_fixture>/rundir/RESTART/sfc_data.tile6.nc e72e717c2a850f79906510af38d858a5
