<tmpdir_from_fixture>/rundir/atmos_8xdaily.tile1.nc c018112e0d1e1df1233ba9fab96e979f
<tmpdir_from_fixture>/rundir/atmos_8xdaily.tile2.nc 133739ee6ea94fd326bfe86b7c418915
<tmpdir_from_fixture>/rundir/atmos_8xdaily.tile3.nc a9870ef35b3825112b94900c9d5a49c7
<tmpdir_from_fixture>/rundir/atmos_8xdaily.tile4.nc 1de7a0b835bf3837dd7186b2936ce2b0
<tmpdir_from_fixture>/rundir/atmos_8xdaily.tile5.nc 29680e8543976f9948795363d84aacc5
<tmpdir_from_fixture>/rundir/atmos_8xdaily.tile6.nc 32e6a4c763d97ae839b1ca577ab29c0c
<tmpdir_from_fixture>/rundir/atmos_dt_atmos.tile1.nc 9e3012903432c0b9dbb168f8c2423b9d
<tmpdir_from_fixture>/rundir/atmos_dt_atmos.tile2.nc 4f139fb32390cb3f37da32368367f4ff
<tmpdir_from_fixture>/rundir/atmos_dt_atmos.tile3.nc 38233236dff084974ded7c2a7056715a
<tmpdir_from_fixture>/rundir/atmos_dt_atmos.tile4.nc 7dafe91d3b1469d372d6138b856bea60
<tmpdir_from_fixture>/rundir/atmos_dt_atmos.tile5.nc c7709664b6836cb6075e3d3f74671734
<tmpdir_from_fixture>/rundir/atmos_dt_atmos.tile6.nc b1d745f7018bf1de5c4ad9e13a216836
<tmpdir_from_fixture>/rundir/atmos_static.tile1.nc 8eb161a8cd002f6b4d22153b2f70d1e9
<tmpdir_from_fixture>/rundir/atmos_static.tile2.nc ef1e925dfc78367952c956bdb7e1ceb4
<tmpdir_from_fixture>/rundir/atmos_static.tile3.nc 8d896f1374d26641eb88ee448db35fef
<tmpdir_from_fixture>/rundir/atmos_static.tile4.nc 2ffd7708edd11a7f5b4d986237ef128b
<tmpdir_from_fixture>/rundir/atmos_static.tile5.nc 69767c62e6861db5fc20ce34cda3d383
<tmpdir_from_fixture>/rundir/atmos_static.tile6.nc 2e112b68717697f780843d8a3a48e2cd
<tmpdir_from_fixture>/rundir/sfc_dt_atmos.tile1.nc a063a03c4214c4412ef6214b5dcc17c8
<tmpdir_from_fixture>/rundir/sfc_dt_atmos.tile2.nc 8a4c4c9c6f5904c43440870d08d0e98a
<tmpdir_from_fixture>/rundir/sfc_dt_atmos.tile3.nc 68a6c5e4d6b532f8ca58104d0096c5ee
<tmpdir_from_fixture>/rundir/sfc_dt_atmos.tile4.nc c4585b3c008e71487f00197688b62d90
<tmpdir_from_fixture>/rundir/sfc_dt_atmos.tile5.nc 23dfd38289cb3ce8ec4e2504e76e405b
<tmpdir_from_fixture>/rundir/sfc_dt_atmos.tile6.nc 5cad2a009d8a4b1f5d2ce096e33a027f
<tmpdir_from_fixture>/rundir/sfc_dt_atmos_diag_manager_controlled.tile1.nc bdfee0c8022a130d9140c0ec81fd648d
<tmpdir_from_fixture>/rundir/sfc_dt_atmos_diag_manager_controlled.tile2.nc 6e9ab44265444ec79f8fcdcf6d009d7c
<tmpdir_from_fixture>/rundir/sfc_dt_atmos_diag_manager_controlled.tile3.nc e574875441c77529d1dc5020a428a67e
<tmpdir_from_fixture>/rundir/sfc_dt_atmos_diag_manager_controlled.tile4.nc 399133b01784aebab995e62f002434f6
<tmpdir_from_fixture>/rundir/sfc_dt_atmos_diag_manager_controlled.tile5.nc ab4e99e42f0a66222ea2552a2fc089d2
<tmpdir_from_fixture>/rundir/sfc_dt_atmos_diag_manager_controlled.tile6.nc f6037db063bd3f35c70e575b17fee7cd
<tmpdir_from_fixture>/rundir/RESTART/fv_core.res.nc 03f92921ec61bc2e8650bcc3b1cc3971
<tmpdir_from_fixture>/rundir/RESTART/fv_core.res.tile1.nc c957529bea6d386bd759a76d22f2e7cd
<tmpdir_from_fixture>/rundir/RESTART/fv_core.res.tile2.nc 0deec6f8605841075a24ba463727fe91
<tmpdir_from_fixture>/rundir/RESTART/fv_core.res.tile3.nc 8d73cd492d9a5e7df5bcd85cb4e6b9d2
<tmpdir_from_fixture>/rundir/RESTART/fv_core.res.tile4.nc ce94b006d54f96bcf4a9ed76dc7245ef
<tmpdir_from_fixture>/rundir/RESTART/fv_core.res.tile5.nc 45140085eca81ee22ebaa157ca1328b3
<tmpdir_from_fixture>/rundir/RESTART/fv_core.res.tile6.nc 45ad33425fa370fc9608c0dd02cea93b
<tmpdir_from_fixture>/rundir/RESTART/fv_srf_wnd.res.tile1.nc ab053411881826b83c431452e8a21bae
<tmpdir_from_fixture>/rundir/RESTART/fv_srf_wnd.res.tile2.nc 5f43ce20819d99c075f8099d17cb33a4
<tmpdir_from_fixture>/rundir/RESTART/fv_srf_wnd.res.tile3.nc 51367e0390b27302b65f07bb8cbc26be
<tmpdir_from_fixture>/rundir/RESTART/fv_srf_wnd.res.tile4.nc 9b63100161b59d4481a011141bfe73fc
<tmpdir_from_fixture>/rundir/RESTART/fv_srf_wnd.res.tile5.nc a59b81db3d1dcff0cde9777d7e41f4c1
<tmpdir_from_fixture>/rundir/RESTART/fv_srf_wnd.res.tile6.nc a1403fa6e17f525e84ed61ad3950610c
<tmpdir_from_fixture>/rundir/RESTART/fv_tracer.res.tile1.nc ce72ffd592a4ec9354e96a98f98853c6
<tmpdir_from_fixture>/rundir/RESTART/fv_tracer.res.tile2.nc cdb7054a7ba5f65817a8d32d9e798c34
<tmpdir_from_fixture>/rundir/RESTART/fv_tracer.res.tile3.nc ff59ad750fc5bdb1a9eede9de11636e4
<tmpdir_from_fixture>/rundir/RESTART/fv_tracer.res.tile4.nc aaee93d3e6faa6fc19927f6597d7948e
<tmpdir_from_fixture>/rundir/RESTART/fv_tracer.res.tile5.nc 9dfb27cf18c74fdb004303397b7a04c5
<tmpdir_from_fixture>/rundir/RESTART/fv_tracer.res.tile6.nc 450a30a3e7ed5d05941da6575522505e
<tmpdir_from_fixture>/rundir/RESTART/phy_data.tile1.nc c7717e42f317fc3d655961e8b4fb61df
<tmpdir_from_fixture>/rundir/RESTART/phy_data.tile2.nc 08e4ce9d401c004ad6e8a4b9b87c377c
<tmpdir_from_fixture>/rundir/RESTART/phy_data.tile3.nc e5bfbd4f781eeb71e2e068690197f9b9
<tmpdir_from_fixture>/rundir/RESTART/phy_data.tile4.nc 176985ed417bbce6711c270ff12adb26
<tmpdir_from_fixture>/rundir/RESTART/phy_data.tile5.nc db22857ad4e13ed2ad2374566768325c
<tmpdir_from_fixture>/rundir/RESTART/phy_data.tile6.nc 438a836fa84e26c446f3eba5708820e5
<tmpdir_from_fixture>/rundir/RESTART/sfc_data.tile1.nc b0802baead037efd30f6e37af0c56fa5
<tmpdir_from_fixture>/rundir/RESTART/sfc_data.tile2.nc 1dccb88d6974aa622a664598fa9c3525
<tmpdir_from_fixture>/rundir/RESTART/sfc_data.tile3.nc 994911b5950c004b1b728683641ec970
<tmpdir_from_fixture>/rundir/RESTART/sfc_data.tile4.nc c6f8b3e20d4ab59cdef5345ea91df7ca
<tmpdir_from_fixture>/rundir/RESTART/sfc_data.tile5.nc f8fa244da4d9c3bdca68393c3cffe2f8
<tmpdir_from_fixture>/rundir/RESTART/sfc_data.tile6.nc 3bd2790192ec41faf5592e60d9ad4753
