<tmpdir_from_fixture>/rundir/atmos_15min_coarse_ave.tile1.nc 1c9cb9162d9d548ce2c3dffd8f40f095
<tmpdir_from_fixture>/rundir/atmos_15min_coarse_ave.tile2.nc 62f41e389d61c9a0d7e63f134551c138
<tmpdir_from_fixture>/rundir/atmos_15min_coarse_ave.tile3.nc a0b6e0f58017086ba63e31326b2d191b
<tmpdir_from_fixture>/rundir/atmos_15min_coarse_ave.tile4.nc 2973fe240d89ba281375ab46176e4245
<tmpdir_from_fixture>/rundir/atmos_15min_coarse_ave.tile5.nc 311fe7ea21bad20ff49b1dac3dffe4d2
<tmpdir_from_fixture>/rundir/atmos_15min_coarse_ave.tile6.nc 485cb6e5a3e7f62a00050caccd38e2b7
<tmpdir_from_fixture>/rundir/atmos_15min_coarse_inst.tile1.nc 6db06fae894e489cee0ff7cca9b8c8c4
<tmpdir_from_fixture>/rundir/atmos_15min_coarse_inst.tile2.nc 69808098a368ffac2fc43e219410edc8
<tmpdir_from_fixture>/rundir/atmos_15min_coarse_inst.tile3.nc 09ee5de47a8e188fa6f65b0a7788e43b
<tmpdir_from_fixture>/rundir/atmos_15min_coarse_inst.tile4.nc e0172894cfd45141ab4fb75dac12f5f4
<tmpdir_from_fixture>/rundir/atmos_15min_coarse_inst.tile5.nc ef97f964029d3f7d275108ca956413e1
<tmpdir_from_fixture>/rundir/atmos_15min_coarse_inst.tile6.nc 071334b22761bd019eb43f0559c7d695
<tmpdir_from_fixture>/rundir/atmos_static.tile1.nc 02d15d9267fa103e84738edffa9866d3
<tmpdir_from_fixture>/rundir/atmos_static.tile2.nc c2fc59e035e9384bdc41e6321d695a79
<tmpdir_from_fixture>/rundir/atmos_static.tile3.nc 562421f0765261b4f759f9300d61f30b
<tmpdir_from_fixture>/rundir/atmos_static.tile4.nc 014fdfc028836a943cb9069b6d226bf5
<tmpdir_from_fixture>/rundir/atmos_static.tile5.nc 65dd53f207f0391a2a318ac96d7ccfa5
<tmpdir_from_fixture>/rundir/atmos_static.tile6.nc d39cfd55b5be5e8c950bab64749d79a8
<tmpdir_from_fixture>/rundir/gfsphysics_15min_coarse.tile1.nc 65676abf5b981375ff769a421b200d5b
<tmpdir_from_fixture>/rundir/gfsphysics_15min_coarse.tile2.nc c21ff52e7a2b24d197dff8fb8abb4ab2
<tmpdir_from_fixture>/rundir/gfsphysics_15min_coarse.tile3.nc 09bed10909466db6c9b85db482cfd0e1
<tmpdir_from_fixture>/rundir/gfsphysics_15min_coarse.tile4.nc 7f2e874bc8bf87ee32ee918a2644ab7f
<tmpdir_from_fixture>/rundir/gfsphysics_15min_coarse.tile5.nc 597843cc73f03d2a5f1be48c715e2ccb
<tmpdir_from_fixture>/rundir/gfsphysics_15min_coarse.tile6.nc cfab3976587996e5b9ac8778ff195a3f
<tmpdir_from_fixture>/rundir/grid_spec.tile1.nc ff21424c8518188b25ba52f1f1f08027
<tmpdir_from_fixture>/rundir/grid_spec.tile2.nc f99c56d3af823106c225cd93b1021d8c
<tmpdir_from_fixture>/rundir/grid_spec.tile3.nc d18c88658b39ba4ff3eb691cdc2dcb47
<tmpdir_from_fixture>/rundir/grid_spec.tile4.nc 79240169eff96fd3b7f33973be44871c
<tmpdir_from_fixture>/rundir/grid_spec.tile5.nc 7b6895f7b28eba732e3bd7571b8a2fb7
<tmpdir_from_fixture>/rundir/grid_spec.tile6.nc 762e939da8419ed825be3e205798c857
<tmpdir_from_fixture>/rundir/grid_spec_coarse.tile1.nc aaa42b7fdc929791a48b7cfd04c5d1e5
<tmpdir_from_fixture>/rundir/grid_spec_coarse.tile2.nc cdad4a8bc618336ea2d949bccc0c3dfe
<tmpdir_from_fixture>/rundir/grid_spec_coarse.tile3.nc 4e0db701a6a7f9568e21c6e8bee46fad
<tmpdir_from_fixture>/rundir/grid_spec_coarse.tile4.nc a282c8d58dee94614bd984fc6e40886a
<tmpdir_from_fixture>/rundir/grid_spec_coarse.tile5.nc 6c9b42862c461e592cb6e43bddb27410
<tmpdir_from_fixture>/rundir/grid_spec_coarse.tile6.nc 88ed5a248fecdd07b71a70c5263304da
<tmpdir_from_fixture>/rundir/physics_tendencies_15min_coarse.tile1.nc d5008f66959ef38024c34ad748e713e6
<tmpdir_from_fixture>/rundir/physics_tendencies_15min_coarse.tile2.nc 2cd1023c3e4268436342780a13310ae6
<tmpdir_from_fixture>/rundir/physics_tendencies_15min_coarse.tile3.nc 87ad08a93a9246a94225cb041baecb85
<tmpdir_from_fixture>/rundir/physics_tendencies_15min_coarse.tile4.nc 8957fd8df0ccbef98add28dca01bbedc
<tmpdir_from_fixture>/rundir/physics_tendencies_15min_coarse.tile5.nc 7319f31a9d15246d30514faf41537465
<tmpdir_from_fixture>/rundir/physics_tendencies_15min_coarse.tile6.nc 7e03d3912450b14f541bc06ae80f2215
<tmpdir_from_fixture>/rundir/sfc_dt_atmos_diag_manager_controlled_coarse.tile1.nc ace821d9cefb65601fab2ccdf62b2543
<tmpdir_from_fixture>/rundir/sfc_dt_atmos_diag_manager_controlled_coarse.tile2.nc 813a5495e3e2e12c651630877e188e0f
<tmpdir_from_fixture>/rundir/sfc_dt_atmos_diag_manager_controlled_coarse.tile3.nc e7ff99651307bca58b2fc0b283a9a7c6
<tmpdir_from_fixture>/rundir/sfc_dt_atmos_diag_manager_controlled_coarse.tile4.nc e8df808660c07d701de960aae0796a14
<tmpdir_from_fixture>/rundir/sfc_dt_atmos_diag_manager_controlled_coarse.tile5.nc 336bd92e8c7090f1db275211d8e4a8a3
<tmpdir_from_fixture>/rundir/sfc_dt_atmos_diag_manager_controlled_coarse.tile6.nc accb592e5087c87581cd8723a49a2dfe
<tmpdir_from_fixture>/rundir/RESTART/20160801.001500.fv_core_coarse.res.tile1.nc 7de7c73980a1a99f4a3c94bded1e0eb8
<tmpdir_from_fixture>/rundir/RESTART/20160801.001500.fv_core_coarse.res.tile2.nc b27b7dfe6b48f9aee4e9a81cdf264e71
<tmpdir_from_fixture>/rundir/RESTART/20160801.001500.fv_core_coarse.res.tile3.nc c565e33fff505702618199c9c01a99d7
<tmpdir_from_fixture>/rundir/RESTART/20160801.001500.fv_core_coarse.res.tile4.nc 68f00298a9907d7f24c93bdcfd6b2608
<tmpdir_from_fixture>/rundir/RESTART/20160801.001500.fv_core_coarse.res.tile5.nc 6df2e30d55b3799ea57db178de963a7c
<tmpdir_from_fixture>/rundir/RESTART/20160801.001500.fv_core_coarse.res.tile6.nc 4e35f8e5c414e7c2f770d6d162ed597b
<tmpdir_from_fixture>/rundir/RESTART/20160801.001500.fv_srf_wnd_coarse.res.tile1.nc 00f80a5dfd3a0d0832ce5f81e65f2e80
<tmpdir_from_fixture>/rundir/RESTART/20160801.001500.fv_srf_wnd_coarse.res.tile2.nc abbd076d624df69f8cfd204699125d15
<tmpdir_from_fixture>/rundir/RESTART/20160801.001500.fv_srf_wnd_coarse.res.tile3.nc b8c3f3404088877dbf7928255befe55f
<tmpdir_from_fixture>/rundir/RESTART/20160801.001500.fv_srf_wnd_coarse.res.tile4.nc 46f5931cf5f5d64db87e5dc201973114
<tmpdir_from_fixture>/rundir/RESTART/20160801.001500.fv_srf_wnd_coarse.res.tile5.nc c4bf9e3bfda28e8fbb4fb0c4eb332bbe
<tmpdir_from_fixture>/rundir/RESTART/20160801.001500.fv_srf_wnd_coarse.res.tile6.nc 1cc71b24d20cfc06e46a39728cee1092
<tmpdir_from_fixture>/rundir/RESTART/20160801.001500.fv_tracer_coarse.res.tile1.nc 5ba085be8143ff09fe46e84cd93e4c89
<tmpdir_from_fixture>/rundir/RESTART/20160801.001500.fv_tracer_coarse.res.tile2.nc 245df4a08000a571448e0a565265cabd
<tmpdir_from_fixture>/rundir/RESTART/20160801.001500.fv_tracer_coarse.res.tile3.nc 3f28f30981a727885d39078d38f11151
<tmpdir_from_fixture>/rundir/RESTART/20160801.001500.fv_tracer_coarse.res.tile4.nc 3de312c29e837c512b95807b430431b4
<tmpdir_from_fixture>/rundir/RESTART/20160801.001500.fv_tracer_coarse.res.tile5.nc e37d17b2fcd2c5b5b3525dd90b68b57e
<tmpdir_from_fixture>/rundir/RESTART/20160801.001500.fv_tracer_coarse.res.tile6.nc 58937ab9aac20e72bfc9441c008e2168
<tmpdir_from_fixture>/rundir/RESTART/20160801.001500.sfc_data_coarse.tile1.nc 8cea135d3d101edd055334ea370bbc18
<tmpdir_from_fixture>/rundir/RESTART/20160801.001500.sfc_data_coarse.tile2.nc 8037b458755634ac5e12c7d6e260b218
<tmpdir_from_fixture>/rundir/RESTART/20160801.001500.sfc_data_coarse.tile3.nc a40c682ea9847ab1062abdca7bea77e3
<tmpdir_from_fixture>/rundir/RESTART/20160801.001500.sfc_data_coarse.tile4.nc 8dc2a5f50beeea78ea3880519e24d6ae
<tmpdir_from_fixture>/rundir/RESTART/20160801.001500.sfc_data_coarse.tile5.nc b90c386b67d456723bdc7964f4a9f221
<tmpdir_from_fixture>/rundir/RESTART/20160801.001500.sfc_data_coarse.tile6.nc f5b84650b82d62edf336c6f2e6cc8e96
<tmpdir_from_fixture>/rundir/RESTART/fv_core.res.nc 03f92921ec61bc2e8650bcc3b1cc3971
<tmpdir_from_fixture>/rundir/RESTART/fv_core.res.tile1.nc 932dddd6432d9534577a350c5a7d58e1
<tmpdir_from_fixture>/rundir/RESTART/fv_core.res.tile2.nc 79240960f6b7fcec31d10a2b34fc1506
<tmpdir_from_fixture>/rundir/RESTART/fv_core.res.tile3.nc c476ea2b43659641894d7cd1942c8d12
<tmpdir_from_fixture>/rundir/RESTART/fv_core.res.tile4.nc 9cb10e3c5d5f2c38b8dfacaae68ab0b8
<tmpdir_from_fixture>/rundir/RESTART/fv_core.res.tile5.nc 18c55727fb061b6cf562ee0e5cdfe684
<tmpdir_from_fixture>/rundir/RESTART/fv_core.res.tile6.nc 749220b301a5336f99febceed3aaeede
<tmpdir_from_fixture>/rundir/RESTART/fv_core_coarse.res.tile1.nc d5064a1331606a84ef0d12774fb8312c
<tmpdir_from_fixture>/rundir/RESTART/fv_core_coarse.res.tile2.nc 6ed2aa1878b7d19f55be0c1b5c6ab3b5
<tmpdir_from_fixture>/rundir/RESTART/fv_core_coarse.res.tile3.nc c0d268811c142289c7298a7515930c16
<tmpdir_from_fixture>/rundir/RESTART/fv_core_coarse.res.tile4.nc a95384745e6401bd430624528752ec4a
<tmpdir_from_fixture>/rundir/RESTART/fv_core_coarse.res.tile5.nc d624f3c60d6781f951ce0c038005cfa7
<tmpdir_from_fixture>/rundir/RESTART/fv_core_coarse.res.tile6.nc 823753b7d784f51c4de289d0944c89e9
<tmpdir_from_fixture>/rundir/RESTART/fv_srf_wnd.res.tile1.nc 5eba30cf31081fd0671d13f71bebd6ca
<tmpdir_from_fixture>/rundir/RESTART/fv_srf_wnd.res.tile2.nc f4e35890a636a90ec6b8d1c57257024d
<tmpdir_from_fixture>/rundir/RESTART/fv_srf_wnd.res.tile3.nc f8b538487a5c1962b6bfc9719e671bee
<tmpdir_from_fixture>/rundir/RESTART/fv_srf_wnd.res.tile4.nc dedb3fc1f9a41b4b200f963bdf450a26
<tmpdir_from_fixture>/rundir/RESTART/fv_srf_wnd.res.tile5.nc 5b005dc7dc9d72ed8820cbb62b46491b
<tmpdir_from_fixture>/rundir/RESTART/fv_srf_wnd.res.tile6.nc b5cdd5b15491a19a2f7d13444e9fd211
<tmpdir_from_fixture>/rundir/RESTART/fv_srf_wnd_coarse.res.tile1.nc 06a7087a12e6b849c89b80a755bde1c7
<tmpdir_from_fixture>/rundir/RESTART/fv_srf_wnd_coarse.res.tile2.nc 61d64f73000210a2139b19fd5f7d8a58
<tmpdir_from_fixture>/rundir/RESTART/fv_srf_wnd_coarse.res.tile3.nc f959c19f0df20dd3fc395c60358557a0
<tmpdir_from_fixture>/rundir/RESTART/fv_srf_wnd_coarse.res.tile4.nc 507edfff4ce58840f11988467a8a3dc4
<tmpdir_from_fixture>/rundir/RESTART/fv_srf_wnd_coarse.res.tile5.nc 0fac62edd7b6fa79f0b801be675ec3f5
<tmpdir_from_fixture>/rundir/RESTART/fv_srf_wnd_coarse.res.tile6.nc 08dd8204296cf4c9a91083bf09d3b8b1
<tmpdir_from_fixture>/rundir/RESTART/fv_tracer.res.tile1.nc 83ee3e6667fb13855c526687e8cab7d7
<tmpdir_from_fixture>/rundir/RESTART/fv_tracer.res.tile2.nc 231ad75b03773cc044d7e36e56b4691f
<tmpdir_from_fixture>/rundir/RESTART/fv_tracer.res.tile3.nc c20780ff31bd46217bac59d0bc8697f0
<tmpdir_from_fixture>/rundir/RESTART/fv_tracer.res.tile4.nc 6de8634812183b0126028155687b4520
<tmpdir_from_fixture>/rundir/RESTART/fv_tracer.res.tile5.nc 5eccffa5ee92ba0cb981654e447ef188
<tmpdir_from_fixture>/rundir/RESTART/fv_tracer.res.tile6.nc 53a41ed2076e2d5677bf9b75781db75b
<tmpdir_from_fixture>/rundir/RESTART/fv_tracer_coarse.res.tile1.nc 748e2bd64c1b0f34ddbdbce51330048e
<tmpdir_from_fixture>/rundir/RESTART/fv_tracer_coarse.res.tile2.nc 363ee949a01bc31d25cd537549168343
<tmpdir_from_fixture>/rundir/RESTART/fv_tracer_coarse.res.tile3.nc 6cb03141cff7a13d3544a937cb47ef07
<tmpdir_from_fixture>/rundir/RESTART/fv_tracer_coarse.res.tile4.nc 157f2a71cde5d187182d47bb61268c02
<tmpdir_from_fixture>/rundir/RESTART/fv_tracer_coarse.res.tile5.nc c8dc1f53b5a9bbee5d08faceca8c261f
<tmpdir_from_fixture>/rundir/RESTART/fv_tracer_coarse.res.tile6.nc 0baec127f0d56c9d4b3d78d7e0e600fa
<tmpdir_from_fixture>/rundir/RESTART/phy_data.tile1.nc fb88bfd101012d8b1d00c14c1a22351e
<tmpdir_from_fixture>/rundir/RESTART/phy_data.tile2.nc cf136172bcb639092a922e7f50adf1ad
<tmpdir_from_fixture>/rundir/RESTART/phy_data.tile3.nc 340a36a988201cc3db4d12a0f5062dad
<tmpdir_from_fixture>/rundir/RESTART/phy_data.tile4.nc 7d3d8a6c10dd385c65af2b5ff914c24b
<tmpdir_from_fixture>/rundir/RESTART/phy_data.tile5.nc 1d0ef27b83773c311fe92b59d02b64fc
<tmpdir_from_fixture>/rundir/RESTART/phy_data.tile6.nc 8dcb5440277f5d5b86b2b093789dcb3a
<tmpdir_from_fixture>/rundir/RESTART/sfc_data.tile1.nc a7fd56ec1d6882b6ffe420fa275a9279
<tmpdir_from_fixture>/rundir/RESTART/sfc_data.tile2.nc 7e8dc3fe369b941e8ff5665a87d78135
<tmpdir_from_fixture>/rundir/RESTART/sfc_data.tile3.nc 2394fb492835327307a7c30863260da5
<tmpdir_from_fixture>/rundir/RESTART/sfc_data.tile4.nc 1d04a24e699dba1d0a5e20eada885dc8
<tmpdir_from_fixture>/rundir/RESTART/sfc_data.tile5.nc 157d2db14b61d9265b4537f8321a838c
<tmpdir_from_fixture>/rundir/RESTART/sfc_data.tile6.nc bd5df1f67fd361318bf3bf74436dd009
<tmpdir_from_fixture>/rundir/RESTART/sfc_data_coarse.tile1.nc b42dd7f14e30bffaf8461e530f4c8d53
<tmpdir_from_fixture>/rundir/RESTART/sfc_data_coarse.tile2.nc a88955af2fd41f2f68b59eeea1429880
<tmpdir_from_fixture>/rundir/RESTART/sfc_data_coarse.tile3.nc fd9ca0080189d8abcd485f1a52563fc2
<tmpdir_from_fixture>/rundir/RESTART/sfc_data_coarse.tile4.nc fba51b578356acf8de3bb0650b562e69
<tmpdir_from_fixture>/rundir/RESTART/sfc_data_coarse.tile5.nc 6583eba97c2ee85984012c523748b829
<tmpdir_from_fixture>/rundir/RESTART/sfc_data_coarse.tile6.nc d349d315bcac5d11e0dc755a51056eb3
