<tmpdir_from_fixture>/rundir/atmos_8xdaily.tile1.nc 2d85da76838e2824a6cb347127454bf8
<tmpdir_from_fixture>/rundir/atmos_8xdaily.tile2.nc 737e95c8ab5c48574889ef4b161767ea
<tmpdir_from_fixture>/rundir/atmos_8xdaily.tile3.nc 80728c0f058e2627809f9755cee57ef7
<tmpdir_from_fixture>/rundir/atmos_8xdaily.tile4.nc b415bb5639246bbb57b973dfdf6ffd03
<tmpdir_from_fixture>/rundir/atmos_8xdaily.tile5.nc a5a8a20c6b7314534c150caf83e801f2
<tmpdir_from_fixture>/rundir/atmos_8xdaily.tile6.nc 695a54a3c14599304f8511ebaf232644
<tmpdir_from_fixture>/rundir/atmos_dt_atmos.tile1.nc 965b9bd2ad0f5fd9d0ce2ccc4ac27744
<tmpdir_from_fixture>/rundir/atmos_dt_atmos.tile2.nc 1de83e5b1b2e90f4a8342ded23b92635
<tmpdir_from_fixture>/rundir/atmos_dt_atmos.tile3.nc 2ac5de680a4a26687608be29655bf607
<tmpdir_from_fixture>/rundir/atmos_dt_atmos.tile4.nc d98ffbf9a683c841bffcd4a8bbad08da
<tmpdir_from_fixture>/rundir/atmos_dt_atmos.tile5.nc 90291f3b697ad89105528538a8a3b739
<tmpdir_from_fixture>/rundir/atmos_dt_atmos.tile6.nc 2a1947f56301d588d774c42b6a58cab4
<tmpdir_from_fixture>/rundir/atmos_static.tile1.nc 896dd75cd0b3d38b8db0ecf0c1902453
<tmpdir_from_fixture>/rundir/atmos_static.tile2.nc 3556f836cb116e39b5a5e3da21474f54
<tmpdir_from_fixture>/rundir/atmos_static.tile3.nc 2a0d81c2221eea84839605975c713bef
<tmpdir_from_fixture>/rundir/atmos_static.tile4.nc c7f19b5b7d4bc3297e844e171d4ba6d8
<tmpdir_from_fixture>/rundir/atmos_static.tile5.nc fa9b20e04e4bacfe1f23dd8e6583988e
<tmpdir_from_fixture>/rundir/atmos_static.tile6.nc 06d11cda82c6235d7a77dc75ddb05357
<tmpdir_from_fixture>/rundir/sfc_dt_atmos.tile1.nc 9b002861df6fc1ea83ab9ce2e734e37e
<tmpdir_from_fixture>/rundir/sfc_dt_atmos.tile2.nc b639df403ce849c4f140b31a72ca5334
<tmpdir_from_fixture>/rundir/sfc_dt_atmos.tile3.nc d56776ff19421d50a83973bb092c5658
<tmpdir_from_fixture>/rundir/sfc_dt_atmos.tile4.nc 05dbcba37323d25663a8cf83a241dddd
<tmpdir_from_fixture>/rundir/sfc_dt_atmos.tile5.nc c56f8214f5a955320edb6fbc9270d3c2
<tmpdir_from_fixture>/rundir/sfc_dt_atmos.tile6.nc 05f72aef7accba43c5d6f600516bd9d9
<tmpdir_from_fixture>/rundir/RESTART/fv_core.res.nc 03f92921ec61bc2e8650bcc3b1cc3971
<tmpdir_from_fixture>/rundir/RESTART/fv_core.res.tile1.nc 82df25235c7d2fb939b3443406e72c7a
<tmpdir_from_fixture>/rundir/RESTART/fv_core.res.tile2.nc f768772677944ae9c71d4272df7cdbc4
<tmpdir_from_fixture>/rundir/RESTART/fv_core.res.tile3.nc 3e5a9cf68f80da3576470e1e5261e536
<tmpdir_from_fixture>/rundir/RESTART/fv_core.res.tile4.nc c9ce070dc65951cb8993749d21062334
<tmpdir_from_fixture>/rundir/RESTART/fv_core.res.tile5.nc 96490794bf384ddaefd0dd763a8bf82d
<tmpdir_from_fixture>/rundir/RESTART/fv_core.res.tile6.nc 244597b6bc538e41f077b8e571549dcb
<tmpdir_from_fixture>/rundir/RESTART/fv_srf_wnd.res.tile1.nc 9ab7f7de7242fe02a71b0876aa907d0a
<tmpdir_from_fixture>/rundir/RESTART/fv_srf_wnd.res.tile2.nc df6a7d6a71e7a605260a2ca5472a5e2d
<tmpdir_from_fixture>/rundir/RESTART/fv_srf_wnd.res.tile3.nc 4389b448205eb116385ace545fc93ab0
<tmpdir_from_fixture>/rundir/RESTART/fv_srf_wnd.res.tile4.nc 7a5c6e1dbee31e2acb24514380b637ae
<tmpdir_from_fixture>/rundir/RESTART/fv_srf_wnd.res.tile5.nc 223dd803e9d488135b00f5c8127d9f9d
<tmpdir_from_fixture>/rundir/RESTART/fv_srf_wnd.res.tile6.nc ba0b3a5d26b4c41d4b512e56d42e0ba6
<tmpdir_from_fixture>/rundir/RESTART/fv_tracer.res.tile1.nc e0e2b372cbd30c6ce925da9921a64c82
<tmpdir_from_fixture>/rundir/RESTART/fv_tracer.res.tile2.nc f418087e312cf889d985d35b02009b6f
<tmpdir_from_fixture>/rundir/RESTART/fv_tracer.res.tile3.nc 1433da4c0e0e88ef2342c85d2e9ada3d
<tmpdir_from_fixture>/rundir/RESTART/fv_tracer.res.tile4.nc 64b6663947f6d705fa804f7f665a7df3
<tmpdir_from_fixture>/rundir/RESTART/fv_tracer.res.tile5.nc a9e247da81837bc9343b1dfb8aed323c
<tmpdir_from_fixture>/rundir/RESTART/fv_tracer.res.tile6.nc 738820d22ffb1fdf9dd59f90a9670704
<tmpdir_from_fixture>/rundir/RESTART/phy_data.tile1.nc 87b4ec63d18129e643dc5cca2dd15a88
<tmpdir_from_fixture>/rundir/RESTART/phy_data.tile2.nc 4f070c75c336127da8e6284a85146624
<tmpdir_from_fixture>/rundir/RESTART/phy_data.tile3.nc cde6f013f5c20454c7d84c5576447edd
<tmpdir_from_fixture>/rundir/RESTART/phy_data.tile4.nc ea3b47338f2f59ff40a02f1b361021f8
<tmpdir_from_fixture>/rundir/RESTART/phy_data.tile5.nc 08ee60223080f34b73002f305e36817a
<tmpdir_from_fixture>/rundir/RESTART/phy_data.tile6.nc 2f5189c058d238a5b09c997c11d91cc4
<tmpdir_from_fixture>/rundir/RESTART/sfc_data.tile1.nc 00d8bf6e34694846efce383dada65019
<tmpdir_from_fixture>/rundir/RESTART/sfc_data.tile2.nc fa26cb01784d80294c042943305052cb
<tmpdir_from_fixture>/rundir/RESTART/sfc_data.tile3.nc 14e30a2f03388f8d9cb0db88f257e7d3
<tmpdir_from_fixture>/rundir/RESTART/sfc_data.tile4.nc cc23ceb9515f0a7d67577ca2327a1a8d
<tmpdir_from_fixture>/rundir/RESTART/sfc_data.tile5.nc c5aec7bef390a1365857d7933d5dd272
<tmpdir_from_fixture>/rundir/RESTART/sfc_data.tile6.nc 1011359359eab79f7654cde205591a56
