<tmpdir_from_fixture>/rundir/atmos_8xdaily.tile1.nc 2d85da76838e2824a6cb347127454bf8
<tmpdir_from_fixture>/rundir/atmos_8xdaily.tile2.nc 737e95c8ab5c48574889ef4b161767ea
<tmpdir_from_fixture>/rundir/atmos_8xdaily.tile3.nc 80728c0f058e2627809f9755cee57ef7
<tmpdir_from_fixture>/rundir/atmos_8xdaily.tile4.nc a24f8e99e15f7d9c1796f9014fae1aba
<tmpdir_from_fixture>/rundir/atmos_8xdaily.tile5.nc 33eda74f526acf6c0ca3378569958ffc
<tmpdir_from_fixture>/rundir/atmos_8xdaily.tile6.nc 695a54a3c14599304f8511ebaf232644
<tmpdir_from_fixture>/rundir/atmos_dt_atmos.tile1.nc 2c76bae54ddc0e8acd545c82842e84ba
<tmpdir_from_fixture>/rundir/atmos_dt_atmos.tile2.nc 571ccf4f4360885e3af2568f46bf75c8
<tmpdir_from_fixture>/rundir/atmos_dt_atmos.tile3.nc 05c9d7df2fae3024d1a28a747ddab517
<tmpdir_from_fixture>/rundir/atmos_dt_atmos.tile4.nc 9422ed1713c8baff7cdf76ccb1628760
<tmpdir_from_fixture>/rundir/atmos_dt_atmos.tile5.nc 8223da333eb461bb2cdccff8fe0aff01
<tmpdir_from_fixture>/rundir/atmos_dt_atmos.tile6.nc 0603274fdde1c0b4943596a87f169e8c
<tmpdir_from_fixture>/rundir/atmos_static.tile1.nc 896dd75cd0b3d38b8db0ecf0c1902453
<tmpdir_from_fixture>/rundir/atmos_static.tile2.nc 3556f836cb116e39b5a5e3da21474f54
<tmpdir_from_fixture>/rundir/atmos_static.tile3.nc 2a0d81c2221eea84839605975c713bef
<tmpdir_from_fixture>/rundir/atmos_static.tile4.nc c7f19b5b7d4bc3297e844e171d4ba6d8
<tmpdir_from_fixture>/rundir/atmos_static.tile5.nc fa9b20e04e4bacfe1f23dd8e6583988e
<tmpdir_from_fixture>/rundir/atmos_static.tile6.nc 06d11cda82c6235d7a77dc75ddb05357
<tmpdir_from_fixture>/rundir/sfc_dt_atmos.tile1.nc c59ad7ffa57eba60c4f1043ef5b6e8bf
<tmpdir_from_fixture>/rundir/sfc_dt_atmos.tile2.nc 14391b482d462ef1083a539e628b795d
<tmpdir_from_fixture>/rundir/sfc_dt_atmos.tile3.nc b7ee549b96b43265d928b308fef028d0
<tmpdir_from_fixture>/rundir/sfc_dt_atmos.tile4.nc 4e472aba3213d0bfbf975d3c071b7e36
<tmpdir_from_fixture>/rundir/sfc_dt_atmos.tile5.nc 0367631960506272b788d04d30c90104
<tmpdir_from_fixture>/rundir/sfc_dt_atmos.tile6.nc f99e3c92983f8001b2671edfed4614d3
<tmpdir_from_fixture>/rundir/RESTART/fv_core.res.nc 03f92921ec61bc2e8650bcc3b1cc3971
<tmpdir_from_fixture>/rundir/RESTART/fv_core.res.tile1.nc 193d8f77fa469caf16a717539068c289
<tmpdir_from_fixture>/rundir/RESTART/fv_core.res.tile2.nc 8a64186e78db633bac09cdec24e4b03b
<tmpdir_from_fixture>/rundir/RESTART/fv_core.res.tile3.nc a2211a763ca85c662a0058d49a0037ad
<tmpdir_from_fixture>/rundir/RESTART/fv_core.res.tile4.nc 287f65d8e10ec570a8effbf06f195b4b
<tmpdir_from_fixture>/rundir/RESTART/fv_core.res.tile5.nc 49e3eaad7bf1288ec65a5966373a355d
<tmpdir_from_fixture>/rundir/RESTART/fv_core.res.tile6.nc 3aa248ebe783288fe4e624eaddf9edfa
<tmpdir_from_fixture>/rundir/RESTART/fv_srf_wnd.res.tile1.nc 0eee723cefe60aac6bf81badc0226583
<tmpdir_from_fixture>/rundir/RESTART/fv_srf_wnd.res.tile2.nc 282f984328f815f2ba6eb81d7829dce1
<tmpdir_from_fixture>/rundir/RESTART/fv_srf_wnd.res.tile3.nc e6fcd6cd12894208ae4116bee08bc1ee
<tmpdir_from_fixture>/rundir/RESTART/fv_srf_wnd.res.tile4.nc 73171a4e00898a2cd5d611b89a5c7ddf
<tmpdir_from_fixture>/rundir/RESTART/fv_srf_wnd.res.tile5.nc ba9b860905a32bb94f8005ee81858ede
<tmpdir_from_fixture>/rundir/RESTART/fv_srf_wnd.res.tile6.nc 36085a6443a86ff0eed59cd2bdb5a1ec
<tmpdir_from_fixture>/rundir/RESTART/fv_tracer.res.tile1.nc 9676e8804569a687ce4f08a55ad5ff8a
<tmpdir_from_fixture>/rundir/RESTART/fv_tracer.res.tile2.nc a6d74f8d0bd9922b10ea27c2506772ce
<tmpdir_from_fixture>/rundir/RESTART/fv_tracer.res.tile3.nc cd664eabe346e4ba546b863871547813
<tmpdir_from_fixture>/rundir/RESTART/fv_tracer.res.tile4.nc 81211879528a88271467dd62b2e3fb06
<tmpdir_from_fixture>/rundir/RESTART/fv_tracer.res.tile5.nc e7911105a351b76f9b8e8186e5fa0fd9
<tmpdir_from_fixture>/rundir/RESTART/fv_tracer.res.tile6.nc 5e0669099cc44832669697ef5e7d54db
<tmpdir_from_fixture>/rundir/RESTART/phy_data.tile1.nc de4ec1284b8decaed22e4036a06b2b12
<tmpdir_from_fixture>/rundir/RESTART/phy_data.tile2.nc d07c4b00023d5ddfbceb79a2b1184a2a
<tmpdir_from_fixture>/rundir/RESTART/phy_data.tile3.nc f1b9c173c58b2c339e2af1081a7e135f
<tmpdir_from_fixture>/rundir/RESTART/phy_data.tile4.nc 7ad1290302ba1c299c23c5254eac9577
<tmpdir_from_fixture>/rundir/RESTART/phy_data.tile5.nc 0fcba829deedb36fa08d33cc5e8a56da
<tmpdir_from_fixture>/rundir/RESTART/phy_data.tile6.nc a4ad1cb4111ffecc5d8689a428f8cfb2
<tmpdir_from_fixture>/rundir/RESTART/sfc_data.tile1.nc d81f3c5eceec68515757f52cfffca8a5
<tmpdir_from_fixture>/rundir/RESTART/sfc_data.tile2.nc a772fae1f9a724eb7838b35576500ecb
<tmpdir_from_fixture>/rundir/RESTART/sfc_data.tile3.nc c7c6c6bc8ed586fd5732b3d9aa3c70bd
<tmpdir_from_fixture>/rundir/RESTART/sfc_data.tile4.nc 17f5bf06e3160a2a8f916ccb6f817325
<tmpdir_from_fixture>/rundir/RESTART/sfc_data.tile5.nc fc7b9c33b0cbe89ecc15428dd00ff628
<tmpdir_from_fixture>/rundir/RESTART/sfc_data.tile6.nc 235e0faa477daf38ee00b02d54f1f45b
