<tmpdir_from_fixture>/rundir/atmos_15min_coarse_ave.tile1.nc 654d66a85d45903be2d159c3594e79bb
<tmpdir_from_fixture>/rundir/atmos_15min_coarse_ave.tile2.nc 68ee9c9673b9acff8c09093a9e522c94
<tmpdir_from_fixture>/rundir/atmos_15min_coarse_ave.tile3.nc 889f8c1aca82a0891d0d2ffade1d58cb
<tmpdir_from_fixture>/rundir/atmos_15min_coarse_ave.tile4.nc 0a66d72f5c6096589362fbbd09846c26
<tmpdir_from_fixture>/rundir/atmos_15min_coarse_ave.tile5.nc e739f4377b46f2ffececf762224da858
<tmpdir_from_fixture>/rundir/atmos_15min_coarse_ave.tile6.nc 64ef3c63e1ce944454d1ba5188a9414e
<tmpdir_from_fixture>/rundir/atmos_15min_coarse_inst.tile1.nc 264d4ceeca37eb0e02893f9ada667eba
<tmpdir_from_fixture>/rundir/atmos_15min_coarse_inst.tile2.nc 68b2e75031147fafaae074ded7791e0b
<tmpdir_from_fixture>/rundir/atmos_15min_coarse_inst.tile3.nc d757762c9f49652e8426730769d84296
<tmpdir_from_fixture>/rundir/atmos_15min_coarse_inst.tile4.nc 1e259fe29d187dd6a600d10d1c5ec578
<tmpdir_from_fixture>/rundir/atmos_15min_coarse_inst.tile5.nc eaee7b5c6dc8a6dadb0e99b22cfa51bb
<tmpdir_from_fixture>/rundir/atmos_15min_coarse_inst.tile6.nc c0e98cddd49619c296fec7685923c423
<tmpdir_from_fixture>/rundir/atmos_static.tile1.nc 673a62d1c00d84df5e1874738113fc27
<tmpdir_from_fixture>/rundir/atmos_static.tile2.nc be2770c51422acf9e49b10b0b236acb1
<tmpdir_from_fixture>/rundir/atmos_static.tile3.nc 91b2667d15b9745b3c0217f7cca2b444
<tmpdir_from_fixture>/rundir/atmos_static.tile4.nc 845c8dee5240304ef6b241b6eae8b536
<tmpdir_from_fixture>/rundir/atmos_static.tile5.nc 3d25eee4c0afe5bd93a0e417f16eb381
<tmpdir_from_fixture>/rundir/atmos_static.tile6.nc 36ea1e2698cef4164507c4684d6a7ecd
<tmpdir_from_fixture>/rundir/gfsphysics_15min_coarse.tile1.nc 6f737d3fe7cc44edc83e582268724893
<tmpdir_from_fixture>/rundir/gfsphysics_15min_coarse.tile2.nc 3ee06d117d7159208e23ae0ee35fc090
<tmpdir_from_fixture>/rundir/gfsphysics_15min_coarse.tile3.nc 5a7946fda5e66c0218b978c248059f47
<tmpdir_from_fixture>/rundir/gfsphysics_15min_coarse.tile4.nc a6e9716598b27b588ad25a1a1fbf7bc0
<tmpdir_from_fixture>/rundir/gfsphysics_15min_coarse.tile5.nc ec9195a96de955b06df15e1cc8094504
<tmpdir_from_fixture>/rundir/gfsphysics_15min_coarse.tile6.nc 308aceadb2aad4222aab37cc15fa9bd1
<tmpdir_from_fixture>/rundir/grid_spec.tile1.nc 97a2cc4fe69e9d63039c7d3df5a91d10
<tmpdir_from_fixture>/rundir/grid_spec.tile2.nc bc5a59b0313f91c93aa59329130fc545
<tmpdir_from_fixture>/rundir/grid_spec.tile3.nc 5d05bbbf2eaa076694103f8050dfd3f3
<tmpdir_from_fixture>/rundir/grid_spec.tile4.nc 0ffcedb4839ab8b7024054e3f32c6415
<tmpdir_from_fixture>/rundir/grid_spec.tile5.nc 972c9afe64597347091743b2a1658458
<tmpdir_from_fixture>/rundir/grid_spec.tile6.nc ee0043d4eba0b01c2dca8fdfcdba1eca
<tmpdir_from_fixture>/rundir/grid_spec_coarse.tile1.nc f68ac9c59297a8b31203d874f53a3df1
<tmpdir_from_fixture>/rundir/grid_spec_coarse.tile2.nc a481d82a080c405fd784987e84adc632
<tmpdir_from_fixture>/rundir/grid_spec_coarse.tile3.nc 13f7ff891b1f6075d35274de8b224103
<tmpdir_from_fixture>/rundir/grid_spec_coarse.tile4.nc f61ea06369bbf4c1c2408b44d32f1628
<tmpdir_from_fixture>/rundir/grid_spec_coarse.tile5.nc c7dab9256dd4270f2d2264fd6b92806c
<tmpdir_from_fixture>/rundir/grid_spec_coarse.tile6.nc 780fb277f7083620e6e1cff700ea2c7b
<tmpdir_from_fixture>/rundir/physics_tendencies_15min_coarse.tile1.nc 2c29195dc20cd8cf49124592ff087214
<tmpdir_from_fixture>/rundir/physics_tendencies_15min_coarse.tile2.nc e2ff9b08c76cbb80991d324d172427b8
<tmpdir_from_fixture>/rundir/physics_tendencies_15min_coarse.tile3.nc 4657ac0d89f4f0bfc39aa01d4216524d
<tmpdir_from_fixture>/rundir/physics_tendencies_15min_coarse.tile4.nc 40dc8495d41d308b9463ae6afcd832e9
<tmpdir_from_fixture>/rundir/physics_tendencies_15min_coarse.tile5.nc 52874de766867e0305f20a7c5aebf93b
<tmpdir_from_fixture>/rundir/physics_tendencies_15min_coarse.tile6.nc 5d5f6c7e13eb24668424f6bca075ced2
<tmpdir_from_fixture>/rundir/sfc_dt_atmos_diag_manager_controlled_coarse.tile1.nc 1a07ca42ffe769590f2705ba2c972020
<tmpdir_from_fixture>/rundir/sfc_dt_atmos_diag_manager_controlled_coarse.tile2.nc ffc704611196e936ab8e5b0167020a40
<tmpdir_from_fixture>/rundir/sfc_dt_atmos_diag_manager_controlled_coarse.tile3.nc a5db68f007eb5a3c718adc8ff8b12408
<tmpdir_from_fixture>/rundir/sfc_dt_atmos_diag_manager_controlled_coarse.tile4.nc eea9b47aba850ca8f981e6b5f65e0b43
<tmpdir_from_fixture>/rundir/sfc_dt_atmos_diag_manager_controlled_coarse.tile5.nc 273cd9169d44f18133c07f13524d6f6b
<tmpdir_from_fixture>/rundir/sfc_dt_atmos_diag_manager_controlled_coarse.tile6.nc 7d0d71024bd12b1aaf393862780aed40
<tmpdir_from_fixture>/rundir/RESTART/20160801.001500.fv_core_coarse.res.tile1.nc f7374b8977590f37e77cf3070df34bff
<tmpdir_from_fixture>/rundir/RESTART/20160801.001500.fv_core_coarse.res.tile2.nc b8f94b90c1587b82f79746e6126b0d57
<tmpdir_from_fixture>/rundir/RESTART/20160801.001500.fv_core_coarse.res.tile3.nc a79482992715d5fbb73197124e0bfffa
<tmpdir_from_fixture>/rundir/RESTART/20160801.001500.fv_core_coarse.res.tile4.nc e88667c0347c1b97f12071c8b894f647
<tmpdir_from_fixture>/rundir/RESTART/20160801.001500.fv_core_coarse.res.tile5.nc 63b8c58edbf8320374149846b90edacf
<tmpdir_from_fixture>/rundir/RESTART/20160801.001500.fv_core_coarse.res.tile6.nc 408dc3526ffa3fee8226fb0e0c1770d8
<tmpdir_from_fixture>/rundir/RESTART/20160801.001500.fv_srf_wnd_coarse.res.tile1.nc 8fb168f7ef31c12e0edcfe913607eac6
<tmpdir_from_fixture>/rundir/RESTART/20160801.001500.fv_srf_wnd_coarse.res.tile2.nc 8d9695430474263a182ba5c1fcb124c8
<tmpdir_from_fixture>/rundir/RESTART/20160801.001500.fv_srf_wnd_coarse.res.tile3.nc b3b217f2fa370e2519e443b7c76debda
<tmpdir_from_fixture>/rundir/RESTART/20160801.001500.fv_srf_wnd_coarse.res.tile4.nc db58fa26d2e4913e894ad8ca80f873a3
<tmpdir_from_fixture>/rundir/RESTART/20160801.001500.fv_srf_wnd_coarse.res.tile5.nc ec84ec13c244812a835eca63dadd237b
<tmpdir_from_fixture>/rundir/RESTART/20160801.001500.fv_srf_wnd_coarse.res.tile6.nc 840045eae6d59afd8d5e040d6ff0bd4e
<tmpdir_from_fixture>/rundir/RESTART/20160801.001500.fv_tracer_coarse.res.tile1.nc c9c99b199e5985f6107baa0acc4c5ea7
<tmpdir_from_fixture>/rundir/RESTART/20160801.001500.fv_tracer_coarse.res.tile2.nc db085b22022b595aa9cf697d402de308
<tmpdir_from_fixture>/rundir/RESTART/20160801.001500.fv_tracer_coarse.res.tile3.nc 1484a6113dd70f3f4293c7d8fe7a441c
<tmpdir_from_fixture>/rundir/RESTART/20160801.001500.fv_tracer_coarse.res.tile4.nc 73df3e4f7de83ddc1f804a83410cab78
<tmpdir_from_fixture>/rundir/RESTART/20160801.001500.fv_tracer_coarse.res.tile5.nc 48b0cc880df474260a7d70863d74bae7
<tmpdir_from_fixture>/rundir/RESTART/20160801.001500.fv_tracer_coarse.res.tile6.nc 6eb17d2aaf56b58e174990e5570b65d4
<tmpdir_from_fixture>/rundir/RESTART/20160801.001500.sfc_data_coarse.tile1.nc e25e7cec4827c2cfb3460d4e254f0958
<tmpdir_from_fixture>/rundir/RESTART/20160801.001500.sfc_data_coarse.tile2.nc af2eb0b4466c46c9650c4dd8b48c6836
<tmpdir_from_fixture>/rundir/RESTART/20160801.001500.sfc_data_coarse.tile3.nc c44e1167dbb94b24dffc7fb92ec828b1
<tmpdir_from_fixture>/rundir/RESTART/20160801.001500.sfc_data_coarse.tile4.nc e5be3eb0c3275df6ffb477144d0f4694
<tmpdir_from_fixture>/rundir/RESTART/20160801.001500.sfc_data_coarse.tile5.nc 40a25f3e90facad259f7388adfcb87b8
<tmpdir_from_fixture>/rundir/RESTART/20160801.001500.sfc_data_coarse.tile6.nc 1687a3266469e5ea372608b2c6509f49
<tmpdir_from_fixture>/rundir/RESTART/fv_core.res.nc 03f92921ec61bc2e8650bcc3b1cc3971
<tmpdir_from_fixture>/rundir/RESTART/fv_core.res.tile1.nc b3115b1764636895e7bc65cd540722f5
<tmpdir_from_fixture>/rundir/RESTART/fv_core.res.tile2.nc ca135c536ae43465aa0a7ba0fbe36d49
<tmpdir_from_fixture>/rundir/RESTART/fv_core.res.tile3.nc a14156736623d6ec5ae4b4ceb0fbaaa0
<tmpdir_from_fixture>/rundir/RESTART/fv_core.res.tile4.nc e3ee9deec08ed08313af20fcde2b8008
<tmpdir_from_fixture>/rundir/RESTART/fv_core.res.tile5.nc 516b687b1f475c7f82621ff197f094b7
<tmpdir_from_fixture>/rundir/RESTART/fv_core.res.tile6.nc 18214b08b606221a75c99de039ab72d4
<tmpdir_from_fixture>/rundir/RESTART/fv_core_coarse.res.tile1.nc fc04970edb34c6e8cd59c7e6d1967ba8
<tmpdir_from_fixture>/rundir/RESTART/fv_core_coarse.res.tile2.nc 7a464b5c93df2c8d97a1f70956da4ecd
<tmpdir_from_fixture>/rundir/RESTART/fv_core_coarse.res.tile3.nc d5002f539fe23e710588c7893187ab3e
<tmpdir_from_fixture>/rundir/RESTART/fv_core_coarse.res.tile4.nc 85274203a863df55d033c54442d8c568
<tmpdir_from_fixture>/rundir/RESTART/fv_core_coarse.res.tile5.nc 6707523879b575faa7a25e1003d9dbc7
<tmpdir_from_fixture>/rundir/RESTART/fv_core_coarse.res.tile6.nc a2562a9b2a3379c3b31b6ac916dce712
<tmpdir_from_fixture>/rundir/RESTART/fv_srf_wnd.res.tile1.nc ae2d59a0537a86f68b7ada984519fbf8
<tmpdir_from_fixture>/rundir/RESTART/fv_srf_wnd.res.tile2.nc 9d116ea268dce494c31fba68eebacbb5
<tmpdir_from_fixture>/rundir/RESTART/fv_srf_wnd.res.tile3.nc 31202a056dc5fd45f98646f2d235441c
<tmpdir_from_fixture>/rundir/RESTART/fv_srf_wnd.res.tile4.nc 686be9f1f8f9b6ce5877b1740afaf8b4
<tmpdir_from_fixture>/rundir/RESTART/fv_srf_wnd.res.tile5.nc a002d710f0ea1436a4fe77ec88e65693
<tmpdir_from_fixture>/rundir/RESTART/fv_srf_wnd.res.tile6.nc 1a8d5b75bc886d780267c2a1b57dab31
<tmpdir_from_fixture>/rundir/RESTART/fv_srf_wnd_coarse.res.tile1.nc dea0648f76ffce9a62ecdd1364576600
<tmpdir_from_fixture>/rundir/RESTART/fv_srf_wnd_coarse.res.tile2.nc 80d23bf3f8254d9d8ca380f40307c484
<tmpdir_from_fixture>/rundir/RESTART/fv_srf_wnd_coarse.res.tile3.nc 52e15a7da151f69384a64ed99caee67b
<tmpdir_from_fixture>/rundir/RESTART/fv_srf_wnd_coarse.res.tile4.nc f5a744dcb94d7181dfe24c922c120831
<tmpdir_from_fixture>/rundir/RESTART/fv_srf_wnd_coarse.res.tile5.nc 63087962b097a892d63046995a823e33
<tmpdir_from_fixture>/rundir/RESTART/fv_srf_wnd_coarse.res.tile6.nc aeb3182369e337b65e6560339dd19f1f
<tmpdir_from_fixture>/rundir/RESTART/fv_tracer.res.tile1.nc 5a9b903167f6d32a822868b5afef1180
<tmpdir_from_fixture>/rundir/RESTART/fv_tracer.res.tile2.nc 3a3218d2b4a75265c6a1ba251fba4663
<tmpdir_from_fixture>/rundir/RESTART/fv_tracer.res.tile3.nc aa512fe2eb96e4cd164d4f56107b2a44
<tmpdir_from_fixture>/rundir/RESTART/fv_tracer.res.tile4.nc 22e7cf8ab2bca34ca44fc98fc18c53de
<tmpdir_from_fixture>/rundir/RESTART/fv_tracer.res.tile5.nc af3abb1bd35ff43214a7a6e1f314b3a6
<tmpdir_from_fixture>/rundir/RESTART/fv_tracer.res.tile6.nc 154e8f425555c057c457ab3ef038a388
<tmpdir_from_fixture>/rundir/RESTART/fv_tracer_coarse.res.tile1.nc d6a86c80d78d5d0ea52aae30428c5d0d
<tmpdir_from_fixture>/rundir/RESTART/fv_tracer_coarse.res.tile2.nc cbf510d328b0f8630049eb3ca398da1d
<tmpdir_from_fixture>/rundir/RESTART/fv_tracer_coarse.res.tile3.nc 8fd2295cb9e1b5a9d7a5e2c54f25f252
<tmpdir_from_fixture>/rundir/RESTART/fv_tracer_coarse.res.tile4.nc 9fcfb9063425d13e0c7e13a346b30835
<tmpdir_from_fixture>/rundir/RESTART/fv_tracer_coarse.res.tile5.nc 324029eae34c6da3dffb01f3b4d5bc1d
<tmpdir_from_fixture>/rundir/RESTART/fv_tracer_coarse.res.tile6.nc b07a34133098f06cb0e2378db5e0200f
<tmpdir_from_fixture>/rundir/RESTART/phy_data.tile1.nc fb88bfd101012d8b1d00c14c1a22351e
<tmpdir_from_fixture>/rundir/RESTART/phy_data.tile2.nc cf136172bcb639092a922e7f50adf1ad
<tmpdir_from_fixture>/rundir/RESTART/phy_data.tile3.nc 340a36a988201cc3db4d12a0f5062dad
<tmpdir_from_fixture>/rundir/RESTART/phy_data.tile4.nc 7d3d8a6c10dd385c65af2b5ff914c24b
<tmpdir_from_fixture>/rundir/RESTART/phy_data.tile5.nc 1d0ef27b83773c311fe92b59d02b64fc
<tmpdir_from_fixture>/rundir/RESTART/phy_data.tile6.nc 8dcb5440277f5d5b86b2b093789dcb3a
<tmpdir_from_fixture>/rundir/RESTART/sfc_data.tile1.nc 4b826c76afd3d391b0ae78a81ed76104
<tmpdir_from_fixture>/rundir/RESTART/sfc_data.tile2.nc 20ec36eb2cd9a2839966b2d2a7653ab7
<tmpdir_from_fixture>/rundir/RESTART/sfc_data.tile3.nc 44e11e635e88e604ada499d6155e6537
<tmpdir_from_fixture>/rundir/RESTART/sfc_data.tile4.nc 8cf7890ff11c022a2c62b74612edd17f
<tmpdir_from_fixture>/rundir/RESTART/sfc_data.tile5.nc 8d49761e5ada028e7dd38fcccf7491bb
<tmpdir_from_fixture>/rundir/RESTART/sfc_data.tile6.nc f110f1c1e8c87710dc25ecc2487bc0ad
<tmpdir_from_fixture>/rundir/RESTART/sfc_data_coarse.tile1.nc be662c4567aa88e40344117406d7d17d
<tmpdir_from_fixture>/rundir/RESTART/sfc_data_coarse.tile2.nc 74105bd9ad6e1edb6090fb2d55b841e6
<tmpdir_from_fixture>/rundir/RESTART/sfc_data_coarse.tile3.nc 49a24b0a433c2a713327fea98183f5c9
<tmpdir_from_fixture>/rundir/RESTART/sfc_data_coarse.tile4.nc a136d89bd520060d4c3b0a1a32663ee5
<tmpdir_from_fixture>/rundir/RESTART/sfc_data_coarse.tile5.nc 09309dad21b41cf37d3dcda9a88afacf
<tmpdir_from_fixture>/rundir/RESTART/sfc_data_coarse.tile6.nc bb4666eaecddc981846909131c4fc6a2
