['air_pressure', 'air_temperature_after_gscond', 'air_temperature_after_last_gscond', 'air_temperature_input', 'cloud_water_mixing_ratio_after_gscond', 'cloud_water_mixing_ratio_input', 'latitude', 'longitude', 'model_time', 'pressure_thickness_of_atmospheric_layer', 'specific_humidity_after_gscond', 'specific_humidity_after_last_gscond', 'specific_humidity_input', 'surface_air_pressure', 'surface_air_pressure_after_last_gscond']
