<tmpdir_from_fixture>/rundir/RESTART/20160801.001500.fv_core_coarse.res.tile1.nc 0c8a979fbb9fcfc0c83c7e087756af1c
<tmpdir_from_fixture>/rundir/RESTART/20160801.001500.fv_core_coarse.res.tile2.nc 43318ee8df72f757033d0060f411fe6c
<tmpdir_from_fixture>/rundir/RESTART/20160801.001500.fv_core_coarse.res.tile3.nc baa5e6972d1f12d21a93e0c7d70f7912
<tmpdir_from_fixture>/rundir/RESTART/20160801.001500.fv_core_coarse.res.tile4.nc c7d355843c1d0fb4e449101fba4c96f3
<tmpdir_from_fixture>/rundir/RESTART/20160801.001500.fv_core_coarse.res.tile5.nc 8e335835a8c34ee69ca85e47b033e0e4
<tmpdir_from_fixture>/rundir/RESTART/20160801.001500.fv_core_coarse.res.tile6.nc 1691d445fd2d85645a2057481205472b
<tmpdir_from_fixture>/rundir/RESTART/20160801.001500.fv_srf_wnd_coarse.res.tile1.nc 8fb168f7ef31c12e0edcfe913607eac6
<tmpdir_from_fixture>/rundir/RESTART/20160801.001500.fv_srf_wnd_coarse.res.tile2.nc 8d9695430474263a182ba5c1fcb124c8
<tmpdir_from_fixture>/rundir/RESTART/20160801.001500.fv_srf_wnd_coarse.res.tile3.nc b3b217f2fa370e2519e443b7c76debda
<tmpdir_from_fixture>/rundir/RESTART/20160801.001500.fv_srf_wnd_coarse.res.tile4.nc db58fa26d2e4913e894ad8ca80f873a3
<tmpdir_from_fixture>/rundir/RESTART/20160801.001500.fv_srf_wnd_coarse.res.tile5.nc ec84ec13c244812a835eca63dadd237b
<tmpdir_from_fixture>/rundir/RESTART/20160801.001500.fv_srf_wnd_coarse.res.tile6.nc 840045eae6d59afd8d5e040d6ff0bd4e
<tmpdir_from_fixture>/rundir/RESTART/20160801.001500.fv_tracer_coarse.res.tile1.nc 347f69c735ce3c963e7baaed3369b6a3
<tmpdir_from_fixture>/rundir/RESTART/20160801.001500.fv_tracer_coarse.res.tile2.nc 1a0e215141f84e9ac687c9cc53ba26ca
<tmpdir_from_fixture>/rundir/RESTART/20160801.001500.fv_tracer_coarse.res.tile3.nc d3a58c0be291fdd09e21486319e61510
<tmpdir_from_fixture>/rundir/RESTART/20160801.001500.fv_tracer_coarse.res.tile4.nc eca749dc00e0fa273c2a4b1f3c822068
<tmpdir_from_fixture>/rundir/RESTART/20160801.001500.fv_tracer_coarse.res.tile5.nc 8a6b5a1043c62b9a4f315e5d5b3ac3f9
<tmpdir_from_fixture>/rundir/RESTART/20160801.001500.fv_tracer_coarse.res.tile6.nc 931e85278d92f05a26ae817691c4ce2d
<tmpdir_from_fixture>/rundir/RESTART/20160801.001500.sfc_data_coarse.tile1.nc 0d09d232398fce828e14a85725e03034
<tmpdir_from_fixture>/rundir/RESTART/20160801.001500.sfc_data_coarse.tile2.nc 32265f909af0ed58cd22063e8c7cc824
<tmpdir_from_fixture>/rundir/RESTART/20160801.001500.sfc_data_coarse.tile3.nc a5a44676420b66f7292350506c301c6e
<tmpdir_from_fixture>/rundir/RESTART/20160801.001500.sfc_data_coarse.tile4.nc 56365bd21f1604538b8a247cdb4e78d2
<tmpdir_from_fixture>/rundir/RESTART/20160801.001500.sfc_data_coarse.tile5.nc 2bff10c2940720163e992b1e8696f271
<tmpdir_from_fixture>/rundir/RESTART/20160801.001500.sfc_data_coarse.tile6.nc 5ffd088b6a9dacaf8d5ad1c810a19cb7
<tmpdir_from_fixture>/rundir/RESTART/fv_core.res.nc 03f92921ec61bc2e8650bcc3b1cc3971
<tmpdir_from_fixture>/rundir/RESTART/fv_core.res.tile1.nc b3115b1764636895e7bc65cd540722f5
<tmpdir_from_fixture>/rundir/RESTART/fv_core.res.tile2.nc ca135c536ae43465aa0a7ba0fbe36d49
<tmpdir_from_fixture>/rundir/RESTART/fv_core.res.tile3.nc a14156736623d6ec5ae4b4ceb0fbaaa0
<tmpdir_from_fixture>/rundir/RESTART/fv_core.res.tile4.nc e3ee9deec08ed08313af20fcde2b8008
<tmpdir_from_fixture>/rundir/RESTART/fv_core.res.tile5.nc 516b687b1f475c7f82621ff197f094b7
<tmpdir_from_fixture>/rundir/RESTART/fv_core.res.tile6.nc 18214b08b606221a75c99de039ab72d4
<tmpdir_from_fixture>/rundir/RESTART/fv_core_coarse.res.tile1.nc 8dc5b7d6f7c8a5635527fb500bf16d57
<tmpdir_from_fixture>/rundir/RESTART/fv_core_coarse.res.tile2.nc 4592e8590712b79cde77e43a7f250f2b
<tmpdir_from_fixture>/rundir/RESTART/fv_core_coarse.res.tile3.nc 020a736498ae119ec2af49aacfc133da
<tmpdir_from_fixture>/rundir/RESTART/fv_core_coarse.res.tile4.nc ff88afa8231ecf94fc67e460c464e6bb
<tmpdir_from_fixture>/rundir/RESTART/fv_core_coarse.res.tile5.nc 3d7379703725a9f9a9cedf28b02b4a5f
<tmpdir_from_fixture>/rundir/RESTART/fv_core_coarse.res.tile6.nc 8b0bbc862a9331911d098edb39f0e735
<tmpdir_from_fixture>/rundir/RESTART/fv_srf_wnd.res.tile1.nc ae2d59a0537a86f68b7ada984519fbf8
<tmpdir_from_fixture>/rundir/RESTART/fv_srf_wnd.res.tile2.nc 9d116ea268dce494c31fba68eebacbb5
<tmpdir_from_fixture>/rundir/RESTART/fv_srf_wnd.res.tile3.nc 31202a056dc5fd45f98646f2d235441c
<tmpdir_from_fixture>/rundir/RESTART/fv_srf_wnd.res.tile4.nc 686be9f1f8f9b6ce5877b1740afaf8b4
<tmpdir_from_fixture>/rundir/RESTART/fv_srf_wnd.res.tile5.nc a002d710f0ea1436a4fe77ec88e65693
<tmpdir_from_fixture>/rundir/RESTART/fv_srf_wnd.res.tile6.nc 1a8d5b75bc886d780267c2a1b57dab31
<tmpdir_from_fixture>/rundir/RESTART/fv_srf_wnd_coarse.res.tile1.nc dea0648f76ffce9a62ecdd1364576600
<tmpdir_from_fixture>/rundir/RESTART/fv_srf_wnd_coarse.res.tile2.nc 80d23bf3f8254d9d8ca380f40307c484
<tmpdir_from_fixture>/rundir/RESTART/fv_srf_wnd_coarse.res.tile3.nc 52e15a7da151f69384a64ed99caee67b
<tmpdir_from_fixture>/rundir/RESTART/fv_srf_wnd_coarse.res.tile4.nc f5a744dcb94d7181dfe24c922c120831
<tmpdir_from_fixture>/rundir/RESTART/fv_srf_wnd_coarse.res.tile5.nc 63087962b097a892d63046995a823e33
<tmpdir_from_fixture>/rundir/RESTART/fv_srf_wnd_coarse.res.tile6.nc aeb3182369e337b65e6560339dd19f1f
<tmpdir_from_fixture>/rundir/RESTART/fv_tracer.res.tile1.nc 5a9b903167f6d32a822868b5afef1180
<tmpdir_from_fixture>/rundir/RESTART/fv_tracer.res.tile2.nc 3a3218d2b4a75265c6a1ba251fba4663
<tmpdir_from_fixture>/rundir/RESTART/fv_tracer.res.tile3.nc aa512fe2eb96e4cd164d4f56107b2a44
<tmpdir_from_fixture>/rundir/RESTART/fv_tracer.res.tile4.nc 22e7cf8ab2bca34ca44fc98fc18c53de
<tmpdir_from_fixture>/rundir/RESTART/fv_tracer.res.tile5.nc af3abb1bd35ff43214a7a6e1f314b3a6
<tmpdir_from_fixture>/rundir/RESTART/fv_tracer.res.tile6.nc 154e8f425555c057c457ab3ef038a388
<tmpdir_from_fixture>/rundir/RESTART/fv_tracer_coarse.res.tile1.nc 21d90ba55e4b01dc135f55797a48db7f
<tmpdir_from_fixture>/rundir/RESTART/fv_tracer_coarse.res.tile2.nc 6a080912bb8d264fe45bddb463451b44
<tmpdir_from_fixture>/rundir/RESTART/fv_tracer_coarse.res.tile3.nc d912bcd1dfc71bc0aa3bb49650700f2a
<tmpdir_from_fixture>/rundir/RESTART/fv_tracer_coarse.res.tile4.nc 4ab563a78404eadbd0180551b0ad354f
<tmpdir_from_fixture>/rundir/RESTART/fv_tracer_coarse.res.tile5.nc cee05a4a13ddbe88948b32de2a1698b4
<tmpdir_from_fixture>/rundir/RESTART/fv_tracer_coarse.res.tile6.nc a50ba76e9cc2d111d8d6e4569ff99af6
<tmpdir_from_fixture>/rundir/RESTART/phy_data.tile1.nc fb88bfd101012d8b1d00c14c1a22351e
<tmpdir_from_fixture>/rundir/RESTART/phy_data.tile2.nc cf136172bcb639092a922e7f50adf1ad
<tmpdir_from_fixture>/rundir/RESTART/phy_data.tile3.nc 340a36a988201cc3db4d12a0f5062dad
<tmpdir_from_fixture>/rundir/RESTART/phy_data.tile4.nc 7d3d8a6c10dd385c65af2b5ff914c24b
<tmpdir_from_fixture>/rundir/RESTART/phy_data.tile5.nc 1d0ef27b83773c311fe92b59d02b64fc
<tmpdir_from_fixture>/rundir/RESTART/phy_data.tile6.nc 8dcb5440277f5d5b86b2b093789dcb3a
<tmpdir_from_fixture>/rundir/RESTART/sfc_data.tile1.nc 4b826c76afd3d391b0ae78a81ed76104
<tmpdir_from_fixture>/rundir/RESTART/sfc_data.tile2.nc 20ec36eb2cd9a2839966b2d2a7653ab7
<tmpdir_from_fixture>/rundir/RESTART/sfc_data.tile3.nc 44e11e635e88e604ada499d6155e6537
<tmpdir_from_fixture>/rundir/RESTART/sfc_data.tile4.nc 8cf7890ff11c022a2c62b74612edd17f
<tmpdir_from_fixture>/rundir/RESTART/sfc_data.tile5.nc 8d49761e5ada028e7dd38fcccf7491bb
<tmpdir_from_fixture>/rundir/RESTART/sfc_data.tile6.nc f110f1c1e8c87710dc25ecc2487bc0ad
<tmpdir_from_fixture>/rundir/RESTART/sfc_data_coarse.tile1.nc 19a098789f03fdd826309f78fdca0056
<tmpdir_from_fixture>/rundir/RESTART/sfc_data_coarse.tile2.nc 2c995e8daab0f708e25e570b58c1e7ce
<tmpdir_from_fixture>/rundir/RESTART/sfc_data_coarse.tile3.nc 8d208b08b9ffad06cfc04292da72b1ba
<tmpdir_from_fixture>/rundir/RESTART/sfc_data_coarse.tile4.nc e5879471542f7c71269553018ac60961
<tmpdir_from_fixture>/rundir/RESTART/sfc_data_coarse.tile5.nc 7bd8d4da6d228dfe1e9d64698ad8137f
<tmpdir_from_fixture>/rundir/RESTART/sfc_data_coarse.tile6.nc 868e9d1b37244599d0637d7326ef4466
