<tmpdir_from_fixture>/rundir/atmos_15min_coarse_ave.tile1.nc 516e5a19b963ef5bec31283153f081c9
<tmpdir_from_fixture>/rundir/atmos_15min_coarse_ave.tile2.nc 1f3797476b52bb5ac993baf91513cbfc
<tmpdir_from_fixture>/rundir/atmos_15min_coarse_ave.tile3.nc 0a924b7abc3e430b01b6adf4c5cbee80
<tmpdir_from_fixture>/rundir/atmos_15min_coarse_ave.tile4.nc 13a36400636e74f6bfedc0e591cb2f0e
<tmpdir_from_fixture>/rundir/atmos_15min_coarse_ave.tile5.nc d7ed61e563c562d6a60891e4771b92da
<tmpdir_from_fixture>/rundir/atmos_15min_coarse_ave.tile6.nc 1468717a9344c95a839ab21d83d6fb8b
<tmpdir_from_fixture>/rundir/atmos_15min_coarse_inst.tile1.nc f2fdf2d2d4349ca70a05ca0e908efc75
<tmpdir_from_fixture>/rundir/atmos_15min_coarse_inst.tile2.nc 02a285dca0c8d65b260d7a64a8a68411
<tmpdir_from_fixture>/rundir/atmos_15min_coarse_inst.tile3.nc bd725b12f103ab51799bb2e9034da347
<tmpdir_from_fixture>/rundir/atmos_15min_coarse_inst.tile4.nc d1b8d8ac8982b91ae6b86527f81a5830
<tmpdir_from_fixture>/rundir/atmos_15min_coarse_inst.tile5.nc d59831eec2ce82380816d9e6f4ff876c
<tmpdir_from_fixture>/rundir/atmos_15min_coarse_inst.tile6.nc efb713a5e7a39982f2504dd397c8814f
<tmpdir_from_fixture>/rundir/atmos_static.tile1.nc 6163f79892895ac58c44cc3627987f32
<tmpdir_from_fixture>/rundir/atmos_static.tile2.nc 2aa48558df1f9ce16fe6f7ef66a4f9dc
<tmpdir_from_fixture>/rundir/atmos_static.tile3.nc 017d1b70797e4cb92afb6b03a38c9dda
<tmpdir_from_fixture>/rundir/atmos_static.tile4.nc 849d334e2ac655063c7087d9eb5396af
<tmpdir_from_fixture>/rundir/atmos_static.tile5.nc 4f17e36c2e2603ff7f887f80b90dffed
<tmpdir_from_fixture>/rundir/atmos_static.tile6.nc 99be4febd5cbb0613b5f39548373a3fb
<tmpdir_from_fixture>/rundir/gfsphysics_15min_coarse.tile1.nc 78cafa3776029c601286d171c41762ef
<tmpdir_from_fixture>/rundir/gfsphysics_15min_coarse.tile2.nc c7b775971a1a1c722c41735892083352
<tmpdir_from_fixture>/rundir/gfsphysics_15min_coarse.tile3.nc 5a1d62b1d7156edb0c9417a12d38c03b
<tmpdir_from_fixture>/rundir/gfsphysics_15min_coarse.tile4.nc 44ea406646e3dc5cd309022781dd1ffa
<tmpdir_from_fixture>/rundir/gfsphysics_15min_coarse.tile5.nc 117c696947f4e43033a4d7aad2280a12
<tmpdir_from_fixture>/rundir/gfsphysics_15min_coarse.tile6.nc e3c973bc5f517bd4055e509f522752fc
<tmpdir_from_fixture>/rundir/grid_spec.tile1.nc 0491709f0480fc8ae485348fa16269d0
<tmpdir_from_fixture>/rundir/grid_spec.tile2.nc 33f211fa6cc36664ba19df3cc8b1c3fe
<tmpdir_from_fixture>/rundir/grid_spec.tile3.nc e4b4c9ea13bff8d6b3976cc716d37e3c
<tmpdir_from_fixture>/rundir/grid_spec.tile4.nc a46cf23fc104cb8f969a613190abea6d
<tmpdir_from_fixture>/rundir/grid_spec.tile5.nc 5f666f2d28aa97976bf5de58c2fb9f6a
<tmpdir_from_fixture>/rundir/grid_spec.tile6.nc 2be47cd691293f4c0f7c592f8c06c636
<tmpdir_from_fixture>/rundir/grid_spec_coarse.tile1.nc 97f024224cbfa7528d64155a58b68ce7
<tmpdir_from_fixture>/rundir/grid_spec_coarse.tile2.nc 996f17c29602754d913a7e351429fa35
<tmpdir_from_fixture>/rundir/grid_spec_coarse.tile3.nc 22185deaa6d86741a9685eac7f19c122
<tmpdir_from_fixture>/rundir/grid_spec_coarse.tile4.nc 65010426615309c679c311b0536a0be5
<tmpdir_from_fixture>/rundir/grid_spec_coarse.tile5.nc f6b3bc81016db6b54159e55dbe9ce878
<tmpdir_from_fixture>/rundir/grid_spec_coarse.tile6.nc a055ea60898cf38317b4e1acb532f1e5
<tmpdir_from_fixture>/rundir/physics_tendencies_15min_coarse.tile1.nc fa85e0121ebca8407b1cef4e72b67483
<tmpdir_from_fixture>/rundir/physics_tendencies_15min_coarse.tile2.nc c79d40fd8825031ebaa5baa8a1db28fa
<tmpdir_from_fixture>/rundir/physics_tendencies_15min_coarse.tile3.nc 1e5730c4fa21b4b19f740cf92410d6b7
<tmpdir_from_fixture>/rundir/physics_tendencies_15min_coarse.tile4.nc 552662dd72cc79c64296114014dc1fcd
<tmpdir_from_fixture>/rundir/physics_tendencies_15min_coarse.tile5.nc a01014ab10f1e117c1134242975c7d60
<tmpdir_from_fixture>/rundir/physics_tendencies_15min_coarse.tile6.nc 3361a610aec580faefcdca6cf5c0d418
<tmpdir_from_fixture>/rundir/RESTART/20160801.001500.fv_core_coarse.res.tile1.nc 1c46ccca0a0ae409115d4307b2fb4c4d
<tmpdir_from_fixture>/rundir/RESTART/20160801.001500.fv_core_coarse.res.tile2.nc 377333c4ecdf30302bc2968826a15669
<tmpdir_from_fixture>/rundir/RESTART/20160801.001500.fv_core_coarse.res.tile3.nc 3ccc94098e663053fcc0006d29ea67d9
<tmpdir_from_fixture>/rundir/RESTART/20160801.001500.fv_core_coarse.res.tile4.nc 083a86578eaa48682a342341ae8c8a2b
<tmpdir_from_fixture>/rundir/RESTART/20160801.001500.fv_core_coarse.res.tile5.nc a398f5f599ab58468fcd82f2b1c39b36
<tmpdir_from_fixture>/rundir/RESTART/20160801.001500.fv_core_coarse.res.tile6.nc 4831cb861da138c9ec9e00b6ca6e94b6
<tmpdir_from_fixture>/rundir/RESTART/20160801.001500.fv_srf_wnd_coarse.res.tile1.nc 00f80a5dfd3a0d0832ce5f81e65f2e80
<tmpdir_from_fixture>/rundir/RESTART/20160801.001500.fv_srf_wnd_coarse.res.tile2.nc abbd076d624df69f8cfd204699125d15
<tmpdir_from_fixture>/rundir/RESTART/20160801.001500.fv_srf_wnd_coarse.res.tile3.nc b8c3f3404088877dbf7928255befe55f
<tmpdir_from_fixture>/rundir/RESTART/20160801.001500.fv_srf_wnd_coarse.res.tile4.nc 46f5931cf5f5d64db87e5dc201973114
<tmpdir_from_fixture>/rundir/RESTART/20160801.001500.fv_srf_wnd_coarse.res.tile5.nc c4bf9e3bfda28e8fbb4fb0c4eb332bbe
<tmpdir_from_fixture>/rundir/RESTART/20160801.001500.fv_srf_wnd_coarse.res.tile6.nc 1cc71b24d20cfc06e46a39728cee1092
<tmpdir_from_fixture>/rundir/RESTART/20160801.001500.fv_tracer_coarse.res.tile1.nc f7e4de7f9dcf83525e7fc0b809bf2e24
<tmpdir_from_fixture>/rundir/RESTART/20160801.001500.fv_tracer_coarse.res.tile2.nc 428b167b818024c26c7fdc64fe257f26
<tmpdir_from_fixture>/rundir/RESTART/20160801.001500.fv_tracer_coarse.res.tile3.nc 845b08bf6e8181962b0e0dfedf1fa066
<tmpdir_from_fixture>/rundir/RESTART/20160801.001500.fv_tracer_coarse.res.tile4.nc 51287fb564f89e921e23d785e191e0c1
<tmpdir_from_fixture>/rundir/RESTART/20160801.001500.fv_tracer_coarse.res.tile5.nc f93ce274d10d3f6699e13277620e96e9
<tmpdir_from_fixture>/rundir/RESTART/20160801.001500.fv_tracer_coarse.res.tile6.nc cd60cc63bd17bd6f436b5b68747aba94
<tmpdir_from_fixture>/rundir/RESTART/20160801.001500.sfc_data_coarse.tile1.nc 8cea135d3d101edd055334ea370bbc18
<tmpdir_from_fixture>/rundir/RESTART/20160801.001500.sfc_data_coarse.tile2.nc 8037b458755634ac5e12c7d6e260b218
<tmpdir_from_fixture>/rundir/RESTART/20160801.001500.sfc_data_coarse.tile3.nc a40c682ea9847ab1062abdca7bea77e3
<tmpdir_from_fixture>/rundir/RESTART/20160801.001500.sfc_data_coarse.tile4.nc 8dc2a5f50beeea78ea3880519e24d6ae
<tmpdir_from_fixture>/rundir/RESTART/20160801.001500.sfc_data_coarse.tile5.nc b90c386b67d456723bdc7964f4a9f221
<tmpdir_from_fixture>/rundir/RESTART/20160801.001500.sfc_data_coarse.tile6.nc f5b84650b82d62edf336c6f2e6cc8e96
<tmpdir_from_fixture>/rundir/RESTART/fv_core.res.nc 03f92921ec61bc2e8650bcc3b1cc3971
<tmpdir_from_fixture>/rundir/RESTART/fv_core.res.tile1.nc 932dddd6432d9534577a350c5a7d58e1
<tmpdir_from_fixture>/rundir/RESTART/fv_core.res.tile2.nc 79240960f6b7fcec31d10a2b34fc1506
<tmpdir_from_fixture>/rundir/RESTART/fv_core.res.tile3.nc c476ea2b43659641894d7cd1942c8d12
<tmpdir_from_fixture>/rundir/RESTART/fv_core.res.tile4.nc 9cb10e3c5d5f2c38b8dfacaae68ab0b8
<tmpdir_from_fixture>/rundir/RESTART/fv_core.res.tile5.nc 18c55727fb061b6cf562ee0e5cdfe684
<tmpdir_from_fixture>/rundir/RESTART/fv_core.res.tile6.nc 749220b301a5336f99febceed3aaeede
<tmpdir_from_fixture>/rundir/RESTART/fv_core_coarse.res.tile1.nc 4e3078dd87f62873fc18c8842fefe5da
<tmpdir_from_fixture>/rundir/RESTART/fv_core_coarse.res.tile2.nc 1544c3464f49107208b6c9f91c81ec6f
<tmpdir_from_fixture>/rundir/RESTART/fv_core_coarse.res.tile3.nc 4049780e903b577f3bbb664734de164f
<tmpdir_from_fixture>/rundir/RESTART/fv_core_coarse.res.tile4.nc fe3890071f04a11fa4a9b5243018beb7
<tmpdir_from_fixture>/rundir/RESTART/fv_core_coarse.res.tile5.nc c4e92e53fdff955c8e5eac68fb830c06
<tmpdir_from_fixture>/rundir/RESTART/fv_core_coarse.res.tile6.nc fc8ecd9e4baa8e1f0f8f42a63b831b3e
<tmpdir_from_fixture>/rundir/RESTART/fv_srf_wnd.res.tile1.nc 5eba30cf31081fd0671d13f71bebd6ca
<tmpdir_from_fixture>/rundir/RESTART/fv_srf_wnd.res.tile2.nc f4e35890a636a90ec6b8d1c57257024d
<tmpdir_from_fixture>/rundir/RESTART/fv_srf_wnd.res.tile3.nc f8b538487a5c1962b6bfc9719e671bee
<tmpdir_from_fixture>/rundir/RESTART/fv_srf_wnd.res.tile4.nc dedb3fc1f9a41b4b200f963bdf450a26
<tmpdir_from_fixture>/rundir/RESTART/fv_srf_wnd.res.tile5.nc 5b005dc7dc9d72ed8820cbb62b46491b
<tmpdir_from_fixture>/rundir/RESTART/fv_srf_wnd.res.tile6.nc b5cdd5b15491a19a2f7d13444e9fd211
<tmpdir_from_fixture>/rundir/RESTART/fv_srf_wnd_coarse.res.tile1.nc 06a7087a12e6b849c89b80a755bde1c7
<tmpdir_from_fixture>/rundir/RESTART/fv_srf_wnd_coarse.res.tile2.nc 61d64f73000210a2139b19fd5f7d8a58
<tmpdir_from_fixture>/rundir/RESTART/fv_srf_wnd_coarse.res.tile3.nc f959c19f0df20dd3fc395c60358557a0
<tmpdir_from_fixture>/rundir/RESTART/fv_srf_wnd_coarse.res.tile4.nc 507edfff4ce58840f11988467a8a3dc4
<tmpdir_from_fixture>/rundir/RESTART/fv_srf_wnd_coarse.res.tile5.nc 0fac62edd7b6fa79f0b801be675ec3f5
<tmpdir_from_fixture>/rundir/RESTART/fv_srf_wnd_coarse.res.tile6.nc 08dd8204296cf4c9a91083bf09d3b8b1
<tmpdir_from_fixture>/rundir/RESTART/fv_tracer.res.tile1.nc 83ee3e6667fb13855c526687e8cab7d7
<tmpdir_from_fixture>/rundir/RESTART/fv_tracer.res.tile2.nc 231ad75b03773cc044d7e36e56b4691f
<tmpdir_from_fixture>/rundir/RESTART/fv_tracer.res.tile3.nc c20780ff31bd46217bac59d0bc8697f0
<tmpdir_from_fixture>/rundir/RESTART/fv_tracer.res.tile4.nc 6de8634812183b0126028155687b4520
<tmpdir_from_fixture>/rundir/RESTART/fv_tracer.res.tile5.nc 5eccffa5ee92ba0cb981654e447ef188
<tmpdir_from_fixture>/rundir/RESTART/fv_tracer.res.tile6.nc 53a41ed2076e2d5677bf9b75781db75b
<tmpdir_from_fixture>/rundir/RESTART/fv_tracer_coarse.res.tile1.nc 27f399dae6c9c1d06c4aa17d9bd1c089
<tmpdir_from_fixture>/rundir/RESTART/fv_tracer_coarse.res.tile2.nc 5b2c3031155dbe392fbdad4ff8c00e0a
<tmpdir_from_fixture>/rundir/RESTART/fv_tracer_coarse.res.tile3.nc 3e53a0f02ab5686550d0bcf0c9fbdd21
<tmpdir_from_fixture>/rundir/RESTART/fv_tracer_coarse.res.tile4.nc 5dc279f6885c06f42b945c88b93b3e16
<tmpdir_from_fixture>/rundir/RESTART/fv_tracer_coarse.res.tile5.nc 1319a7f43e0458a5ad771d7c946377e4
<tmpdir_from_fixture>/rundir/RESTART/fv_tracer_coarse.res.tile6.nc fe41e70cfe5886c97374a230b069076e
<tmpdir_from_fixture>/rundir/RESTART/phy_data.tile1.nc fb88bfd101012d8b1d00c14c1a22351e
<tmpdir_from_fixture>/rundir/RESTART/phy_data.tile2.nc cf136172bcb639092a922e7f50adf1ad
<tmpdir_from_fixture>/rundir/RESTART/phy_data.tile3.nc 340a36a988201cc3db4d12a0f5062dad
<tmpdir_from_fixture>/rundir/RESTART/phy_data.tile4.nc 7d3d8a6c10dd385c65af2b5ff914c24b
<tmpdir_from_fixture>/rundir/RESTART/phy_data.tile5.nc 1d0ef27b83773c311fe92b59d02b64fc
<tmpdir_from_fixture>/rundir/RESTART/phy_data.tile6.nc 8dcb5440277f5d5b86b2b093789dcb3a
<tmpdir_from_fixture>/rundir/RESTART/sfc_data.tile1.nc a7fd56ec1d6882b6ffe420fa275a9279
<tmpdir_from_fixture>/rundir/RESTART/sfc_data.tile2.nc 7e8dc3fe369b941e8ff5665a87d78135
<tmpdir_from_fixture>/rundir/RESTART/sfc_data.tile3.nc 2394fb492835327307a7c30863260da5
<tmpdir_from_fixture>/rundir/RESTART/sfc_data.tile4.nc 1d04a24e699dba1d0a5e20eada885dc8
<tmpdir_from_fixture>/rundir/RESTART/sfc_data.tile5.nc 157d2db14b61d9265b4537f8321a838c
<tmpdir_from_fixture>/rundir/RESTART/sfc_data.tile6.nc bd5df1f67fd361318bf3bf74436dd009
<tmpdir_from_fixture>/rundir/RESTART/sfc_data_coarse.tile1.nc b42dd7f14e30bffaf8461e530f4c8d53
<tmpdir_from_fixture>/rundir/RESTART/sfc_data_coarse.tile2.nc a88955af2fd41f2f68b59eeea1429880
<tmpdir_from_fixture>/rundir/RESTART/sfc_data_coarse.tile3.nc fd9ca0080189d8abcd485f1a52563fc2
<tmpdir_from_fixture>/rundir/RESTART/sfc_data_coarse.tile4.nc fba51b578356acf8de3bb0650b562e69
<tmpdir_from_fixture>/rundir/RESTART/sfc_data_coarse.tile5.nc 6583eba97c2ee85984012c523748b829
<tmpdir_from_fixture>/rundir/RESTART/sfc_data_coarse.tile6.nc d349d315bcac5d11e0dc755a51056eb3
