<tmpdir_from_fixture>/rundir/atmos_15min_coarse_ave.tile1.nc 34c0c2057c856ad3063d1055b1720189
<tmpdir_from_fixture>/rundir/atmos_15min_coarse_ave.tile2.nc f2985c94071fa5dbe09a6b62b6059970
<tmpdir_from_fixture>/rundir/atmos_15min_coarse_ave.tile3.nc 4c7dce853c5fc20acd3be902c5a545ec
<tmpdir_from_fixture>/rundir/atmos_15min_coarse_ave.tile4.nc e251d18e5b14e33f19f84d607f165240
<tmpdir_from_fixture>/rundir/atmos_15min_coarse_ave.tile5.nc cf2edd560d992720329f0913749739df
<tmpdir_from_fixture>/rundir/atmos_15min_coarse_ave.tile6.nc 27a39fc6dc0c830b80f6ec07682b27ab
<tmpdir_from_fixture>/rundir/atmos_15min_coarse_inst.tile1.nc fd683efed80f9ec1c60e055ad391992f
<tmpdir_from_fixture>/rundir/atmos_15min_coarse_inst.tile2.nc 7f7f90f4b8d387d38380e22c51f8246a
<tmpdir_from_fixture>/rundir/atmos_15min_coarse_inst.tile3.nc 81dc1024a142d3c53b923336e6049fc9
<tmpdir_from_fixture>/rundir/atmos_15min_coarse_inst.tile4.nc 8628f5128d8136a3ea25736bee16ccc8
<tmpdir_from_fixture>/rundir/atmos_15min_coarse_inst.tile5.nc ac5f8832c1c9a7c9ec16fe28254328ae
<tmpdir_from_fixture>/rundir/atmos_15min_coarse_inst.tile6.nc 06ee57d19e4678c75ab88266e6ad5381
<tmpdir_from_fixture>/rundir/atmos_static.tile1.nc 619b61ea4c39e0299a7304b804d71644
<tmpdir_from_fixture>/rundir/atmos_static.tile2.nc 0eef97643d2bcf6446f6f6e1000ecee9
<tmpdir_from_fixture>/rundir/atmos_static.tile3.nc 9b841377c9db9feeeb204ee0694b96e8
<tmpdir_from_fixture>/rundir/atmos_static.tile4.nc e9410405aee02aca937305531fdd5027
<tmpdir_from_fixture>/rundir/atmos_static.tile5.nc 6d8b08dcfd6693cab348acf80aca9030
<tmpdir_from_fixture>/rundir/atmos_static.tile6.nc 1a69a19a699a7b1e0df207bd60e76e5e
<tmpdir_from_fixture>/rundir/gfsphysics_15min_coarse.tile1.nc a6ae09023f48046b1cb680f1ca0377f5
<tmpdir_from_fixture>/rundir/gfsphysics_15min_coarse.tile2.nc a6bbbb9a7ae86a00bdbbc136a277bb3a
<tmpdir_from_fixture>/rundir/gfsphysics_15min_coarse.tile3.nc a19dcbd42ac2e2355ae31d1d8d586af4
<tmpdir_from_fixture>/rundir/gfsphysics_15min_coarse.tile4.nc 55d70c0785fdfafe5298beb429b24d39
<tmpdir_from_fixture>/rundir/gfsphysics_15min_coarse.tile5.nc 4e8e6b861e056b8ec6a4ce494b2672f0
<tmpdir_from_fixture>/rundir/gfsphysics_15min_coarse.tile6.nc f8e44156ce86df3ce7a5b1c9f6538fd0
<tmpdir_from_fixture>/rundir/grid_spec.tile1.nc 59f571718c972e967a585a78202ecf3f
<tmpdir_from_fixture>/rundir/grid_spec.tile2.nc 04f297267e4c9bd35a87633bb009fe7e
<tmpdir_from_fixture>/rundir/grid_spec.tile3.nc 620572e8069f186ee3da98729153eeea
<tmpdir_from_fixture>/rundir/grid_spec.tile4.nc f198d415d03f5359ca750430f3e61b4a
<tmpdir_from_fixture>/rundir/grid_spec.tile5.nc 1573fbad16114c552fc794fe33f4748b
<tmpdir_from_fixture>/rundir/grid_spec.tile6.nc 855ba3a18f19b8b385f8a340dfe6a9ff
<tmpdir_from_fixture>/rundir/grid_spec_coarse.tile1.nc 74e99a3d802c3711baea622a08d372e6
<tmpdir_from_fixture>/rundir/grid_spec_coarse.tile2.nc 0ec55becdbe34b66253120e9c3fcefbb
<tmpdir_from_fixture>/rundir/grid_spec_coarse.tile3.nc fed8522c20eac59e121babb4abc0a077
<tmpdir_from_fixture>/rundir/grid_spec_coarse.tile4.nc 912449d19e77a433401f1e0498534cf5
<tmpdir_from_fixture>/rundir/grid_spec_coarse.tile5.nc 8332cb7f89f4477d4b05b727af3b5870
<tmpdir_from_fixture>/rundir/grid_spec_coarse.tile6.nc 84efe1b3dd75527b40488eb6cb549cea
<tmpdir_from_fixture>/rundir/physics_tendencies_15min_coarse.tile1.nc 3edfbd674a66496cac83a7493e01acd6
<tmpdir_from_fixture>/rundir/physics_tendencies_15min_coarse.tile2.nc 96eb7e1a689a2aef7f320dab84eac053
<tmpdir_from_fixture>/rundir/physics_tendencies_15min_coarse.tile3.nc 2d1cc734f7998aafe0c356ce8756d2c2
<tmpdir_from_fixture>/rundir/physics_tendencies_15min_coarse.tile4.nc 9ba191b4354cd2b6b288a3c510255b7b
<tmpdir_from_fixture>/rundir/physics_tendencies_15min_coarse.tile5.nc af18da12dd28ddd2aaa308fb14de6e23
<tmpdir_from_fixture>/rundir/physics_tendencies_15min_coarse.tile6.nc d79729c4382164082253b60d82ab5494
<tmpdir_from_fixture>/rundir/sfc_dt_atmos_diag_manager_controlled_coarse.tile1.nc 6ee6aad76fca65812b09a5f35a71e292
<tmpdir_from_fixture>/rundir/sfc_dt_atmos_diag_manager_controlled_coarse.tile2.nc 6e6de670f31b563539cf523326f67bc4
<tmpdir_from_fixture>/rundir/sfc_dt_atmos_diag_manager_controlled_coarse.tile3.nc 995daea08108309333f54ce973cfbe16
<tmpdir_from_fixture>/rundir/sfc_dt_atmos_diag_manager_controlled_coarse.tile4.nc e24fc4117c6fe11328a6bcf9567da217
<tmpdir_from_fixture>/rundir/sfc_dt_atmos_diag_manager_controlled_coarse.tile5.nc ae8e7c7beb95da2502026b93454258e1
<tmpdir_from_fixture>/rundir/sfc_dt_atmos_diag_manager_controlled_coarse.tile6.nc bc3fbfc36ce51aa103b9961519fe3915
<tmpdir_from_fixture>/rundir/RESTART/20160801.001500.fv_core_coarse.res.tile1.nc 7992877aaca8b1ea6d3e61954e913c19
<tmpdir_from_fixture>/rundir/RESTART/20160801.001500.fv_core_coarse.res.tile2.nc e6970f64c5693896340215bf4dc9c4b3
<tmpdir_from_fixture>/rundir/RESTART/20160801.001500.fv_core_coarse.res.tile3.nc 7f21853c60c762e580ac3f5f54e12ae5
<tmpdir_from_fixture>/rundir/RESTART/20160801.001500.fv_core_coarse.res.tile4.nc 30f968ba9597f4a8da0c145b7de8289e
<tmpdir_from_fixture>/rundir/RESTART/20160801.001500.fv_core_coarse.res.tile5.nc 6e3169afb408de0301663f5d49270276
<tmpdir_from_fixture>/rundir/RESTART/20160801.001500.fv_core_coarse.res.tile6.nc 96acbbb09691f261f4843f8fe12178bb
<tmpdir_from_fixture>/rundir/RESTART/20160801.001500.fv_srf_wnd_coarse.res.tile1.nc 8fb168f7ef31c12e0edcfe913607eac6
<tmpdir_from_fixture>/rundir/RESTART/20160801.001500.fv_srf_wnd_coarse.res.tile2.nc 8d9695430474263a182ba5c1fcb124c8
<tmpdir_from_fixture>/rundir/RESTART/20160801.001500.fv_srf_wnd_coarse.res.tile3.nc b3b217f2fa370e2519e443b7c76debda
<tmpdir_from_fixture>/rundir/RESTART/20160801.001500.fv_srf_wnd_coarse.res.tile4.nc db58fa26d2e4913e894ad8ca80f873a3
<tmpdir_from_fixture>/rundir/RESTART/20160801.001500.fv_srf_wnd_coarse.res.tile5.nc ec84ec13c244812a835eca63dadd237b
<tmpdir_from_fixture>/rundir/RESTART/20160801.001500.fv_srf_wnd_coarse.res.tile6.nc 840045eae6d59afd8d5e040d6ff0bd4e
<tmpdir_from_fixture>/rundir/RESTART/20160801.001500.fv_tracer_coarse.res.tile1.nc 4e5f172933263794a36cbdf8b1760c13
<tmpdir_from_fixture>/rundir/RESTART/20160801.001500.fv_tracer_coarse.res.tile2.nc b2131e3e6e9143e9d3e5e8f37b2962e3
<tmpdir_from_fixture>/rundir/RESTART/20160801.001500.fv_tracer_coarse.res.tile3.nc f4f417fb3246eb84d0d8a5392ee81e8b
<tmpdir_from_fixture>/rundir/RESTART/20160801.001500.fv_tracer_coarse.res.tile4.nc 7bea6f30154bd8c470caa5e9f421eabb
<tmpdir_from_fixture>/rundir/RESTART/20160801.001500.fv_tracer_coarse.res.tile5.nc 2a97ae2fa4963fa61bf973c35b7b1c8b
<tmpdir_from_fixture>/rundir/RESTART/20160801.001500.fv_tracer_coarse.res.tile6.nc e919161460275eff2d78faed2c4802f3
<tmpdir_from_fixture>/rundir/RESTART/20160801.001500.sfc_data_coarse.tile1.nc e25e7cec4827c2cfb3460d4e254f0958
<tmpdir_from_fixture>/rundir/RESTART/20160801.001500.sfc_data_coarse.tile2.nc af2eb0b4466c46c9650c4dd8b48c6836
<tmpdir_from_fixture>/rundir/RESTART/20160801.001500.sfc_data_coarse.tile3.nc c44e1167dbb94b24dffc7fb92ec828b1
<tmpdir_from_fixture>/rundir/RESTART/20160801.001500.sfc_data_coarse.tile4.nc e5be3eb0c3275df6ffb477144d0f4694
<tmpdir_from_fixture>/rundir/RESTART/20160801.001500.sfc_data_coarse.tile5.nc 40a25f3e90facad259f7388adfcb87b8
<tmpdir_from_fixture>/rundir/RESTART/20160801.001500.sfc_data_coarse.tile6.nc 1687a3266469e5ea372608b2c6509f49
<tmpdir_from_fixture>/rundir/RESTART/fv_core.res.nc 03f92921ec61bc2e8650bcc3b1cc3971
<tmpdir_from_fixture>/rundir/RESTART/fv_core.res.tile1.nc b3115b1764636895e7bc65cd540722f5
<tmpdir_from_fixture>/rundir/RESTART/fv_core.res.tile2.nc ca135c536ae43465aa0a7ba0fbe36d49
<tmpdir_from_fixture>/rundir/RESTART/fv_core.res.tile3.nc a14156736623d6ec5ae4b4ceb0fbaaa0
<tmpdir_from_fixture>/rundir/RESTART/fv_core.res.tile4.nc e3ee9deec08ed08313af20fcde2b8008
<tmpdir_from_fixture>/rundir/RESTART/fv_core.res.tile5.nc 516b687b1f475c7f82621ff197f094b7
<tmpdir_from_fixture>/rundir/RESTART/fv_core.res.tile6.nc 18214b08b606221a75c99de039ab72d4
<tmpdir_from_fixture>/rundir/RESTART/fv_core_coarse.res.tile1.nc 63e231fb4e75a7fd33af8f0dcb15684d
<tmpdir_from_fixture>/rundir/RESTART/fv_core_coarse.res.tile2.nc 5a310f6c236f01d53c84a92b6ebdf800
<tmpdir_from_fixture>/rundir/RESTART/fv_core_coarse.res.tile3.nc 2a6eb416dd50de0cd6f824f26c199b25
<tmpdir_from_fixture>/rundir/RESTART/fv_core_coarse.res.tile4.nc 08e56eb1dab4cd04f9370c3f111a8e3d
<tmpdir_from_fixture>/rundir/RESTART/fv_core_coarse.res.tile5.nc e43413c46fb1779e2d8f3e029fb5fcc6
<tmpdir_from_fixture>/rundir/RESTART/fv_core_coarse.res.tile6.nc d3850b6b938e2b0c8496b11e7ff6e659
<tmpdir_from_fixture>/rundir/RESTART/fv_srf_wnd.res.tile1.nc ae2d59a0537a86f68b7ada984519fbf8
<tmpdir_from_fixture>/rundir/RESTART/fv_srf_wnd.res.tile2.nc 9d116ea268dce494c31fba68eebacbb5
<tmpdir_from_fixture>/rundir/RESTART/fv_srf_wnd.res.tile3.nc 31202a056dc5fd45f98646f2d235441c
<tmpdir_from_fixture>/rundir/RESTART/fv_srf_wnd.res.tile4.nc 686be9f1f8f9b6ce5877b1740afaf8b4
<tmpdir_from_fixture>/rundir/RESTART/fv_srf_wnd.res.tile5.nc a002d710f0ea1436a4fe77ec88e65693
<tmpdir_from_fixture>/rundir/RESTART/fv_srf_wnd.res.tile6.nc 1a8d5b75bc886d780267c2a1b57dab31
<tmpdir_from_fixture>/rundir/RESTART/fv_srf_wnd_coarse.res.tile1.nc dea0648f76ffce9a62ecdd1364576600
<tmpdir_from_fixture>/rundir/RESTART/fv_srf_wnd_coarse.res.tile2.nc 80d23bf3f8254d9d8ca380f40307c484
<tmpdir_from_fixture>/rundir/RESTART/fv_srf_wnd_coarse.res.tile3.nc 52e15a7da151f69384a64ed99caee67b
<tmpdir_from_fixture>/rundir/RESTART/fv_srf_wnd_coarse.res.tile4.nc f5a744dcb94d7181dfe24c922c120831
<tmpdir_from_fixture>/rundir/RESTART/fv_srf_wnd_coarse.res.tile5.nc 63087962b097a892d63046995a823e33
<tmpdir_from_fixture>/rundir/RESTART/fv_srf_wnd_coarse.res.tile6.nc aeb3182369e337b65e6560339dd19f1f
<tmpdir_from_fixture>/rundir/RESTART/fv_tracer.res.tile1.nc 5a9b903167f6d32a822868b5afef1180
<tmpdir_from_fixture>/rundir/RESTART/fv_tracer.res.tile2.nc 3a3218d2b4a75265c6a1ba251fba4663
<tmpdir_from_fixture>/rundir/RESTART/fv_tracer.res.tile3.nc aa512fe2eb96e4cd164d4f56107b2a44
<tmpdir_from_fixture>/rundir/RESTART/fv_tracer.res.tile4.nc 22e7cf8ab2bca34ca44fc98fc18c53de
<tmpdir_from_fixture>/rundir/RESTART/fv_tracer.res.tile5.nc af3abb1bd35ff43214a7a6e1f314b3a6
<tmpdir_from_fixture>/rundir/RESTART/fv_tracer.res.tile6.nc 154e8f425555c057c457ab3ef038a388
<tmpdir_from_fixture>/rundir/RESTART/fv_tracer_coarse.res.tile1.nc 4a0080a160ecbe5e6607b0446aaa46ea
<tmpdir_from_fixture>/rundir/RESTART/fv_tracer_coarse.res.tile2.nc de73bd668dad0f1d408a7319f1180a63
<tmpdir_from_fixture>/rundir/RESTART/fv_tracer_coarse.res.tile3.nc 8d8e4f0f63f4037f0ebdc482e00319f1
<tmpdir_from_fixture>/rundir/RESTART/fv_tracer_coarse.res.tile4.nc 8f6f08053c5d55cbeb3cd2f65deadf37
<tmpdir_from_fixture>/rundir/RESTART/fv_tracer_coarse.res.tile5.nc cfa692737f1706ef1f300c9b5384d887
<tmpdir_from_fixture>/rundir/RESTART/fv_tracer_coarse.res.tile6.nc 3cbea7d332c66c3a8fb1bba1bbbf8fcd
<tmpdir_from_fixture>/rundir/RESTART/phy_data.tile1.nc fb88bfd101012d8b1d00c14c1a22351e
<tmpdir_from_fixture>/rundir/RESTART/phy_data.tile2.nc cf136172bcb639092a922e7f50adf1ad
<tmpdir_from_fixture>/rundir/RESTART/phy_data.tile3.nc 340a36a988201cc3db4d12a0f5062dad
<tmpdir_from_fixture>/rundir/RESTART/phy_data.tile4.nc 7d3d8a6c10dd385c65af2b5ff914c24b
<tmpdir_from_fixture>/rundir/RESTART/phy_data.tile5.nc 1d0ef27b83773c311fe92b59d02b64fc
<tmpdir_from_fixture>/rundir/RESTART/phy_data.tile6.nc 8dcb5440277f5d5b86b2b093789dcb3a
<tmpdir_from_fixture>/rundir/RESTART/sfc_data.tile1.nc 4b826c76afd3d391b0ae78a81ed76104
<tmpdir_from_fixture>/rundir/RESTART/sfc_data.tile2.nc 20ec36eb2cd9a2839966b2d2a7653ab7
<tmpdir_from_fixture>/rundir/RESTART/sfc_data.tile3.nc 44e11e635e88e604ada499d6155e6537
<tmpdir_from_fixture>/rundir/RESTART/sfc_data.tile4.nc 8cf7890ff11c022a2c62b74612edd17f
<tmpdir_from_fixture>/rundir/RESTART/sfc_data.tile5.nc 8d49761e5ada028e7dd38fcccf7491bb
<tmpdir_from_fixture>/rundir/RESTART/sfc_data.tile6.nc f110f1c1e8c87710dc25ecc2487bc0ad
<tmpdir_from_fixture>/rundir/RESTART/sfc_data_coarse.tile1.nc be662c4567aa88e40344117406d7d17d
<tmpdir_from_fixture>/rundir/RESTART/sfc_data_coarse.tile2.nc 74105bd9ad6e1edb6090fb2d55b841e6
<tmpdir_from_fixture>/rundir/RESTART/sfc_data_coarse.tile3.nc 49a24b0a433c2a713327fea98183f5c9
<tmpdir_from_fixture>/rundir/RESTART/sfc_data_coarse.tile4.nc a136d89bd520060d4c3b0a1a32663ee5
<tmpdir_from_fixture>/rundir/RESTART/sfc_data_coarse.tile5.nc 09309dad21b41cf37d3dcda9a88afacf
<tmpdir_from_fixture>/rundir/RESTART/sfc_data_coarse.tile6.nc bb4666eaecddc981846909131c4fc6a2
