<tmpdir_from_fixture>/rundir/atmos_4xdaily_fine_inst.tile1.nc 131fab4e3cd1feae7cb6bdaff881e725
<tmpdir_from_fixture>/rundir/atmos_4xdaily_fine_inst.tile2.nc fe45eab4a5c25ec93a5a348ee08881a0
<tmpdir_from_fixture>/rundir/atmos_4xdaily_fine_inst.tile3.nc fad54c07bf8692b0bb1296a189306dff
<tmpdir_from_fixture>/rundir/atmos_4xdaily_fine_inst.tile4.nc bdf349ecd9d8065fb7bc27d69b438c00
<tmpdir_from_fixture>/rundir/atmos_4xdaily_fine_inst.tile5.nc 1094331a6b0aa718e6509521ae268159
<tmpdir_from_fixture>/rundir/atmos_4xdaily_fine_inst.tile6.nc d4b2fe8b386577cb3d2eeb9d7cd727e2
<tmpdir_from_fixture>/rundir/RESTART/fv_core.res.nc 82157501c5b777a6e51603f36d381a8c
<tmpdir_from_fixture>/rundir/RESTART/fv_core.res.tile1.nc 3776fd756dace0f597ec422043c7f118
<tmpdir_from_fixture>/rundir/RESTART/fv_core.res.tile2.nc f9fdbac96cf7a0fb09c6fef4e2529cff
<tmpdir_from_fixture>/rundir/RESTART/fv_core.res.tile3.nc 9d34f5adfd62b4e47e35d85bd5a2af24
<tmpdir_from_fixture>/rundir/RESTART/fv_core.res.tile4.nc a6feac056ec48e4ca8289d4180d8d396
<tmpdir_from_fixture>/rundir/RESTART/fv_core.res.tile5.nc 6654dcf19e08d45aff075cdf09148cf5
<tmpdir_from_fixture>/rundir/RESTART/fv_core.res.tile6.nc 7fe463915eec05ad8d003ea8304a3269
<tmpdir_from_fixture>/rundir/RESTART/fv_srf_wnd.res.tile1.nc fbeeab6ab11e26787de05bafb7853ab1
<tmpdir_from_fixture>/rundir/RESTART/fv_srf_wnd.res.tile2.nc 91e20c755b0f9545e73db907b1282706
<tmpdir_from_fixture>/rundir/RESTART/fv_srf_wnd.res.tile3.nc b01f7387d64a8e49c94199892361e6de
<tmpdir_from_fixture>/rundir/RESTART/fv_srf_wnd.res.tile4.nc 61affb199928a3b9e7b0ca351709083d
<tmpdir_from_fixture>/rundir/RESTART/fv_srf_wnd.res.tile5.nc f62cee640bc26fa4d5e9bf70b1104304
<tmpdir_from_fixture>/rundir/RESTART/fv_srf_wnd.res.tile6.nc a08a35fd458971b5a4f2f81b3eba529f
<tmpdir_from_fixture>/rundir/RESTART/fv_tracer.res.tile1.nc 173da4ef4a258e778c47dd31271a3b8e
<tmpdir_from_fixture>/rundir/RESTART/fv_tracer.res.tile2.nc ee308d968032d9f83bac94957f68ea9f
<tmpdir_from_fixture>/rundir/RESTART/fv_tracer.res.tile3.nc c53da594d7e006ad0ef132410cd1f19b
<tmpdir_from_fixture>/rundir/RESTART/fv_tracer.res.tile4.nc 0079487895fb0a593b52d8e760aa0614
<tmpdir_from_fixture>/rundir/RESTART/fv_tracer.res.tile5.nc 63f49f4d21ced8ba0fc50337271414d3
<tmpdir_from_fixture>/rundir/RESTART/fv_tracer.res.tile6.nc 3792fbcadc42564cd134495cf1e87381
<tmpdir_from_fixture>/rundir/RESTART/phy_data.tile1.nc 009eee5d146a8dd492bfc6052ccad11e
<tmpdir_from_fixture>/rundir/RESTART/phy_data.tile2.nc ed094092b41c9853bf85d84d43d1f7fd
<tmpdir_from_fixture>/rundir/RESTART/phy_data.tile3.nc e7122fe73228aca73a13c89a3d53f149
<tmpdir_from_fixture>/rundir/RESTART/phy_data.tile4.nc ecc9f494e54293e09d50981300be7c26
<tmpdir_from_fixture>/rundir/RESTART/phy_data.tile5.nc f6ac59fc70a90e246c28db7ee9da4c6d
<tmpdir_from_fixture>/rundir/RESTART/phy_data.tile6.nc 8b15f645ac7f3fd52bcee6180edd1522
<tmpdir_from_fixture>/rundir/RESTART/sfc_data.tile1.nc e05299c68f47918b78d8df63aa939e22
<tmpdir_from_fixture>/rundir/RESTART/sfc_data.tile2.nc 5315048f47ab00fddf8834258fd2f080
<tmpdir_from_fixture>/rundir/RESTART/sfc_data.tile3.nc 05daf9a231493c752d251c676478744b
<tmpdir_from_fixture>/rundir/RESTART/sfc_data.tile4.nc 1193578f82de05926290fbbf11099912
<tmpdir_from_fixture>/rundir/RESTART/sfc_data.tile5.nc 9c1e823605a277322c4231a5cedec333
<tmpdir_from_fixture>/rundir/RESTART/sfc_data.tile6.nc 7065033ee348c8f9d0f877b0712fbac7
