<pytest_tempdir>/rundir0/piggy.tile1.nc b96471e880639a972e690d00e0b3b9c1
<pytest_tempdir>/rundir0/piggy.tile2.nc 516f711cde11434deac5da19334e9e99
<pytest_tempdir>/rundir0/piggy.tile3.nc 7fe362dd3ec0bdbe93d3e0fae457205c
<pytest_tempdir>/rundir0/piggy.tile4.nc 1d35b60f4f13c02178b8468dd61aec87
<pytest_tempdir>/rundir0/piggy.tile5.nc 199c80ab4b2044cc1826bcee481c3606
<pytest_tempdir>/rundir0/piggy.tile6.nc 1791cf21b9a7f5abfaf2f5affcdb3436
<pytest_tempdir>/rundir0/RESTART/fv_core.res.nc 03f92921ec61bc2e8650bcc3b1cc3971
<pytest_tempdir>/rundir0/RESTART/fv_core.res.tile1.nc b513b041a74ed79b8c7e752b8f006b57
<pytest_tempdir>/rundir0/RESTART/fv_core.res.tile2.nc ebec3bd3f60c45bc652b65b204c4c7e5
<pytest_tempdir>/rundir0/RESTART/fv_core.res.tile3.nc 3ebead78e2a2e10e63902a604e61a68b
<pytest_tempdir>/rundir0/RESTART/fv_core.res.tile4.nc 7f9929db1de3a22d152f29cbc6277404
<pytest_tempdir>/rundir0/RESTART/fv_core.res.tile5.nc fe04b14287c62a07a00cf7e50c2806df
<pytest_tempdir>/rundir0/RESTART/fv_core.res.tile6.nc d2ee93854877e4b064b201f815b89d86
<pytest_tempdir>/rundir0/RESTART/fv_srf_wnd.res.tile1.nc d88d9cb6bd69ab2116f2e666f5f57ea1
<pytest_tempdir>/rundir0/RESTART/fv_srf_wnd.res.tile2.nc 2ce14f973cb72b97f1e9bb1e2ee199ad
<pytest_tempdir>/rundir0/RESTART/fv_srf_wnd.res.tile3.nc ccdc900bc25b9d29310f5ceccbc19140
<pytest_tempdir>/rundir0/RESTART/fv_srf_wnd.res.tile4.nc 35d6b3b86f8f2854663a003d5af49329
<pytest_tempdir>/rundir0/RESTART/fv_srf_wnd.res.tile5.nc 556b0a039c0c74308e9e14099d8a84c6
<pytest_tempdir>/rundir0/RESTART/fv_srf_wnd.res.tile6.nc 73edd3cef2aa859bf0ed045913a1a4d8
<pytest_tempdir>/rundir0/RESTART/fv_tracer.res.tile1.nc 415ca7cbde7b87367b6a0826954d480e
<pytest_tempdir>/rundir0/RESTART/fv_tracer.res.tile2.nc 8151f351bd60dd115834a5de60cc5fcb
<pytest_tempdir>/rundir0/RESTART/fv_tracer.res.tile3.nc a8250af96e55230fc07ca444238e8f2e
<pytest_tempdir>/rundir0/RESTART/fv_tracer.res.tile4.nc 224a4e85317815d03ced8f8ad91c55c2
<pytest_tempdir>/rundir0/RESTART/fv_tracer.res.tile5.nc d030522e95768f84fe4b90fd9ccd4b7d
<pytest_tempdir>/rundir0/RESTART/fv_tracer.res.tile6.nc ce8aa7b7720aaaf11cb68a7b5282995a
<pytest_tempdir>/rundir0/RESTART/phy_data.tile1.nc 54d18d07de3ed583687fff05174f8166
<pytest_tempdir>/rundir0/RESTART/phy_data.tile2.nc 96b772dc1e0bb94ea6cd5f4e63e3a341
<pytest_tempdir>/rundir0/RESTART/phy_data.tile3.nc 9c7a9b9f70b298b4dd55e8aabe1ee4c4
<pytest_tempdir>/rundir0/RESTART/phy_data.tile4.nc d850850b7173019408e707b1101a08a4
<pytest_tempdir>/rundir0/RESTART/phy_data.tile5.nc b910a288ec2ef5c78cd66b618559402e
<pytest_tempdir>/rundir0/RESTART/phy_data.tile6.nc 293e725065263af4b07ac578a17505f1
<pytest_tempdir>/rundir0/RESTART/sfc_data.tile1.nc 1e04421f4fe5a11f7662772a48d9ca02
<pytest_tempdir>/rundir0/RESTART/sfc_data.tile2.nc e2372515893a61629cd65c1eaf23b41b
<pytest_tempdir>/rundir0/RESTART/sfc_data.tile3.nc f4cdcc97575769eadab8ff508a83b19a
<pytest_tempdir>/rundir0/RESTART/sfc_data.tile4.nc bfd04cdaf40b50c112a5ceeb26696902
<pytest_tempdir>/rundir0/RESTART/sfc_data.tile5.nc fdf35d9aa3450d69033c95c5d963e146
<pytest_tempdir>/rundir0/RESTART/sfc_data.tile6.nc 96b8708ce9bfb9b6663a1bd212a8634d
