<tmpdir_from_fixture>/rundir/atmos_4xdaily_fine_inst.tile1.nc 131fab4e3cd1feae7cb6bdaff881e725
<tmpdir_from_fixture>/rundir/atmos_4xdaily_fine_inst.tile2.nc fe45eab4a5c25ec93a5a348ee08881a0
<tmpdir_from_fixture>/rundir/atmos_4xdaily_fine_inst.tile3.nc fad54c07bf8692b0bb1296a189306dff
<tmpdir_from_fixture>/rundir/atmos_4xdaily_fine_inst.tile4.nc bdf349ecd9d8065fb7bc27d69b438c00
<tmpdir_from_fixture>/rundir/atmos_4xdaily_fine_inst.tile5.nc 1094331a6b0aa718e6509521ae268159
<tmpdir_from_fixture>/rundir/atmos_4xdaily_fine_inst.tile6.nc d4b2fe8b386577cb3d2eeb9d7cd727e2
<tmpdir_from_fixture>/rundir/RESTART/fv_core.res.nc 82157501c5b777a6e51603f36d381a8c
<tmpdir_from_fixture>/rundir/RESTART/fv_core.res.tile1.nc 8df913fef40d8d6eedd362520f6512a4
<tmpdir_from_fixture>/rundir/RESTART/fv_core.res.tile2.nc 4b01fcb4c142ae72ca856741bc806f5a
<tmpdir_from_fixture>/rundir/RESTART/fv_core.res.tile3.nc d4006c2a546a178be965f720f387b2d9
<tmpdir_from_fixture>/rundir/RESTART/fv_core.res.tile4.nc 73bb7ebaeb6332ece7052f12d93fd829
<tmpdir_from_fixture>/rundir/RESTART/fv_core.res.tile5.nc 374c78d89cf2b5ccb0244d671e0a771d
<tmpdir_from_fixture>/rundir/RESTART/fv_core.res.tile6.nc 72b460b36c037905959cd3f6be9e1d0e
<tmpdir_from_fixture>/rundir/RESTART/fv_srf_wnd.res.tile1.nc e7519a51f7612659b115dac1d85aede1
<tmpdir_from_fixture>/rundir/RESTART/fv_srf_wnd.res.tile2.nc 3f3546a0fe615fb5f96b9049adedc38a
<tmpdir_from_fixture>/rundir/RESTART/fv_srf_wnd.res.tile3.nc d091bcab3ca0cdb3c8a5da5d2ca107bc
<tmpdir_from_fixture>/rundir/RESTART/fv_srf_wnd.res.tile4.nc 0d9cbb49e429377ccd9404f4fc9a7608
<tmpdir_from_fixture>/rundir/RESTART/fv_srf_wnd.res.tile5.nc 20031bacaddef8911f86b8384e724263
<tmpdir_from_fixture>/rundir/RESTART/fv_srf_wnd.res.tile6.nc f6596bc7588be998d7dbb5a17d351d95
<tmpdir_from_fixture>/rundir/RESTART/fv_tracer.res.tile1.nc c7b7fb3c5b6204f8aee71f507e297ebf
<tmpdir_from_fixture>/rundir/RESTART/fv_tracer.res.tile2.nc cae3fa6f4e5982fc2ee303ab2d9aecf8
<tmpdir_from_fixture>/rundir/RESTART/fv_tracer.res.tile3.nc 5eef3858605d213334faa8ed04abf5d6
<tmpdir_from_fixture>/rundir/RESTART/fv_tracer.res.tile4.nc 3435289d90cc52ac78a5664777cec2d8
<tmpdir_from_fixture>/rundir/RESTART/fv_tracer.res.tile5.nc 2f13b4bde91748cdc7af11ca5aab4377
<tmpdir_from_fixture>/rundir/RESTART/fv_tracer.res.tile6.nc 34d5f9080166c78ba91cfdfc5baa514d
<tmpdir_from_fixture>/rundir/RESTART/phy_data.tile1.nc 009eee5d146a8dd492bfc6052ccad11e
<tmpdir_from_fixture>/rundir/RESTART/phy_data.tile2.nc ed094092b41c9853bf85d84d43d1f7fd
<tmpdir_from_fixture>/rundir/RESTART/phy_data.tile3.nc e7122fe73228aca73a13c89a3d53f149
<tmpdir_from_fixture>/rundir/RESTART/phy_data.tile4.nc ecc9f494e54293e09d50981300be7c26
<tmpdir_from_fixture>/rundir/RESTART/phy_data.tile5.nc f6ac59fc70a90e246c28db7ee9da4c6d
<tmpdir_from_fixture>/rundir/RESTART/phy_data.tile6.nc 8b15f645ac7f3fd52bcee6180edd1522
<tmpdir_from_fixture>/rundir/RESTART/sfc_data.tile1.nc 09b26f0da04aa448abc88318b3cde6ea
<tmpdir_from_fixture>/rundir/RESTART/sfc_data.tile2.nc ef339863ead3da19ce78dae34b0ff01a
<tmpdir_from_fixture>/rundir/RESTART/sfc_data.tile3.nc 8326e3a325b97a497d9a636102df1d97
<tmpdir_from_fixture>/rundir/RESTART/sfc_data.tile4.nc 17e04293cc1c2634de6613d06370c8cd
<tmpdir_from_fixture>/rundir/RESTART/sfc_data.tile5.nc 797a65d5df3306a51f6af3091330927c
<tmpdir_from_fixture>/rundir/RESTART/sfc_data.tile6.nc 99caf10d503d578821a2e7b7dd4ec103
