<tmpdir_from_fixture>/rundir/atmos_15min_coarse_ave.tile1.nc dd25c29d90e555c7337b034defaf165b
<tmpdir_from_fixture>/rundir/atmos_15min_coarse_ave.tile2.nc c4ed8a4408a518f4ec78292e90712579
<tmpdir_from_fixture>/rundir/atmos_15min_coarse_ave.tile3.nc f772d6559c31692ba7297b1f3c788d38
<tmpdir_from_fixture>/rundir/atmos_15min_coarse_ave.tile4.nc d3d8c8676529206247e2a0e48a1672ec
<tmpdir_from_fixture>/rundir/atmos_15min_coarse_ave.tile5.nc 3ee0a263756d4c6241c6634ac725e39d
<tmpdir_from_fixture>/rundir/atmos_15min_coarse_ave.tile6.nc 14d55b9a9ddf4d2d13f7d9a63c7ef122
<tmpdir_from_fixture>/rundir/atmos_15min_coarse_inst.tile1.nc bfb7c76bad52afb95f091c0ccf90968e
<tmpdir_from_fixture>/rundir/atmos_15min_coarse_inst.tile2.nc c7d85e79d0cdae559f668ba7982f5e52
<tmpdir_from_fixture>/rundir/atmos_15min_coarse_inst.tile3.nc 84c1dda5e1a198bcb314348e368485dd
<tmpdir_from_fixture>/rundir/atmos_15min_coarse_inst.tile4.nc 89848956ba797f328de038a1bc4afd2f
<tmpdir_from_fixture>/rundir/atmos_15min_coarse_inst.tile5.nc 306c6a8cc71f4c0c173bb1899eb9a46f
<tmpdir_from_fixture>/rundir/atmos_15min_coarse_inst.tile6.nc 4570e84f6b648a6625af6c5d0788cdde
<tmpdir_from_fixture>/rundir/atmos_static.tile1.nc 619b61ea4c39e0299a7304b804d71644
<tmpdir_from_fixture>/rundir/atmos_static.tile2.nc 0eef97643d2bcf6446f6f6e1000ecee9
<tmpdir_from_fixture>/rundir/atmos_static.tile3.nc 9b841377c9db9feeeb204ee0694b96e8
<tmpdir_from_fixture>/rundir/atmos_static.tile4.nc e9410405aee02aca937305531fdd5027
<tmpdir_from_fixture>/rundir/atmos_static.tile5.nc 6d8b08dcfd6693cab348acf80aca9030
<tmpdir_from_fixture>/rundir/atmos_static.tile6.nc 1a69a19a699a7b1e0df207bd60e76e5e
<tmpdir_from_fixture>/rundir/gfsphysics_15min_coarse.tile1.nc 740c5eec76ecc19438faa74c2324b57d
<tmpdir_from_fixture>/rundir/gfsphysics_15min_coarse.tile2.nc b9a47fb9d1882a9a1198470e40cf88bd
<tmpdir_from_fixture>/rundir/gfsphysics_15min_coarse.tile3.nc 5a449fe589f1340aa70e7a334d40c726
<tmpdir_from_fixture>/rundir/gfsphysics_15min_coarse.tile4.nc 92156ee8fea6ac4d899f9453437211be
<tmpdir_from_fixture>/rundir/gfsphysics_15min_coarse.tile5.nc b5af0e4ee26f084fd5c6a2b526755679
<tmpdir_from_fixture>/rundir/gfsphysics_15min_coarse.tile6.nc 45e0925e16b785589bb2ce5a4b4d883b
<tmpdir_from_fixture>/rundir/grid_spec.tile1.nc 59f571718c972e967a585a78202ecf3f
<tmpdir_from_fixture>/rundir/grid_spec.tile2.nc 04f297267e4c9bd35a87633bb009fe7e
<tmpdir_from_fixture>/rundir/grid_spec.tile3.nc 620572e8069f186ee3da98729153eeea
<tmpdir_from_fixture>/rundir/grid_spec.tile4.nc f198d415d03f5359ca750430f3e61b4a
<tmpdir_from_fixture>/rundir/grid_spec.tile5.nc 1573fbad16114c552fc794fe33f4748b
<tmpdir_from_fixture>/rundir/grid_spec.tile6.nc 855ba3a18f19b8b385f8a340dfe6a9ff
<tmpdir_from_fixture>/rundir/grid_spec_coarse.tile1.nc 74e99a3d802c3711baea622a08d372e6
<tmpdir_from_fixture>/rundir/grid_spec_coarse.tile2.nc 0ec55becdbe34b66253120e9c3fcefbb
<tmpdir_from_fixture>/rundir/grid_spec_coarse.tile3.nc fed8522c20eac59e121babb4abc0a077
<tmpdir_from_fixture>/rundir/grid_spec_coarse.tile4.nc 912449d19e77a433401f1e0498534cf5
<tmpdir_from_fixture>/rundir/grid_spec_coarse.tile5.nc 8332cb7f89f4477d4b05b727af3b5870
<tmpdir_from_fixture>/rundir/grid_spec_coarse.tile6.nc 84efe1b3dd75527b40488eb6cb549cea
<tmpdir_from_fixture>/rundir/physics_tendencies_15min_coarse.tile1.nc 6a873d32b80e2dab2839c1d0aadeaac3
<tmpdir_from_fixture>/rundir/physics_tendencies_15min_coarse.tile2.nc 3fbdfeadd96948d1f86ac9637546d111
<tmpdir_from_fixture>/rundir/physics_tendencies_15min_coarse.tile3.nc 9a4f3fff8881845e415e51503ee6f776
<tmpdir_from_fixture>/rundir/physics_tendencies_15min_coarse.tile4.nc 680536a7d42d9af59d8281b23e20b255
<tmpdir_from_fixture>/rundir/physics_tendencies_15min_coarse.tile5.nc 829d483dbc7904a8b45f545225d93552
<tmpdir_from_fixture>/rundir/physics_tendencies_15min_coarse.tile6.nc 256f82f13a5d8483cec737e0994af88a
<tmpdir_from_fixture>/rundir/sfc_dt_atmos_diag_manager_controlled_coarse.tile1.nc 6ee6aad76fca65812b09a5f35a71e292
<tmpdir_from_fixture>/rundir/sfc_dt_atmos_diag_manager_controlled_coarse.tile2.nc 6e6de670f31b563539cf523326f67bc4
<tmpdir_from_fixture>/rundir/sfc_dt_atmos_diag_manager_controlled_coarse.tile3.nc 995daea08108309333f54ce973cfbe16
<tmpdir_from_fixture>/rundir/sfc_dt_atmos_diag_manager_controlled_coarse.tile4.nc e24fc4117c6fe11328a6bcf9567da217
<tmpdir_from_fixture>/rundir/sfc_dt_atmos_diag_manager_controlled_coarse.tile5.nc ae8e7c7beb95da2502026b93454258e1
<tmpdir_from_fixture>/rundir/sfc_dt_atmos_diag_manager_controlled_coarse.tile6.nc bc3fbfc36ce51aa103b9961519fe3915
<tmpdir_from_fixture>/rundir/RESTART/20160801.001500.fv_core_coarse.res.tile1.nc a27261d290169959d60d1c8c718cd67c
<tmpdir_from_fixture>/rundir/RESTART/20160801.001500.fv_core_coarse.res.tile2.nc acbe10394a2a6573ee848f9881f99221
<tmpdir_from_fixture>/rundir/RESTART/20160801.001500.fv_core_coarse.res.tile3.nc e60b434079c9a2e95fe5c7c2310247c3
<tmpdir_from_fixture>/rundir/RESTART/20160801.001500.fv_core_coarse.res.tile4.nc b87692c090f0b87f3270a482360b7938
<tmpdir_from_fixture>/rundir/RESTART/20160801.001500.fv_core_coarse.res.tile5.nc 3c9c1814e1d958bc9dec56607a42d311
<tmpdir_from_fixture>/rundir/RESTART/20160801.001500.fv_core_coarse.res.tile6.nc 7d11ea89639851818e0e7fcde76177f3
<tmpdir_from_fixture>/rundir/RESTART/20160801.001500.fv_srf_wnd_coarse.res.tile1.nc 00f80a5dfd3a0d0832ce5f81e65f2e80
<tmpdir_from_fixture>/rundir/RESTART/20160801.001500.fv_srf_wnd_coarse.res.tile2.nc abbd076d624df69f8cfd204699125d15
<tmpdir_from_fixture>/rundir/RESTART/20160801.001500.fv_srf_wnd_coarse.res.tile3.nc b8c3f3404088877dbf7928255befe55f
<tmpdir_from_fixture>/rundir/RESTART/20160801.001500.fv_srf_wnd_coarse.res.tile4.nc 46f5931cf5f5d64db87e5dc201973114
<tmpdir_from_fixture>/rundir/RESTART/20160801.001500.fv_srf_wnd_coarse.res.tile5.nc c4bf9e3bfda28e8fbb4fb0c4eb332bbe
<tmpdir_from_fixture>/rundir/RESTART/20160801.001500.fv_srf_wnd_coarse.res.tile6.nc 1cc71b24d20cfc06e46a39728cee1092
<tmpdir_from_fixture>/rundir/RESTART/20160801.001500.fv_tracer_coarse.res.tile1.nc 1d0d1528c1a720faacff118a53a31484
<tmpdir_from_fixture>/rundir/RESTART/20160801.001500.fv_tracer_coarse.res.tile2.nc b47575e6aef39db6191d78755f19cd43
<tmpdir_from_fixture>/rundir/RESTART/20160801.001500.fv_tracer_coarse.res.tile3.nc 3e8af67f4937157570add25047b501a3
<tmpdir_from_fixture>/rundir/RESTART/20160801.001500.fv_tracer_coarse.res.tile4.nc 270b19f811a98c7bc77b46f0e3227f65
<tmpdir_from_fixture>/rundir/RESTART/20160801.001500.fv_tracer_coarse.res.tile5.nc c13e535be17491033f769bed1258dd74
<tmpdir_from_fixture>/rundir/RESTART/20160801.001500.fv_tracer_coarse.res.tile6.nc a0e09ba3f1cb3b1cd35591168810e129
<tmpdir_from_fixture>/rundir/RESTART/20160801.001500.sfc_data_coarse.tile1.nc 8cea135d3d101edd055334ea370bbc18
<tmpdir_from_fixture>/rundir/RESTART/20160801.001500.sfc_data_coarse.tile2.nc 8037b458755634ac5e12c7d6e260b218
<tmpdir_from_fixture>/rundir/RESTART/20160801.001500.sfc_data_coarse.tile3.nc a40c682ea9847ab1062abdca7bea77e3
<tmpdir_from_fixture>/rundir/RESTART/20160801.001500.sfc_data_coarse.tile4.nc 8dc2a5f50beeea78ea3880519e24d6ae
<tmpdir_from_fixture>/rundir/RESTART/20160801.001500.sfc_data_coarse.tile5.nc b90c386b67d456723bdc7964f4a9f221
<tmpdir_from_fixture>/rundir/RESTART/20160801.001500.sfc_data_coarse.tile6.nc f5b84650b82d62edf336c6f2e6cc8e96
<tmpdir_from_fixture>/rundir/RESTART/fv_core.res.nc 03f92921ec61bc2e8650bcc3b1cc3971
<tmpdir_from_fixture>/rundir/RESTART/fv_core.res.tile1.nc 932dddd6432d9534577a350c5a7d58e1
<tmpdir_from_fixture>/rundir/RESTART/fv_core.res.tile2.nc 79240960f6b7fcec31d10a2b34fc1506
<tmpdir_from_fixture>/rundir/RESTART/fv_core.res.tile3.nc c476ea2b43659641894d7cd1942c8d12
<tmpdir_from_fixture>/rundir/RESTART/fv_core.res.tile4.nc 9cb10e3c5d5f2c38b8dfacaae68ab0b8
<tmpdir_from_fixture>/rundir/RESTART/fv_core.res.tile5.nc 18c55727fb061b6cf562ee0e5cdfe684
<tmpdir_from_fixture>/rundir/RESTART/fv_core.res.tile6.nc 749220b301a5336f99febceed3aaeede
<tmpdir_from_fixture>/rundir/RESTART/fv_core_coarse.res.tile1.nc b72dfd3c46880ea72ab9e76bd717016e
<tmpdir_from_fixture>/rundir/RESTART/fv_core_coarse.res.tile2.nc f9ca013f70551dfa9d4e85011a0fc2b8
<tmpdir_from_fixture>/rundir/RESTART/fv_core_coarse.res.tile3.nc c6d2091106f55ff8574ac42331b11517
<tmpdir_from_fixture>/rundir/RESTART/fv_core_coarse.res.tile4.nc 86ede16cb3c9162cfb93e729a3bbf9c2
<tmpdir_from_fixture>/rundir/RESTART/fv_core_coarse.res.tile5.nc f5baf11c73b95799abc20feb4696a374
<tmpdir_from_fixture>/rundir/RESTART/fv_core_coarse.res.tile6.nc f9f48429e283404b60dd92dd17a4c983
<tmpdir_from_fixture>/rundir/RESTART/fv_srf_wnd.res.tile1.nc 5eba30cf31081fd0671d13f71bebd6ca
<tmpdir_from_fixture>/rundir/RESTART/fv_srf_wnd.res.tile2.nc f4e35890a636a90ec6b8d1c57257024d
<tmpdir_from_fixture>/rundir/RESTART/fv_srf_wnd.res.tile3.nc f8b538487a5c1962b6bfc9719e671bee
<tmpdir_from_fixture>/rundir/RESTART/fv_srf_wnd.res.tile4.nc dedb3fc1f9a41b4b200f963bdf450a26
<tmpdir_from_fixture>/rundir/RESTART/fv_srf_wnd.res.tile5.nc 5b005dc7dc9d72ed8820cbb62b46491b
<tmpdir_from_fixture>/rundir/RESTART/fv_srf_wnd.res.tile6.nc b5cdd5b15491a19a2f7d13444e9fd211
<tmpdir_from_fixture>/rundir/RESTART/fv_srf_wnd_coarse.res.tile1.nc 06a7087a12e6b849c89b80a755bde1c7
<tmpdir_from_fixture>/rundir/RESTART/fv_srf_wnd_coarse.res.tile2.nc 61d64f73000210a2139b19fd5f7d8a58
<tmpdir_from_fixture>/rundir/RESTART/fv_srf_wnd_coarse.res.tile3.nc f959c19f0df20dd3fc395c60358557a0
<tmpdir_from_fixture>/rundir/RESTART/fv_srf_wnd_coarse.res.tile4.nc 507edfff4ce58840f11988467a8a3dc4
<tmpdir_from_fixture>/rundir/RESTART/fv_srf_wnd_coarse.res.tile5.nc 0fac62edd7b6fa79f0b801be675ec3f5
<tmpdir_from_fixture>/rundir/RESTART/fv_srf_wnd_coarse.res.tile6.nc 08dd8204296cf4c9a91083bf09d3b8b1
<tmpdir_from_fixture>/rundir/RESTART/fv_tracer.res.tile1.nc 83ee3e6667fb13855c526687e8cab7d7
<tmpdir_from_fixture>/rundir/RESTART/fv_tracer.res.tile2.nc 231ad75b03773cc044d7e36e56b4691f
<tmpdir_from_fixture>/rundir/RESTART/fv_tracer.res.tile3.nc c20780ff31bd46217bac59d0bc8697f0
<tmpdir_from_fixture>/rundir/RESTART/fv_tracer.res.tile4.nc 6de8634812183b0126028155687b4520
<tmpdir_from_fixture>/rundir/RESTART/fv_tracer.res.tile5.nc 5eccffa5ee92ba0cb981654e447ef188
<tmpdir_from_fixture>/rundir/RESTART/fv_tracer.res.tile6.nc 53a41ed2076e2d5677bf9b75781db75b
<tmpdir_from_fixture>/rundir/RESTART/fv_tracer_coarse.res.tile1.nc 09b6c77c957192abbbd57d07d9a4d66c
<tmpdir_from_fixture>/rundir/RESTART/fv_tracer_coarse.res.tile2.nc 274cf8a71655cc5538aff099ed60484d
<tmpdir_from_fixture>/rundir/RESTART/fv_tracer_coarse.res.tile3.nc f9d84d94b6f67dce70c349aa38621663
<tmpdir_from_fixture>/rundir/RESTART/fv_tracer_coarse.res.tile4.nc 5e93e9983e6f273e8b8c6b6c43959c68
<tmpdir_from_fixture>/rundir/RESTART/fv_tracer_coarse.res.tile5.nc 3c51ab89a1f91e529653c696578a62ca
<tmpdir_from_fixture>/rundir/RESTART/fv_tracer_coarse.res.tile6.nc 542a47a6a4a8c4cd03483e2719b8ace1
<tmpdir_from_fixture>/rundir/RESTART/phy_data.tile1.nc fb88bfd101012d8b1d00c14c1a22351e
<tmpdir_from_fixture>/rundir/RESTART/phy_data.tile2.nc cf136172bcb639092a922e7f50adf1ad
<tmpdir_from_fixture>/rundir/RESTART/phy_data.tile3.nc 340a36a988201cc3db4d12a0f5062dad
<tmpdir_from_fixture>/rundir/RESTART/phy_data.tile4.nc 7d3d8a6c10dd385c65af2b5ff914c24b
<tmpdir_from_fixture>/rundir/RESTART/phy_data.tile5.nc 1d0ef27b83773c311fe92b59d02b64fc
<tmpdir_from_fixture>/rundir/RESTART/phy_data.tile6.nc 8dcb5440277f5d5b86b2b093789dcb3a
<tmpdir_from_fixture>/rundir/RESTART/sfc_data.tile1.nc a7fd56ec1d6882b6ffe420fa275a9279
<tmpdir_from_fixture>/rundir/RESTART/sfc_data.tile2.nc 7e8dc3fe369b941e8ff5665a87d78135
<tmpdir_from_fixture>/rundir/RESTART/sfc_data.tile3.nc 2394fb492835327307a7c30863260da5
<tmpdir_from_fixture>/rundir/RESTART/sfc_data.tile4.nc 1d04a24e699dba1d0a5e20eada885dc8
<tmpdir_from_fixture>/rundir/RESTART/sfc_data.tile5.nc 157d2db14b61d9265b4537f8321a838c
<tmpdir_from_fixture>/rundir/RESTART/sfc_data.tile6.nc bd5df1f67fd361318bf3bf74436dd009
<tmpdir_from_fixture>/rundir/RESTART/sfc_data_coarse.tile1.nc b42dd7f14e30bffaf8461e530f4c8d53
<tmpdir_from_fixture>/rundir/RESTART/sfc_data_coarse.tile2.nc a88955af2fd41f2f68b59eeea1429880
<tmpdir_from_fixture>/rundir/RESTART/sfc_data_coarse.tile3.nc fd9ca0080189d8abcd485f1a52563fc2
<tmpdir_from_fixture>/rundir/RESTART/sfc_data_coarse.tile4.nc fba51b578356acf8de3bb0650b562e69
<tmpdir_from_fixture>/rundir/RESTART/sfc_data_coarse.tile5.nc 6583eba97c2ee85984012c523748b829
<tmpdir_from_fixture>/rundir/RESTART/sfc_data_coarse.tile6.nc d349d315bcac5d11e0dc755a51056eb3
