<tmpdir_from_fixture>/rundir/atmos_15min_coarse_ave.tile1.nc daab21d88b573a39bc3aeb1dbe1c9b47
<tmpdir_from_fixture>/rundir/atmos_15min_coarse_ave.tile2.nc 824de2ce879ed60a5b4c74edd8b76aa8
<tmpdir_from_fixture>/rundir/atmos_15min_coarse_ave.tile3.nc fdec7171ce2d0565242021c75ca46571
<tmpdir_from_fixture>/rundir/atmos_15min_coarse_ave.tile4.nc 9f92c29c0ff5cf9c289a91fdc4270688
<tmpdir_from_fixture>/rundir/atmos_15min_coarse_ave.tile5.nc 986fbb65578102a03985783509812acc
<tmpdir_from_fixture>/rundir/atmos_15min_coarse_ave.tile6.nc 9688de1b023e2ba4373384e4512a08c9
<tmpdir_from_fixture>/rundir/atmos_15min_coarse_inst.tile1.nc 8d8029955a0db4154da59143a0645681
<tmpdir_from_fixture>/rundir/atmos_15min_coarse_inst.tile2.nc 06b959cae551339d3cddb8bbb73db3d2
<tmpdir_from_fixture>/rundir/atmos_15min_coarse_inst.tile3.nc f060b1f0d72de5582f799bab36a3e44e
<tmpdir_from_fixture>/rundir/atmos_15min_coarse_inst.tile4.nc 9257a62b205728d66fae9793ee143f76
<tmpdir_from_fixture>/rundir/atmos_15min_coarse_inst.tile5.nc 983b45dfb60c96094f57285f12145254
<tmpdir_from_fixture>/rundir/atmos_15min_coarse_inst.tile6.nc 23c3f79b4caa57f9bd552f902b95cdcd
<tmpdir_from_fixture>/rundir/atmos_static.tile1.nc 6163f79892895ac58c44cc3627987f32
<tmpdir_from_fixture>/rundir/atmos_static.tile2.nc 2aa48558df1f9ce16fe6f7ef66a4f9dc
<tmpdir_from_fixture>/rundir/atmos_static.tile3.nc 017d1b70797e4cb92afb6b03a38c9dda
<tmpdir_from_fixture>/rundir/atmos_static.tile4.nc 849d334e2ac655063c7087d9eb5396af
<tmpdir_from_fixture>/rundir/atmos_static.tile5.nc 4f17e36c2e2603ff7f887f80b90dffed
<tmpdir_from_fixture>/rundir/atmos_static.tile6.nc 99be4febd5cbb0613b5f39548373a3fb
<tmpdir_from_fixture>/rundir/gfsphysics_15min_coarse.tile1.nc 3743dfea71025922477c01d3c6cb5959
<tmpdir_from_fixture>/rundir/gfsphysics_15min_coarse.tile2.nc 4e0efca488f8261bcee4bf83222c40b4
<tmpdir_from_fixture>/rundir/gfsphysics_15min_coarse.tile3.nc 354538a5dd79fcc864336d29aff3edd3
<tmpdir_from_fixture>/rundir/gfsphysics_15min_coarse.tile4.nc 962d3fd137e85b504376df1ee2b235b5
<tmpdir_from_fixture>/rundir/gfsphysics_15min_coarse.tile5.nc f8f751c4445a682d31c721b664a85b23
<tmpdir_from_fixture>/rundir/gfsphysics_15min_coarse.tile6.nc 0a441eea05400126e80ab3f95ceb8a36
<tmpdir_from_fixture>/rundir/grid_spec.tile1.nc 0491709f0480fc8ae485348fa16269d0
<tmpdir_from_fixture>/rundir/grid_spec.tile2.nc 33f211fa6cc36664ba19df3cc8b1c3fe
<tmpdir_from_fixture>/rundir/grid_spec.tile3.nc e4b4c9ea13bff8d6b3976cc716d37e3c
<tmpdir_from_fixture>/rundir/grid_spec.tile4.nc 419232d8a3f3373e2a357e4411ad90d7
<tmpdir_from_fixture>/rundir/grid_spec.tile5.nc 4ab61e1d29c27478a3feae2250701a0a
<tmpdir_from_fixture>/rundir/grid_spec.tile6.nc 2be47cd691293f4c0f7c592f8c06c636
<tmpdir_from_fixture>/rundir/grid_spec_coarse.tile1.nc 97f024224cbfa7528d64155a58b68ce7
<tmpdir_from_fixture>/rundir/grid_spec_coarse.tile2.nc 996f17c29602754d913a7e351429fa35
<tmpdir_from_fixture>/rundir/grid_spec_coarse.tile3.nc 22185deaa6d86741a9685eac7f19c122
<tmpdir_from_fixture>/rundir/grid_spec_coarse.tile4.nc 5bea5c0a26b20be74611e4feb71820bc
<tmpdir_from_fixture>/rundir/grid_spec_coarse.tile5.nc 0df6f5c18c334f5446e3bfb7f84e5748
<tmpdir_from_fixture>/rundir/grid_spec_coarse.tile6.nc a055ea60898cf38317b4e1acb532f1e5
<tmpdir_from_fixture>/rundir/physics_tendencies_15min_coarse.tile1.nc 713af30614e095bccae52720d37083da
<tmpdir_from_fixture>/rundir/physics_tendencies_15min_coarse.tile2.nc 8cf86e30e897d5e8e51b498433aebe7f
<tmpdir_from_fixture>/rundir/physics_tendencies_15min_coarse.tile3.nc 5089d22323f2348273c5f47b2ffc4d51
<tmpdir_from_fixture>/rundir/physics_tendencies_15min_coarse.tile4.nc 7f9873caaf780c369eb7c31b2c4a5ff4
<tmpdir_from_fixture>/rundir/physics_tendencies_15min_coarse.tile5.nc 3d90371369ca5e2d34c1ff336f3b7d5e
<tmpdir_from_fixture>/rundir/physics_tendencies_15min_coarse.tile6.nc 5eecc3da24508946c571c6d18f452ed9
<tmpdir_from_fixture>/rundir/RESTART/20160801.001500.fv_core_coarse.res.tile1.nc 0d8b29059f8a85e5291ac2a8c9e9ed28
<tmpdir_from_fixture>/rundir/RESTART/20160801.001500.fv_core_coarse.res.tile2.nc 01b8a6448d63184ae3bc4ce3a013b243
<tmpdir_from_fixture>/rundir/RESTART/20160801.001500.fv_core_coarse.res.tile3.nc 4d6d8a42de887ec331be684ae9841470
<tmpdir_from_fixture>/rundir/RESTART/20160801.001500.fv_core_coarse.res.tile4.nc d7ae54b17448c88189cc566c36e3a2d6
<tmpdir_from_fixture>/rundir/RESTART/20160801.001500.fv_core_coarse.res.tile5.nc 91a978e7de66236b68195151557a3914
<tmpdir_from_fixture>/rundir/RESTART/20160801.001500.fv_core_coarse.res.tile6.nc 55c4ac2ab2bc611395b91427b210e6c5
<tmpdir_from_fixture>/rundir/RESTART/20160801.001500.fv_srf_wnd_coarse.res.tile1.nc 1856119c55429505ab65ab76ffccbce1
<tmpdir_from_fixture>/rundir/RESTART/20160801.001500.fv_srf_wnd_coarse.res.tile2.nc dfb05615e517f12de2621aae6884b1c9
<tmpdir_from_fixture>/rundir/RESTART/20160801.001500.fv_srf_wnd_coarse.res.tile3.nc b70c9d4413ba41be616bddbd8f126e31
<tmpdir_from_fixture>/rundir/RESTART/20160801.001500.fv_srf_wnd_coarse.res.tile4.nc b6d1fe09269b08a99e3aec04db6960f9
<tmpdir_from_fixture>/rundir/RESTART/20160801.001500.fv_srf_wnd_coarse.res.tile5.nc e4b5aa780ea95ac641c3260174a5f0c1
<tmpdir_from_fixture>/rundir/RESTART/20160801.001500.fv_srf_wnd_coarse.res.tile6.nc 85ae3f162da104084dfab7e0bcb8b166
<tmpdir_from_fixture>/rundir/RESTART/20160801.001500.fv_tracer_coarse.res.tile1.nc 604770ba1bced719b4517fb3b19918fc
<tmpdir_from_fixture>/rundir/RESTART/20160801.001500.fv_tracer_coarse.res.tile2.nc cad872f6da3a65d715888253bab29567
<tmpdir_from_fixture>/rundir/RESTART/20160801.001500.fv_tracer_coarse.res.tile3.nc ff27e62dc2f693eb5e335cc64fe401b6
<tmpdir_from_fixture>/rundir/RESTART/20160801.001500.fv_tracer_coarse.res.tile4.nc 714aefe5dfbcd03a8f294c371c7122a1
<tmpdir_from_fixture>/rundir/RESTART/20160801.001500.fv_tracer_coarse.res.tile5.nc 3dec0f2d9f1959c4e092f041ccad0006
<tmpdir_from_fixture>/rundir/RESTART/20160801.001500.fv_tracer_coarse.res.tile6.nc 85dc28e52766a3f75a4af12d0325905d
<tmpdir_from_fixture>/rundir/RESTART/20160801.001500.sfc_data_coarse.tile1.nc 90154ca63e3c22ddad4b42fee4efb680
<tmpdir_from_fixture>/rundir/RESTART/20160801.001500.sfc_data_coarse.tile2.nc c46eaf021bfdd2241744c6a42c07f215
<tmpdir_from_fixture>/rundir/RESTART/20160801.001500.sfc_data_coarse.tile3.nc 97865991a8e903a0ea336834f59917c6
<tmpdir_from_fixture>/rundir/RESTART/20160801.001500.sfc_data_coarse.tile4.nc b2d038bd9156bd7226353ffaeecc346f
<tmpdir_from_fixture>/rundir/RESTART/20160801.001500.sfc_data_coarse.tile5.nc 2f7ae6457dcf296962c9f0a19d3655f1
<tmpdir_from_fixture>/rundir/RESTART/20160801.001500.sfc_data_coarse.tile6.nc f09aab02902418e9501072a3c2514348
<tmpdir_from_fixture>/rundir/RESTART/fv_core.res.nc 03f92921ec61bc2e8650bcc3b1cc3971
<tmpdir_from_fixture>/rundir/RESTART/fv_core.res.tile1.nc 2cdea0a6619ea1c32240457e0b1f3b01
<tmpdir_from_fixture>/rundir/RESTART/fv_core.res.tile2.nc d5785961ad7c387b90a5891b993a3492
<tmpdir_from_fixture>/rundir/RESTART/fv_core.res.tile3.nc 1e58924682209e67253fe07e59562ab8
<tmpdir_from_fixture>/rundir/RESTART/fv_core.res.tile4.nc 33e649c9cc02854b120c333cc000fd6c
<tmpdir_from_fixture>/rundir/RESTART/fv_core.res.tile5.nc c449e84ce3b661b7131c045767a7a7a5
<tmpdir_from_fixture>/rundir/RESTART/fv_core.res.tile6.nc f0551b284a166530a1eea77ea02a3a13
<tmpdir_from_fixture>/rundir/RESTART/fv_core_coarse.res.tile1.nc 8b4ff083c15f99c92fb32b35ce8dc60f
<tmpdir_from_fixture>/rundir/RESTART/fv_core_coarse.res.tile2.nc 282a47ca81c67fcefc36595ea4508c95
<tmpdir_from_fixture>/rundir/RESTART/fv_core_coarse.res.tile3.nc 8437545274ffda3a1e386cf6da79c185
<tmpdir_from_fixture>/rundir/RESTART/fv_core_coarse.res.tile4.nc c586cf863277de50700f9f148bf1f45a
<tmpdir_from_fixture>/rundir/RESTART/fv_core_coarse.res.tile5.nc 7e48ac823942be1845e9cc6b8777ba84
<tmpdir_from_fixture>/rundir/RESTART/fv_core_coarse.res.tile6.nc 112dc0b9803494703907717f1105f513
<tmpdir_from_fixture>/rundir/RESTART/fv_srf_wnd.res.tile1.nc 3ce30c9bd6e78eedd45ed9ac3e563b8a
<tmpdir_from_fixture>/rundir/RESTART/fv_srf_wnd.res.tile2.nc 2275185790ff02ef5a236fd894440ea0
<tmpdir_from_fixture>/rundir/RESTART/fv_srf_wnd.res.tile3.nc ba4640d7373e3e87feea997fa4274645
<tmpdir_from_fixture>/rundir/RESTART/fv_srf_wnd.res.tile4.nc f6b88342a16ac96f32c7644e6708495b
<tmpdir_from_fixture>/rundir/RESTART/fv_srf_wnd.res.tile5.nc 390ca39c034c31f63bc100dda8524259
<tmpdir_from_fixture>/rundir/RESTART/fv_srf_wnd.res.tile6.nc 60fdb7f191ca35565048c3718eae996a
<tmpdir_from_fixture>/rundir/RESTART/fv_srf_wnd_coarse.res.tile1.nc 1495179d356832adb98458d8e31a9635
<tmpdir_from_fixture>/rundir/RESTART/fv_srf_wnd_coarse.res.tile2.nc 42ebfe44e924b75a4a2d6de10cf8a1cf
<tmpdir_from_fixture>/rundir/RESTART/fv_srf_wnd_coarse.res.tile3.nc 9ffbb99eb9a3ca0cd7cdf6b2fe53fda4
<tmpdir_from_fixture>/rundir/RESTART/fv_srf_wnd_coarse.res.tile4.nc 12ad2687805ecf0b96225715f623915d
<tmpdir_from_fixture>/rundir/RESTART/fv_srf_wnd_coarse.res.tile5.nc 1865650c27d76920e69b6375bebb228f
<tmpdir_from_fixture>/rundir/RESTART/fv_srf_wnd_coarse.res.tile6.nc 1b4a2013a523c4764e6f8b81c348451c
<tmpdir_from_fixture>/rundir/RESTART/fv_tracer.res.tile1.nc 58aa89678a105e49ca23b0b810840988
<tmpdir_from_fixture>/rundir/RESTART/fv_tracer.res.tile2.nc 304d48ab37d84abae98c0fb2ac655067
<tmpdir_from_fixture>/rundir/RESTART/fv_tracer.res.tile3.nc bb622a409e35e4a55124386910230ab4
<tmpdir_from_fixture>/rundir/RESTART/fv_tracer.res.tile4.nc ddffe9ee3a0f4b9ab6f05dd9b2ad8065
<tmpdir_from_fixture>/rundir/RESTART/fv_tracer.res.tile5.nc e28fcda3dcd068c0260eefa6655966b7
<tmpdir_from_fixture>/rundir/RESTART/fv_tracer.res.tile6.nc b50480605587a14e929e1410daa105b8
<tmpdir_from_fixture>/rundir/RESTART/fv_tracer_coarse.res.tile1.nc 8300c7e66f2939452f6a408babfca99a
<tmpdir_from_fixture>/rundir/RESTART/fv_tracer_coarse.res.tile2.nc 72d693e661d95f80101a97c968e4b5fa
<tmpdir_from_fixture>/rundir/RESTART/fv_tracer_coarse.res.tile3.nc 85358320e8a974b929b8e244aa353436
<tmpdir_from_fixture>/rundir/RESTART/fv_tracer_coarse.res.tile4.nc 7ce6c128b95cab10c4f8427bafed3648
<tmpdir_from_fixture>/rundir/RESTART/fv_tracer_coarse.res.tile5.nc a9c52d2658122bdb1af2e745ccd886bc
<tmpdir_from_fixture>/rundir/RESTART/fv_tracer_coarse.res.tile6.nc 422ea7c15c27fee9dd8bfe5a0b423c5e
<tmpdir_from_fixture>/rundir/RESTART/phy_data.tile1.nc fb88bfd101012d8b1d00c14c1a22351e
<tmpdir_from_fixture>/rundir/RESTART/phy_data.tile2.nc cf136172bcb639092a922e7f50adf1ad
<tmpdir_from_fixture>/rundir/RESTART/phy_data.tile3.nc 340a36a988201cc3db4d12a0f5062dad
<tmpdir_from_fixture>/rundir/RESTART/phy_data.tile4.nc 7d3d8a6c10dd385c65af2b5ff914c24b
<tmpdir_from_fixture>/rundir/RESTART/phy_data.tile5.nc 1d0ef27b83773c311fe92b59d02b64fc
<tmpdir_from_fixture>/rundir/RESTART/phy_data.tile6.nc 8dcb5440277f5d5b86b2b093789dcb3a
<tmpdir_from_fixture>/rundir/RESTART/sfc_data.tile1.nc e699f727c2ecfbfb54890fe9ba3e9e12
<tmpdir_from_fixture>/rundir/RESTART/sfc_data.tile2.nc b58ec15d8383818cd5de1b1446d68ba0
<tmpdir_from_fixture>/rundir/RESTART/sfc_data.tile3.nc 224e894b3acff7b216757eb00bbbc0e6
<tmpdir_from_fixture>/rundir/RESTART/sfc_data.tile4.nc 40170ff0085669135b62dbd7a1754a95
<tmpdir_from_fixture>/rundir/RESTART/sfc_data.tile5.nc 9a5ea4141220364ace60a3cfae717eef
<tmpdir_from_fixture>/rundir/RESTART/sfc_data.tile6.nc ca6f5ff04be60825e9a5c6385a2dc16a
<tmpdir_from_fixture>/rundir/RESTART/sfc_data_coarse.tile1.nc 5c13c32c276dcc7f9bd1f8078504d436
<tmpdir_from_fixture>/rundir/RESTART/sfc_data_coarse.tile2.nc e054b0d41e5ec5904c466d1e38b42752
<tmpdir_from_fixture>/rundir/RESTART/sfc_data_coarse.tile3.nc f6035ecbbce5674dc305a1f73cabb320
<tmpdir_from_fixture>/rundir/RESTART/sfc_data_coarse.tile4.nc f72dd48ff1b5e6db008315ce8a56a075
<tmpdir_from_fixture>/rundir/RESTART/sfc_data_coarse.tile5.nc 0a2b3a2f98b67ce7065d1542678be3bf
<tmpdir_from_fixture>/rundir/RESTART/sfc_data_coarse.tile6.nc ae71de6d938bad417a942cf06e4c8499
