<tmpdir_from_fixture>/rundir/atmos_15min_coarse_ave.tile1.nc cbd31e0799de2bf6018c5cb1fb602454
<tmpdir_from_fixture>/rundir/atmos_15min_coarse_ave.tile2.nc 87b1afe6570aea7118f2119a56692671
<tmpdir_from_fixture>/rundir/atmos_15min_coarse_ave.tile3.nc f526d1c9e5b8fdf5af45a9269be8b960
<tmpdir_from_fixture>/rundir/atmos_15min_coarse_ave.tile4.nc 74f7dbeffafa33cc989c7ebb7d164669
<tmpdir_from_fixture>/rundir/atmos_15min_coarse_ave.tile5.nc 1d3a443350bf0285e785b6d8f95aebf7
<tmpdir_from_fixture>/rundir/atmos_15min_coarse_ave.tile6.nc 36f6c39990da4d9edd1d99d2a14db1d3
<tmpdir_from_fixture>/rundir/atmos_15min_coarse_inst.tile1.nc c40500011b04223d17db40a7527466c5
<tmpdir_from_fixture>/rundir/atmos_15min_coarse_inst.tile2.nc 30c81695dbb14d8a6e65e277cbdeea51
<tmpdir_from_fixture>/rundir/atmos_15min_coarse_inst.tile3.nc c187eb1133a0c38338f9194cdd49c8a5
<tmpdir_from_fixture>/rundir/atmos_15min_coarse_inst.tile4.nc fc41652e89b53b6fbfdb6f87fa632754
<tmpdir_from_fixture>/rundir/atmos_15min_coarse_inst.tile5.nc 9ff9de7f4d0ebc06c07628ffa9945dad
<tmpdir_from_fixture>/rundir/atmos_15min_coarse_inst.tile6.nc dc5cd77c6baf64530955d08b069221be
<tmpdir_from_fixture>/rundir/atmos_static.tile1.nc 619b61ea4c39e0299a7304b804d71644
<tmpdir_from_fixture>/rundir/atmos_static.tile2.nc 0eef97643d2bcf6446f6f6e1000ecee9
<tmpdir_from_fixture>/rundir/atmos_static.tile3.nc 9b841377c9db9feeeb204ee0694b96e8
<tmpdir_from_fixture>/rundir/atmos_static.tile4.nc e9410405aee02aca937305531fdd5027
<tmpdir_from_fixture>/rundir/atmos_static.tile5.nc 6d8b08dcfd6693cab348acf80aca9030
<tmpdir_from_fixture>/rundir/atmos_static.tile6.nc 1a69a19a699a7b1e0df207bd60e76e5e
<tmpdir_from_fixture>/rundir/gfsphysics_15min_coarse.tile1.nc d79954379939e71dcf8eda6aed2509e4
<tmpdir_from_fixture>/rundir/gfsphysics_15min_coarse.tile2.nc 42abfe0c52625f7e29413cd8784a786b
<tmpdir_from_fixture>/rundir/gfsphysics_15min_coarse.tile3.nc 95ca026d907032bccff69eb20501eaff
<tmpdir_from_fixture>/rundir/gfsphysics_15min_coarse.tile4.nc 22723fc812dcb6d6cc92348cd7d06142
<tmpdir_from_fixture>/rundir/gfsphysics_15min_coarse.tile5.nc 22db78432e0e407f86ef5b65edea570c
<tmpdir_from_fixture>/rundir/gfsphysics_15min_coarse.tile6.nc f5a299d21bb28893fc9a5cf75e4594f8
<tmpdir_from_fixture>/rundir/grid_spec.tile1.nc 59f571718c972e967a585a78202ecf3f
<tmpdir_from_fixture>/rundir/grid_spec.tile2.nc 04f297267e4c9bd35a87633bb009fe7e
<tmpdir_from_fixture>/rundir/grid_spec.tile3.nc 620572e8069f186ee3da98729153eeea
<tmpdir_from_fixture>/rundir/grid_spec.tile4.nc ad1ac3b5c4f9af470907b6e7aa825213
<tmpdir_from_fixture>/rundir/grid_spec.tile5.nc 80ba107e18121462fb65281364c7eb08
<tmpdir_from_fixture>/rundir/grid_spec.tile6.nc 855ba3a18f19b8b385f8a340dfe6a9ff
<tmpdir_from_fixture>/rundir/grid_spec_coarse.tile1.nc 74e99a3d802c3711baea622a08d372e6
<tmpdir_from_fixture>/rundir/grid_spec_coarse.tile2.nc 0ec55becdbe34b66253120e9c3fcefbb
<tmpdir_from_fixture>/rundir/grid_spec_coarse.tile3.nc fed8522c20eac59e121babb4abc0a077
<tmpdir_from_fixture>/rundir/grid_spec_coarse.tile4.nc 66ec317f1275158eb53ed5d9b822f523
<tmpdir_from_fixture>/rundir/grid_spec_coarse.tile5.nc 99e2e701236f77d67d2cdafe39c5d502
<tmpdir_from_fixture>/rundir/grid_spec_coarse.tile6.nc 84efe1b3dd75527b40488eb6cb549cea
<tmpdir_from_fixture>/rundir/physics_tendencies_15min_coarse.tile1.nc bf725d75aa11a1768201ab025fea6caa
<tmpdir_from_fixture>/rundir/physics_tendencies_15min_coarse.tile2.nc b6bcac05ac8bf6b8aa4e9da48730d5c8
<tmpdir_from_fixture>/rundir/physics_tendencies_15min_coarse.tile3.nc 8c449c763f4d80a6e10dc03e5efd3439
<tmpdir_from_fixture>/rundir/physics_tendencies_15min_coarse.tile4.nc 1654853928d1ec1f4e7ec620033d79d0
<tmpdir_from_fixture>/rundir/physics_tendencies_15min_coarse.tile5.nc f4c0ebcfa8653f80868f868b8e8e3a92
<tmpdir_from_fixture>/rundir/physics_tendencies_15min_coarse.tile6.nc 30bcf827d260c6dad0211e57a2ccff01
<tmpdir_from_fixture>/rundir/RESTART/20160801.001500.fv_core_coarse.res.tile1.nc 0a289ffedc1c6268368fe56d896359c7
<tmpdir_from_fixture>/rundir/RESTART/20160801.001500.fv_core_coarse.res.tile2.nc 5153feef76fc970c95d1532152ecc870
<tmpdir_from_fixture>/rundir/RESTART/20160801.001500.fv_core_coarse.res.tile3.nc d73f7a225b1bdafb97eb8a7d17110f46
<tmpdir_from_fixture>/rundir/RESTART/20160801.001500.fv_core_coarse.res.tile4.nc 0b78a6e4d9d1c078ef440937ce6f9923
<tmpdir_from_fixture>/rundir/RESTART/20160801.001500.fv_core_coarse.res.tile5.nc 7ef162c86c4fb4ca230ab22864c52fcc
<tmpdir_from_fixture>/rundir/RESTART/20160801.001500.fv_core_coarse.res.tile6.nc 28ef85067e3b0c6a93f42e5d7750b225
<tmpdir_from_fixture>/rundir/RESTART/20160801.001500.fv_srf_wnd_coarse.res.tile1.nc 1856119c55429505ab65ab76ffccbce1
<tmpdir_from_fixture>/rundir/RESTART/20160801.001500.fv_srf_wnd_coarse.res.tile2.nc dfb05615e517f12de2621aae6884b1c9
<tmpdir_from_fixture>/rundir/RESTART/20160801.001500.fv_srf_wnd_coarse.res.tile3.nc b70c9d4413ba41be616bddbd8f126e31
<tmpdir_from_fixture>/rundir/RESTART/20160801.001500.fv_srf_wnd_coarse.res.tile4.nc b6d1fe09269b08a99e3aec04db6960f9
<tmpdir_from_fixture>/rundir/RESTART/20160801.001500.fv_srf_wnd_coarse.res.tile5.nc e4b5aa780ea95ac641c3260174a5f0c1
<tmpdir_from_fixture>/rundir/RESTART/20160801.001500.fv_srf_wnd_coarse.res.tile6.nc 85ae3f162da104084dfab7e0bcb8b166
<tmpdir_from_fixture>/rundir/RESTART/20160801.001500.fv_tracer_coarse.res.tile1.nc eab09a0c558536ae3c1a260185e56f6c
<tmpdir_from_fixture>/rundir/RESTART/20160801.001500.fv_tracer_coarse.res.tile2.nc 99620f3878e274c4f760db3b7056074a
<tmpdir_from_fixture>/rundir/RESTART/20160801.001500.fv_tracer_coarse.res.tile3.nc 6ce773ccee078e8fd19d60ef9d9589bb
<tmpdir_from_fixture>/rundir/RESTART/20160801.001500.fv_tracer_coarse.res.tile4.nc 882694d1227e123e2127399b68588a5e
<tmpdir_from_fixture>/rundir/RESTART/20160801.001500.fv_tracer_coarse.res.tile5.nc 3d03d81f3db520dd2c59e93d24f1c4af
<tmpdir_from_fixture>/rundir/RESTART/20160801.001500.fv_tracer_coarse.res.tile6.nc f94233c5a7046fffcf8db4eb16fe0064
<tmpdir_from_fixture>/rundir/RESTART/20160801.001500.sfc_data_coarse.tile1.nc 90154ca63e3c22ddad4b42fee4efb680
<tmpdir_from_fixture>/rundir/RESTART/20160801.001500.sfc_data_coarse.tile2.nc c46eaf021bfdd2241744c6a42c07f215
<tmpdir_from_fixture>/rundir/RESTART/20160801.001500.sfc_data_coarse.tile3.nc 97865991a8e903a0ea336834f59917c6
<tmpdir_from_fixture>/rundir/RESTART/20160801.001500.sfc_data_coarse.tile4.nc b2d038bd9156bd7226353ffaeecc346f
<tmpdir_from_fixture>/rundir/RESTART/20160801.001500.sfc_data_coarse.tile5.nc 2f7ae6457dcf296962c9f0a19d3655f1
<tmpdir_from_fixture>/rundir/RESTART/20160801.001500.sfc_data_coarse.tile6.nc f09aab02902418e9501072a3c2514348
<tmpdir_from_fixture>/rundir/RESTART/fv_core.res.nc 03f92921ec61bc2e8650bcc3b1cc3971
<tmpdir_from_fixture>/rundir/RESTART/fv_core.res.tile1.nc 2cdea0a6619ea1c32240457e0b1f3b01
<tmpdir_from_fixture>/rundir/RESTART/fv_core.res.tile2.nc d5785961ad7c387b90a5891b993a3492
<tmpdir_from_fixture>/rundir/RESTART/fv_core.res.tile3.nc 1e58924682209e67253fe07e59562ab8
<tmpdir_from_fixture>/rundir/RESTART/fv_core.res.tile4.nc 33e649c9cc02854b120c333cc000fd6c
<tmpdir_from_fixture>/rundir/RESTART/fv_core.res.tile5.nc c449e84ce3b661b7131c045767a7a7a5
<tmpdir_from_fixture>/rundir/RESTART/fv_core.res.tile6.nc f0551b284a166530a1eea77ea02a3a13
<tmpdir_from_fixture>/rundir/RESTART/fv_core_coarse.res.tile1.nc f3edd4824e4e4a120a578c9e04b1ee4c
<tmpdir_from_fixture>/rundir/RESTART/fv_core_coarse.res.tile2.nc 8a3f9580a10cf13e87c3a3d194dff33b
<tmpdir_from_fixture>/rundir/RESTART/fv_core_coarse.res.tile3.nc 29adc46a7b81b28adb0b92622d55d85e
<tmpdir_from_fixture>/rundir/RESTART/fv_core_coarse.res.tile4.nc db458addf43037e5455c6e71376cba4c
<tmpdir_from_fixture>/rundir/RESTART/fv_core_coarse.res.tile5.nc 6985b8b8897cf4795e4e0ae91ddaaadb
<tmpdir_from_fixture>/rundir/RESTART/fv_core_coarse.res.tile6.nc 29a4ea8324ed11bb40d4d1f3de0d102b
<tmpdir_from_fixture>/rundir/RESTART/fv_srf_wnd.res.tile1.nc 3ce30c9bd6e78eedd45ed9ac3e563b8a
<tmpdir_from_fixture>/rundir/RESTART/fv_srf_wnd.res.tile2.nc 2275185790ff02ef5a236fd894440ea0
<tmpdir_from_fixture>/rundir/RESTART/fv_srf_wnd.res.tile3.nc ba4640d7373e3e87feea997fa4274645
<tmpdir_from_fixture>/rundir/RESTART/fv_srf_wnd.res.tile4.nc f6b88342a16ac96f32c7644e6708495b
<tmpdir_from_fixture>/rundir/RESTART/fv_srf_wnd.res.tile5.nc 390ca39c034c31f63bc100dda8524259
<tmpdir_from_fixture>/rundir/RESTART/fv_srf_wnd.res.tile6.nc 60fdb7f191ca35565048c3718eae996a
<tmpdir_from_fixture>/rundir/RESTART/fv_srf_wnd_coarse.res.tile1.nc 1495179d356832adb98458d8e31a9635
<tmpdir_from_fixture>/rundir/RESTART/fv_srf_wnd_coarse.res.tile2.nc 42ebfe44e924b75a4a2d6de10cf8a1cf
<tmpdir_from_fixture>/rundir/RESTART/fv_srf_wnd_coarse.res.tile3.nc 9ffbb99eb9a3ca0cd7cdf6b2fe53fda4
<tmpdir_from_fixture>/rundir/RESTART/fv_srf_wnd_coarse.res.tile4.nc 12ad2687805ecf0b96225715f623915d
<tmpdir_from_fixture>/rundir/RESTART/fv_srf_wnd_coarse.res.tile5.nc 1865650c27d76920e69b6375bebb228f
<tmpdir_from_fixture>/rundir/RESTART/fv_srf_wnd_coarse.res.tile6.nc 1b4a2013a523c4764e6f8b81c348451c
<tmpdir_from_fixture>/rundir/RESTART/fv_tracer.res.tile1.nc 58aa89678a105e49ca23b0b810840988
<tmpdir_from_fixture>/rundir/RESTART/fv_tracer.res.tile2.nc 304d48ab37d84abae98c0fb2ac655067
<tmpdir_from_fixture>/rundir/RESTART/fv_tracer.res.tile3.nc bb622a409e35e4a55124386910230ab4
<tmpdir_from_fixture>/rundir/RESTART/fv_tracer.res.tile4.nc ddffe9ee3a0f4b9ab6f05dd9b2ad8065
<tmpdir_from_fixture>/rundir/RESTART/fv_tracer.res.tile5.nc e28fcda3dcd068c0260eefa6655966b7
<tmpdir_from_fixture>/rundir/RESTART/fv_tracer.res.tile6.nc b50480605587a14e929e1410daa105b8
<tmpdir_from_fixture>/rundir/RESTART/fv_tracer_coarse.res.tile1.nc e12e76c04bb35895aa5af1d22be06709
<tmpdir_from_fixture>/rundir/RESTART/fv_tracer_coarse.res.tile2.nc be08001f26615fa6437b518b1d64b826
<tmpdir_from_fixture>/rundir/RESTART/fv_tracer_coarse.res.tile3.nc fb762453384eb8d5cd7355057da940ab
<tmpdir_from_fixture>/rundir/RESTART/fv_tracer_coarse.res.tile4.nc 3927bd2c6781c05591bef795b2668ef9
<tmpdir_from_fixture>/rundir/RESTART/fv_tracer_coarse.res.tile5.nc 5a54fb475dbff0d143bc483cb23348d5
<tmpdir_from_fixture>/rundir/RESTART/fv_tracer_coarse.res.tile6.nc 8d3dd0aedb2387b6b4cf4ed8e8543116
<tmpdir_from_fixture>/rundir/RESTART/phy_data.tile1.nc fb88bfd101012d8b1d00c14c1a22351e
<tmpdir_from_fixture>/rundir/RESTART/phy_data.tile2.nc cf136172bcb639092a922e7f50adf1ad
<tmpdir_from_fixture>/rundir/RESTART/phy_data.tile3.nc 340a36a988201cc3db4d12a0f5062dad
<tmpdir_from_fixture>/rundir/RESTART/phy_data.tile4.nc 7d3d8a6c10dd385c65af2b5ff914c24b
<tmpdir_from_fixture>/rundir/RESTART/phy_data.tile5.nc 1d0ef27b83773c311fe92b59d02b64fc
<tmpdir_from_fixture>/rundir/RESTART/phy_data.tile6.nc 8dcb5440277f5d5b86b2b093789dcb3a
<tmpdir_from_fixture>/rundir/RESTART/sfc_data.tile1.nc e699f727c2ecfbfb54890fe9ba3e9e12
<tmpdir_from_fixture>/rundir/RESTART/sfc_data.tile2.nc b58ec15d8383818cd5de1b1446d68ba0
<tmpdir_from_fixture>/rundir/RESTART/sfc_data.tile3.nc 224e894b3acff7b216757eb00bbbc0e6
<tmpdir_from_fixture>/rundir/RESTART/sfc_data.tile4.nc 40170ff0085669135b62dbd7a1754a95
<tmpdir_from_fixture>/rundir/RESTART/sfc_data.tile5.nc 9a5ea4141220364ace60a3cfae717eef
<tmpdir_from_fixture>/rundir/RESTART/sfc_data.tile6.nc ca6f5ff04be60825e9a5c6385a2dc16a
<tmpdir_from_fixture>/rundir/RESTART/sfc_data_coarse.tile1.nc 5c13c32c276dcc7f9bd1f8078504d436
<tmpdir_from_fixture>/rundir/RESTART/sfc_data_coarse.tile2.nc e054b0d41e5ec5904c466d1e38b42752
<tmpdir_from_fixture>/rundir/RESTART/sfc_data_coarse.tile3.nc f6035ecbbce5674dc305a1f73cabb320
<tmpdir_from_fixture>/rundir/RESTART/sfc_data_coarse.tile4.nc f72dd48ff1b5e6db008315ce8a56a075
<tmpdir_from_fixture>/rundir/RESTART/sfc_data_coarse.tile5.nc 0a2b3a2f98b67ce7065d1542678be3bf
<tmpdir_from_fixture>/rundir/RESTART/sfc_data_coarse.tile6.nc ae71de6d938bad417a942cf06e4c8499
