<tmpdir_from_fixture>/rundir/atmos_15min_coarse_ave.tile1.nc 52e80e24c38e2dc3a446a916034727ae
<tmpdir_from_fixture>/rundir/atmos_15min_coarse_ave.tile2.nc d6fea6b304ca64b1ca2c7ba48a78f883
<tmpdir_from_fixture>/rundir/atmos_15min_coarse_ave.tile3.nc 8c6a5d6a63d64420f47e85a405145e66
<tmpdir_from_fixture>/rundir/atmos_15min_coarse_ave.tile4.nc 597614b16ad104a37cd0b3b2f2f7062d
<tmpdir_from_fixture>/rundir/atmos_15min_coarse_ave.tile5.nc 4d4f0b2317483e3ec26ec8f945e814c1
<tmpdir_from_fixture>/rundir/atmos_15min_coarse_ave.tile6.nc 5486b35a764a298335d3b1788cc2c8fa
<tmpdir_from_fixture>/rundir/atmos_15min_coarse_inst.tile1.nc 94eef77e65e4ed98c318c8fecaff9178
<tmpdir_from_fixture>/rundir/atmos_15min_coarse_inst.tile2.nc 99bc8b767a5fef9d97f73dc34f8fbab4
<tmpdir_from_fixture>/rundir/atmos_15min_coarse_inst.tile3.nc e6cc86a5aecf4734f8c472e493953059
<tmpdir_from_fixture>/rundir/atmos_15min_coarse_inst.tile4.nc 6b8b01e41f67af7bb9abb3dd27884f06
<tmpdir_from_fixture>/rundir/atmos_15min_coarse_inst.tile5.nc 7f3c84d20e7478a00d956a05d6502036
<tmpdir_from_fixture>/rundir/atmos_15min_coarse_inst.tile6.nc 2e4cdc36f016a3927e87b5883d4d1fba
<tmpdir_from_fixture>/rundir/atmos_static.tile1.nc 6163f79892895ac58c44cc3627987f32
<tmpdir_from_fixture>/rundir/atmos_static.tile2.nc 2aa48558df1f9ce16fe6f7ef66a4f9dc
<tmpdir_from_fixture>/rundir/atmos_static.tile3.nc 017d1b70797e4cb92afb6b03a38c9dda
<tmpdir_from_fixture>/rundir/atmos_static.tile4.nc 849d334e2ac655063c7087d9eb5396af
<tmpdir_from_fixture>/rundir/atmos_static.tile5.nc 4f17e36c2e2603ff7f887f80b90dffed
<tmpdir_from_fixture>/rundir/atmos_static.tile6.nc 99be4febd5cbb0613b5f39548373a3fb
<tmpdir_from_fixture>/rundir/gfsphysics_15min_coarse.tile1.nc 6e68e7ac5f0dcb0189acc32eb8cae3ea
<tmpdir_from_fixture>/rundir/gfsphysics_15min_coarse.tile2.nc 5b0a5a1b8841b27fe3511d258c07e965
<tmpdir_from_fixture>/rundir/gfsphysics_15min_coarse.tile3.nc d9e1857776e2f34084bdafadc5636552
<tmpdir_from_fixture>/rundir/gfsphysics_15min_coarse.tile4.nc 9489d9de2a68441238b1be9d9f46b03b
<tmpdir_from_fixture>/rundir/gfsphysics_15min_coarse.tile5.nc 2de557be9ba5d72665065512397ee865
<tmpdir_from_fixture>/rundir/gfsphysics_15min_coarse.tile6.nc b687b0c57b418c44a276ae7f6b94b1ff
<tmpdir_from_fixture>/rundir/grid_spec.tile1.nc 0491709f0480fc8ae485348fa16269d0
<tmpdir_from_fixture>/rundir/grid_spec.tile2.nc 33f211fa6cc36664ba19df3cc8b1c3fe
<tmpdir_from_fixture>/rundir/grid_spec.tile3.nc e4b4c9ea13bff8d6b3976cc716d37e3c
<tmpdir_from_fixture>/rundir/grid_spec.tile4.nc a46cf23fc104cb8f969a613190abea6d
<tmpdir_from_fixture>/rundir/grid_spec.tile5.nc 5f666f2d28aa97976bf5de58c2fb9f6a
<tmpdir_from_fixture>/rundir/grid_spec.tile6.nc 2be47cd691293f4c0f7c592f8c06c636
<tmpdir_from_fixture>/rundir/grid_spec_coarse.tile1.nc 97f024224cbfa7528d64155a58b68ce7
<tmpdir_from_fixture>/rundir/grid_spec_coarse.tile2.nc 996f17c29602754d913a7e351429fa35
<tmpdir_from_fixture>/rundir/grid_spec_coarse.tile3.nc 22185deaa6d86741a9685eac7f19c122
<tmpdir_from_fixture>/rundir/grid_spec_coarse.tile4.nc 65010426615309c679c311b0536a0be5
<tmpdir_from_fixture>/rundir/grid_spec_coarse.tile5.nc f6b3bc81016db6b54159e55dbe9ce878
<tmpdir_from_fixture>/rundir/grid_spec_coarse.tile6.nc a055ea60898cf38317b4e1acb532f1e5
<tmpdir_from_fixture>/rundir/physics_tendencies_15min_coarse.tile1.nc 36e9fd346a9f3779310149e8bde6e999
<tmpdir_from_fixture>/rundir/physics_tendencies_15min_coarse.tile2.nc 053352c7ae837ce53a3e8d9c9fbf0855
<tmpdir_from_fixture>/rundir/physics_tendencies_15min_coarse.tile3.nc 54c6763d0369e15f7f85632ca3922cbd
<tmpdir_from_fixture>/rundir/physics_tendencies_15min_coarse.tile4.nc f58b569fe91864bc711244bad0016e11
<tmpdir_from_fixture>/rundir/physics_tendencies_15min_coarse.tile5.nc 891f2cbfd493ba6418b798c69df192cd
<tmpdir_from_fixture>/rundir/physics_tendencies_15min_coarse.tile6.nc cef4c4d11a614e2e18af921be9852dd6
<tmpdir_from_fixture>/rundir/RESTART/20160801.001500.fv_core_coarse.res.tile1.nc 0ababcbcba88a6b07a24eacef2e29d32
<tmpdir_from_fixture>/rundir/RESTART/20160801.001500.fv_core_coarse.res.tile2.nc b2d59bfd3ff550e98cd98184f7f12273
<tmpdir_from_fixture>/rundir/RESTART/20160801.001500.fv_core_coarse.res.tile3.nc d6dc10ea2442869d430a2e6b78c3bced
<tmpdir_from_fixture>/rundir/RESTART/20160801.001500.fv_core_coarse.res.tile4.nc a26e7a6565b0a1d0e39a4942e06cc60d
<tmpdir_from_fixture>/rundir/RESTART/20160801.001500.fv_core_coarse.res.tile5.nc 404549affdc22d0b73b2bb9067d081f3
<tmpdir_from_fixture>/rundir/RESTART/20160801.001500.fv_core_coarse.res.tile6.nc 9e6f047ddec0a08738be0ddea6d02d98
<tmpdir_from_fixture>/rundir/RESTART/20160801.001500.fv_srf_wnd_coarse.res.tile1.nc 8fb168f7ef31c12e0edcfe913607eac6
<tmpdir_from_fixture>/rundir/RESTART/20160801.001500.fv_srf_wnd_coarse.res.tile2.nc 8d9695430474263a182ba5c1fcb124c8
<tmpdir_from_fixture>/rundir/RESTART/20160801.001500.fv_srf_wnd_coarse.res.tile3.nc b3b217f2fa370e2519e443b7c76debda
<tmpdir_from_fixture>/rundir/RESTART/20160801.001500.fv_srf_wnd_coarse.res.tile4.nc db58fa26d2e4913e894ad8ca80f873a3
<tmpdir_from_fixture>/rundir/RESTART/20160801.001500.fv_srf_wnd_coarse.res.tile5.nc ec84ec13c244812a835eca63dadd237b
<tmpdir_from_fixture>/rundir/RESTART/20160801.001500.fv_srf_wnd_coarse.res.tile6.nc 840045eae6d59afd8d5e040d6ff0bd4e
<tmpdir_from_fixture>/rundir/RESTART/20160801.001500.fv_tracer_coarse.res.tile1.nc 78324b69588383443cde8a53907f81d9
<tmpdir_from_fixture>/rundir/RESTART/20160801.001500.fv_tracer_coarse.res.tile2.nc a2a8ccc5074c2dd77b6ed593b3bdcc80
<tmpdir_from_fixture>/rundir/RESTART/20160801.001500.fv_tracer_coarse.res.tile3.nc ef2f1645588fb34dd67762270308066e
<tmpdir_from_fixture>/rundir/RESTART/20160801.001500.fv_tracer_coarse.res.tile4.nc 7a9a4a0aed525ea74b3191c3f118d7ec
<tmpdir_from_fixture>/rundir/RESTART/20160801.001500.fv_tracer_coarse.res.tile5.nc abd523ae58cd5dc17c65dac291851cee
<tmpdir_from_fixture>/rundir/RESTART/20160801.001500.fv_tracer_coarse.res.tile6.nc 8e5646a52d2aafb994a391ebc2ea4c3a
<tmpdir_from_fixture>/rundir/RESTART/20160801.001500.sfc_data_coarse.tile1.nc 5b0ace2a76658dc0c64537df5b1f774b
<tmpdir_from_fixture>/rundir/RESTART/20160801.001500.sfc_data_coarse.tile2.nc 6d1fa7a31066a43ee7115d82722da95a
<tmpdir_from_fixture>/rundir/RESTART/20160801.001500.sfc_data_coarse.tile3.nc 3727c0860fda8928e1fd9a293ee641e6
<tmpdir_from_fixture>/rundir/RESTART/20160801.001500.sfc_data_coarse.tile4.nc 6387cfc7c2c79ff0fcb8ee6ea9f837ee
<tmpdir_from_fixture>/rundir/RESTART/20160801.001500.sfc_data_coarse.tile5.nc 5328a59ccca75f92134ce4a2747bacf1
<tmpdir_from_fixture>/rundir/RESTART/20160801.001500.sfc_data_coarse.tile6.nc 19492fa80f0523185587d08d2b82e7cc
<tmpdir_from_fixture>/rundir/RESTART/fv_core.res.nc 03f92921ec61bc2e8650bcc3b1cc3971
<tmpdir_from_fixture>/rundir/RESTART/fv_core.res.tile1.nc 9d4ffd9a262f3ef60de57d7a92fb0dd0
<tmpdir_from_fixture>/rundir/RESTART/fv_core.res.tile2.nc 186f5baa8b81b1fb1277d966faba579d
<tmpdir_from_fixture>/rundir/RESTART/fv_core.res.tile3.nc 4f74f4accbfab45992ab265161a2a3be
<tmpdir_from_fixture>/rundir/RESTART/fv_core.res.tile4.nc 8ec9c38612c83c90e71a25bafed1e5e3
<tmpdir_from_fixture>/rundir/RESTART/fv_core.res.tile5.nc 7c98351547c6d7e829deafc87a353f76
<tmpdir_from_fixture>/rundir/RESTART/fv_core.res.tile6.nc f4a6a2e4df1c696dd279af9cf449f436
<tmpdir_from_fixture>/rundir/RESTART/fv_core_coarse.res.tile1.nc 356b2bd7159ccbc8a197d2a4532adf62
<tmpdir_from_fixture>/rundir/RESTART/fv_core_coarse.res.tile2.nc 19c1bc70d96969d296ee5e038e7efe23
<tmpdir_from_fixture>/rundir/RESTART/fv_core_coarse.res.tile3.nc 49b920ba9aa3fde6505ca37dfa4356ce
<tmpdir_from_fixture>/rundir/RESTART/fv_core_coarse.res.tile4.nc 2b2709c30c36c6a73c4c39c12a0faa50
<tmpdir_from_fixture>/rundir/RESTART/fv_core_coarse.res.tile5.nc 024d8327bf1af9d56d86973fe247a35a
<tmpdir_from_fixture>/rundir/RESTART/fv_core_coarse.res.tile6.nc 8c4512ac520e0079b0c8067e183a9f61
<tmpdir_from_fixture>/rundir/RESTART/fv_srf_wnd.res.tile1.nc 92c9fa87c3d9b4bf5f821a0f69356382
<tmpdir_from_fixture>/rundir/RESTART/fv_srf_wnd.res.tile2.nc 39d368200f66504109efa2b1f5bbe889
<tmpdir_from_fixture>/rundir/RESTART/fv_srf_wnd.res.tile3.nc 90afb356f6d89810030fc14433982064
<tmpdir_from_fixture>/rundir/RESTART/fv_srf_wnd.res.tile4.nc fb14a7ab198b561130288aaf89f8510b
<tmpdir_from_fixture>/rundir/RESTART/fv_srf_wnd.res.tile5.nc 5866060210afecd3f726448bbffcf56c
<tmpdir_from_fixture>/rundir/RESTART/fv_srf_wnd.res.tile6.nc bc99b1e0eff1ecd7c7653d477c2f6bd2
<tmpdir_from_fixture>/rundir/RESTART/fv_srf_wnd_coarse.res.tile1.nc d4a7ec80d868bc5191137aeaaaa4b1c9
<tmpdir_from_fixture>/rundir/RESTART/fv_srf_wnd_coarse.res.tile2.nc 386bd0a697ae067c2583fae79e3a6f44
<tmpdir_from_fixture>/rundir/RESTART/fv_srf_wnd_coarse.res.tile3.nc bfe07a1bfe5854b41c2b4fdab7c465fc
<tmpdir_from_fixture>/rundir/RESTART/fv_srf_wnd_coarse.res.tile4.nc 549fb0dacce7c6bdcff2882c9142a63d
<tmpdir_from_fixture>/rundir/RESTART/fv_srf_wnd_coarse.res.tile5.nc a989f1873e558ed66c9e4c6f2882c824
<tmpdir_from_fixture>/rundir/RESTART/fv_srf_wnd_coarse.res.tile6.nc b8bd53a3e37e7cd1294202c60cc5f98b
<tmpdir_from_fixture>/rundir/RESTART/fv_tracer.res.tile1.nc 9c59d598f32d016e63fbd7975f78178d
<tmpdir_from_fixture>/rundir/RESTART/fv_tracer.res.tile2.nc 610e531260548fe280e3ce9368ec440d
<tmpdir_from_fixture>/rundir/RESTART/fv_tracer.res.tile3.nc ab05dcd972d45c432272c5e524c7b486
<tmpdir_from_fixture>/rundir/RESTART/fv_tracer.res.tile4.nc 0365a7afebd2297be3b715a95a2d108b
<tmpdir_from_fixture>/rundir/RESTART/fv_tracer.res.tile5.nc 270fd21ea0ab77e1c7b7613963f4712b
<tmpdir_from_fixture>/rundir/RESTART/fv_tracer.res.tile6.nc 8d8fc5f4cdb81b8b90e57bf3eb2fb67c
<tmpdir_from_fixture>/rundir/RESTART/fv_tracer_coarse.res.tile1.nc 7ca09d211fc5ffba622ba23cf5587590
<tmpdir_from_fixture>/rundir/RESTART/fv_tracer_coarse.res.tile2.nc edcb749099d079f8316d5193af4e13ec
<tmpdir_from_fixture>/rundir/RESTART/fv_tracer_coarse.res.tile3.nc 9a811f55130f661783ba513315f800ea
<tmpdir_from_fixture>/rundir/RESTART/fv_tracer_coarse.res.tile4.nc 100b0dfe3ed716322f2b06f99eba3c94
<tmpdir_from_fixture>/rundir/RESTART/fv_tracer_coarse.res.tile5.nc d8d5c8f95456a23aa5843b59a5d8c477
<tmpdir_from_fixture>/rundir/RESTART/fv_tracer_coarse.res.tile6.nc 03d6fd48e19d11695d2ffef19b9835c8
<tmpdir_from_fixture>/rundir/RESTART/phy_data.tile1.nc fb88bfd101012d8b1d00c14c1a22351e
<tmpdir_from_fixture>/rundir/RESTART/phy_data.tile2.nc cf136172bcb639092a922e7f50adf1ad
<tmpdir_from_fixture>/rundir/RESTART/phy_data.tile3.nc 340a36a988201cc3db4d12a0f5062dad
<tmpdir_from_fixture>/rundir/RESTART/phy_data.tile4.nc 7d3d8a6c10dd385c65af2b5ff914c24b
<tmpdir_from_fixture>/rundir/RESTART/phy_data.tile5.nc 1d0ef27b83773c311fe92b59d02b64fc
<tmpdir_from_fixture>/rundir/RESTART/phy_data.tile6.nc 8dcb5440277f5d5b86b2b093789dcb3a
<tmpdir_from_fixture>/rundir/RESTART/sfc_data.tile1.nc fd49152e31366eaa1eb71cb1bf1d85e1
<tmpdir_from_fixture>/rundir/RESTART/sfc_data.tile2.nc 2becb873c842bee586cf5563bebe7a64
<tmpdir_from_fixture>/rundir/RESTART/sfc_data.tile3.nc 8d39e2a78632eccdc8bfc2d4e65533d1
<tmpdir_from_fixture>/rundir/RESTART/sfc_data.tile4.nc c2c205126643dd8cfdd68d3739e0a3c2
<tmpdir_from_fixture>/rundir/RESTART/sfc_data.tile5.nc 4e343e2044da757b79ba636fdcad4692
<tmpdir_from_fixture>/rundir/RESTART/sfc_data.tile6.nc b33d7b09f583b3c810d75efa89ec1800
<tmpdir_from_fixture>/rundir/RESTART/sfc_data_coarse.tile1.nc 26c894dc53faa25c6843a41973f6ffc7
<tmpdir_from_fixture>/rundir/RESTART/sfc_data_coarse.tile2.nc 5e92ef8ccbcd833a65ce44d6b48f536a
<tmpdir_from_fixture>/rundir/RESTART/sfc_data_coarse.tile3.nc ebc79a72fd3605a53f38690b9fdc79b3
<tmpdir_from_fixture>/rundir/RESTART/sfc_data_coarse.tile4.nc b8f1983863eb93ec7902e9a65f29b7ba
<tmpdir_from_fixture>/rundir/RESTART/sfc_data_coarse.tile5.nc cea50bc960f003993511df9acfdcd272
<tmpdir_from_fixture>/rundir/RESTART/sfc_data_coarse.tile6.nc 7c50edc1d78578a5e75b5604096539b2
