<tmpdir_from_fixture>/rundir/atmos_15min_coarse_ave.tile1.nc 1a49f0a91d0a7fdfe171aa140d125409
<tmpdir_from_fixture>/rundir/atmos_15min_coarse_ave.tile2.nc db1032a3be6986f2e39b602528ac4554
<tmpdir_from_fixture>/rundir/atmos_15min_coarse_ave.tile3.nc 68330cde3fdaa92c5ca91723e3f41e75
<tmpdir_from_fixture>/rundir/atmos_15min_coarse_ave.tile4.nc 2dbfc469aa79674bd8a8d72325245c1a
<tmpdir_from_fixture>/rundir/atmos_15min_coarse_ave.tile5.nc 0bfef06978decf6e5093850ab241c9f6
<tmpdir_from_fixture>/rundir/atmos_15min_coarse_ave.tile6.nc edd6dabb4e670f3650c82e8c4b086eb3
<tmpdir_from_fixture>/rundir/atmos_15min_coarse_inst.tile1.nc 6e982a471ee4f5c072e3ba95f53aa2d1
<tmpdir_from_fixture>/rundir/atmos_15min_coarse_inst.tile2.nc 3baea7e331b6fd53a36c8deb3413803e
<tmpdir_from_fixture>/rundir/atmos_15min_coarse_inst.tile3.nc f0047ca962e95b2ddb2f5544049cedd2
<tmpdir_from_fixture>/rundir/atmos_15min_coarse_inst.tile4.nc 41ab92a0d407cee98d5e34d14eedefa5
<tmpdir_from_fixture>/rundir/atmos_15min_coarse_inst.tile5.nc 1be8c845ab9e7582fe9edf8778eaf78e
<tmpdir_from_fixture>/rundir/atmos_15min_coarse_inst.tile6.nc 66290010c98e7dace7f5b8a7ea2ca5ef
<tmpdir_from_fixture>/rundir/atmos_static.tile1.nc 673a62d1c00d84df5e1874738113fc27
<tmpdir_from_fixture>/rundir/atmos_static.tile2.nc be2770c51422acf9e49b10b0b236acb1
<tmpdir_from_fixture>/rundir/atmos_static.tile3.nc 91b2667d15b9745b3c0217f7cca2b444
<tmpdir_from_fixture>/rundir/atmos_static.tile4.nc 845c8dee5240304ef6b241b6eae8b536
<tmpdir_from_fixture>/rundir/atmos_static.tile5.nc 3d25eee4c0afe5bd93a0e417f16eb381
<tmpdir_from_fixture>/rundir/atmos_static.tile6.nc 36ea1e2698cef4164507c4684d6a7ecd
<tmpdir_from_fixture>/rundir/gfsphysics_15min_coarse.tile1.nc ffd3ab1da4574ce358eee9b8ba2ed1f7
<tmpdir_from_fixture>/rundir/gfsphysics_15min_coarse.tile2.nc a8e9429da64d208c763fa2c2cc5f967f
<tmpdir_from_fixture>/rundir/gfsphysics_15min_coarse.tile3.nc 5cf839c7e382fe8c8eaa37962ed96a8a
<tmpdir_from_fixture>/rundir/gfsphysics_15min_coarse.tile4.nc 8d169072fd9b11304b71069c3ea6bd36
<tmpdir_from_fixture>/rundir/gfsphysics_15min_coarse.tile5.nc cfc0a064467e7e743637cfedd32d13de
<tmpdir_from_fixture>/rundir/gfsphysics_15min_coarse.tile6.nc 7fd51dabe1ae7900c57dfd479a7f5fa5
<tmpdir_from_fixture>/rundir/grid_spec.tile1.nc 97a2cc4fe69e9d63039c7d3df5a91d10
<tmpdir_from_fixture>/rundir/grid_spec.tile2.nc bc5a59b0313f91c93aa59329130fc545
<tmpdir_from_fixture>/rundir/grid_spec.tile3.nc 5d05bbbf2eaa076694103f8050dfd3f3
<tmpdir_from_fixture>/rundir/grid_spec.tile4.nc 0ffcedb4839ab8b7024054e3f32c6415
<tmpdir_from_fixture>/rundir/grid_spec.tile5.nc 972c9afe64597347091743b2a1658458
<tmpdir_from_fixture>/rundir/grid_spec.tile6.nc ee0043d4eba0b01c2dca8fdfcdba1eca
<tmpdir_from_fixture>/rundir/grid_spec_coarse.tile1.nc f68ac9c59297a8b31203d874f53a3df1
<tmpdir_from_fixture>/rundir/grid_spec_coarse.tile2.nc a481d82a080c405fd784987e84adc632
<tmpdir_from_fixture>/rundir/grid_spec_coarse.tile3.nc 13f7ff891b1f6075d35274de8b224103
<tmpdir_from_fixture>/rundir/grid_spec_coarse.tile4.nc f61ea06369bbf4c1c2408b44d32f1628
<tmpdir_from_fixture>/rundir/grid_spec_coarse.tile5.nc c7dab9256dd4270f2d2264fd6b92806c
<tmpdir_from_fixture>/rundir/grid_spec_coarse.tile6.nc 780fb277f7083620e6e1cff700ea2c7b
<tmpdir_from_fixture>/rundir/physics_tendencies_15min_coarse.tile1.nc 5606ea810c701a240fbc8d2449e2cfeb
<tmpdir_from_fixture>/rundir/physics_tendencies_15min_coarse.tile2.nc 0df23610394fc780e57bd6c7cc8646f2
<tmpdir_from_fixture>/rundir/physics_tendencies_15min_coarse.tile3.nc 50f688554c9356f485ee0f04de4515f0
<tmpdir_from_fixture>/rundir/physics_tendencies_15min_coarse.tile4.nc f2164c78d8c2206c6ba9b9d6bb57056b
<tmpdir_from_fixture>/rundir/physics_tendencies_15min_coarse.tile5.nc 07c0b52f6c9c4844069258961dc5791e
<tmpdir_from_fixture>/rundir/physics_tendencies_15min_coarse.tile6.nc a0a30545bfa7e6f2b07c45a2eeeb6cbb
<tmpdir_from_fixture>/rundir/sfc_dt_atmos_diag_manager_controlled_coarse.tile1.nc d1a1c2c9cbb6488dec4bf818ab4ec578
<tmpdir_from_fixture>/rundir/sfc_dt_atmos_diag_manager_controlled_coarse.tile2.nc c16bd8880ce7e2c5c9c4c721884321eb
<tmpdir_from_fixture>/rundir/sfc_dt_atmos_diag_manager_controlled_coarse.tile3.nc 1cd4e5a8fc9a71a7ebcf0d504c5c00b9
<tmpdir_from_fixture>/rundir/sfc_dt_atmos_diag_manager_controlled_coarse.tile4.nc e26bfa24c8c5aa16dee30636ec246e4b
<tmpdir_from_fixture>/rundir/sfc_dt_atmos_diag_manager_controlled_coarse.tile5.nc 1f48a89816190069ddae5db744cac5b3
<tmpdir_from_fixture>/rundir/sfc_dt_atmos_diag_manager_controlled_coarse.tile6.nc 29d46ef1b9e90fea984b03c8f273a33f
<tmpdir_from_fixture>/rundir/RESTART/20160801.001500.fv_core_coarse.res.tile1.nc 42024c2631f43bc9a840449e7d0118a5
<tmpdir_from_fixture>/rundir/RESTART/20160801.001500.fv_core_coarse.res.tile2.nc ccdcf7dc7b9371d6ae54eec475358a48
<tmpdir_from_fixture>/rundir/RESTART/20160801.001500.fv_core_coarse.res.tile3.nc c96030b5def49d7f1e9652c93114781b
<tmpdir_from_fixture>/rundir/RESTART/20160801.001500.fv_core_coarse.res.tile4.nc 107904dc9d70b218e9fe28ee35b17d3a
<tmpdir_from_fixture>/rundir/RESTART/20160801.001500.fv_core_coarse.res.tile5.nc 37dde56b01c24a06522bde22f2ba8d2b
<tmpdir_from_fixture>/rundir/RESTART/20160801.001500.fv_core_coarse.res.tile6.nc 64134e5460bafb7ca27bfee00e207264
<tmpdir_from_fixture>/rundir/RESTART/20160801.001500.fv_srf_wnd_coarse.res.tile1.nc 00f80a5dfd3a0d0832ce5f81e65f2e80
<tmpdir_from_fixture>/rundir/RESTART/20160801.001500.fv_srf_wnd_coarse.res.tile2.nc abbd076d624df69f8cfd204699125d15
<tmpdir_from_fixture>/rundir/RESTART/20160801.001500.fv_srf_wnd_coarse.res.tile3.nc b8c3f3404088877dbf7928255befe55f
<tmpdir_from_fixture>/rundir/RESTART/20160801.001500.fv_srf_wnd_coarse.res.tile4.nc 46f5931cf5f5d64db87e5dc201973114
<tmpdir_from_fixture>/rundir/RESTART/20160801.001500.fv_srf_wnd_coarse.res.tile5.nc c4bf9e3bfda28e8fbb4fb0c4eb332bbe
<tmpdir_from_fixture>/rundir/RESTART/20160801.001500.fv_srf_wnd_coarse.res.tile6.nc 1cc71b24d20cfc06e46a39728cee1092
<tmpdir_from_fixture>/rundir/RESTART/20160801.001500.fv_tracer_coarse.res.tile1.nc 112c29964cc4c57392dfbd0a23381c78
<tmpdir_from_fixture>/rundir/RESTART/20160801.001500.fv_tracer_coarse.res.tile2.nc 79ae99c9f828625e3307cd615f432d14
<tmpdir_from_fixture>/rundir/RESTART/20160801.001500.fv_tracer_coarse.res.tile3.nc da449484510ca0c4176f3aa8a6b4a729
<tmpdir_from_fixture>/rundir/RESTART/20160801.001500.fv_tracer_coarse.res.tile4.nc 68aabe95ad5213845ece49d7a6042b73
<tmpdir_from_fixture>/rundir/RESTART/20160801.001500.fv_tracer_coarse.res.tile5.nc e7eeedff488ef628b71f534e0b839256
<tmpdir_from_fixture>/rundir/RESTART/20160801.001500.fv_tracer_coarse.res.tile6.nc fd5e0e0fe8774020e8c922b9fba7687e
<tmpdir_from_fixture>/rundir/RESTART/20160801.001500.sfc_data_coarse.tile1.nc 8cea135d3d101edd055334ea370bbc18
<tmpdir_from_fixture>/rundir/RESTART/20160801.001500.sfc_data_coarse.tile2.nc 8037b458755634ac5e12c7d6e260b218
<tmpdir_from_fixture>/rundir/RESTART/20160801.001500.sfc_data_coarse.tile3.nc a40c682ea9847ab1062abdca7bea77e3
<tmpdir_from_fixture>/rundir/RESTART/20160801.001500.sfc_data_coarse.tile4.nc 8dc2a5f50beeea78ea3880519e24d6ae
<tmpdir_from_fixture>/rundir/RESTART/20160801.001500.sfc_data_coarse.tile5.nc b90c386b67d456723bdc7964f4a9f221
<tmpdir_from_fixture>/rundir/RESTART/20160801.001500.sfc_data_coarse.tile6.nc f5b84650b82d62edf336c6f2e6cc8e96
<tmpdir_from_fixture>/rundir/RESTART/fv_core.res.nc 03f92921ec61bc2e8650bcc3b1cc3971
<tmpdir_from_fixture>/rundir/RESTART/fv_core.res.tile1.nc 932dddd6432d9534577a350c5a7d58e1
<tmpdir_from_fixture>/rundir/RESTART/fv_core.res.tile2.nc 79240960f6b7fcec31d10a2b34fc1506
<tmpdir_from_fixture>/rundir/RESTART/fv_core.res.tile3.nc c476ea2b43659641894d7cd1942c8d12
<tmpdir_from_fixture>/rundir/RESTART/fv_core.res.tile4.nc 9cb10e3c5d5f2c38b8dfacaae68ab0b8
<tmpdir_from_fixture>/rundir/RESTART/fv_core.res.tile5.nc 18c55727fb061b6cf562ee0e5cdfe684
<tmpdir_from_fixture>/rundir/RESTART/fv_core.res.tile6.nc 749220b301a5336f99febceed3aaeede
<tmpdir_from_fixture>/rundir/RESTART/fv_core_coarse.res.tile1.nc 14219d26a55a060a36948072c92af9aa
<tmpdir_from_fixture>/rundir/RESTART/fv_core_coarse.res.tile2.nc 936de8d0d59daf645cb5ca9c0b727261
<tmpdir_from_fixture>/rundir/RESTART/fv_core_coarse.res.tile3.nc 5a8e1c734571d9387b2e1280e45aa9f0
<tmpdir_from_fixture>/rundir/RESTART/fv_core_coarse.res.tile4.nc 62273b7d380bbd2f7cbb3b7473b1e088
<tmpdir_from_fixture>/rundir/RESTART/fv_core_coarse.res.tile5.nc 2562cbc9dc9659825d302cc3f8838fc5
<tmpdir_from_fixture>/rundir/RESTART/fv_core_coarse.res.tile6.nc 94d65ad92d442f14de760c01c0fb6999
<tmpdir_from_fixture>/rundir/RESTART/fv_srf_wnd.res.tile1.nc 5eba30cf31081fd0671d13f71bebd6ca
<tmpdir_from_fixture>/rundir/RESTART/fv_srf_wnd.res.tile2.nc f4e35890a636a90ec6b8d1c57257024d
<tmpdir_from_fixture>/rundir/RESTART/fv_srf_wnd.res.tile3.nc f8b538487a5c1962b6bfc9719e671bee
<tmpdir_from_fixture>/rundir/RESTART/fv_srf_wnd.res.tile4.nc dedb3fc1f9a41b4b200f963bdf450a26
<tmpdir_from_fixture>/rundir/RESTART/fv_srf_wnd.res.tile5.nc 5b005dc7dc9d72ed8820cbb62b46491b
<tmpdir_from_fixture>/rundir/RESTART/fv_srf_wnd.res.tile6.nc b5cdd5b15491a19a2f7d13444e9fd211
<tmpdir_from_fixture>/rundir/RESTART/fv_srf_wnd_coarse.res.tile1.nc 06a7087a12e6b849c89b80a755bde1c7
<tmpdir_from_fixture>/rundir/RESTART/fv_srf_wnd_coarse.res.tile2.nc 61d64f73000210a2139b19fd5f7d8a58
<tmpdir_from_fixture>/rundir/RESTART/fv_srf_wnd_coarse.res.tile3.nc f959c19f0df20dd3fc395c60358557a0
<tmpdir_from_fixture>/rundir/RESTART/fv_srf_wnd_coarse.res.tile4.nc 507edfff4ce58840f11988467a8a3dc4
<tmpdir_from_fixture>/rundir/RESTART/fv_srf_wnd_coarse.res.tile5.nc 0fac62edd7b6fa79f0b801be675ec3f5
<tmpdir_from_fixture>/rundir/RESTART/fv_srf_wnd_coarse.res.tile6.nc 08dd8204296cf4c9a91083bf09d3b8b1
<tmpdir_from_fixture>/rundir/RESTART/fv_tracer.res.tile1.nc 83ee3e6667fb13855c526687e8cab7d7
<tmpdir_from_fixture>/rundir/RESTART/fv_tracer.res.tile2.nc 231ad75b03773cc044d7e36e56b4691f
<tmpdir_from_fixture>/rundir/RESTART/fv_tracer.res.tile3.nc c20780ff31bd46217bac59d0bc8697f0
<tmpdir_from_fixture>/rundir/RESTART/fv_tracer.res.tile4.nc 6de8634812183b0126028155687b4520
<tmpdir_from_fixture>/rundir/RESTART/fv_tracer.res.tile5.nc 5eccffa5ee92ba0cb981654e447ef188
<tmpdir_from_fixture>/rundir/RESTART/fv_tracer.res.tile6.nc 53a41ed2076e2d5677bf9b75781db75b
<tmpdir_from_fixture>/rundir/RESTART/fv_tracer_coarse.res.tile1.nc 72f018c66db66d14f7f931bc97af3b02
<tmpdir_from_fixture>/rundir/RESTART/fv_tracer_coarse.res.tile2.nc e7a7165e4d1634d801cd85f091a1f761
<tmpdir_from_fixture>/rundir/RESTART/fv_tracer_coarse.res.tile3.nc 608ea8318aca91ba7f41f34f5aca0bf7
<tmpdir_from_fixture>/rundir/RESTART/fv_tracer_coarse.res.tile4.nc 2ad66af8afe3d00cb99c0d8e4a40e450
<tmpdir_from_fixture>/rundir/RESTART/fv_tracer_coarse.res.tile5.nc 56d95bb7c073064f7256703b051e37b4
<tmpdir_from_fixture>/rundir/RESTART/fv_tracer_coarse.res.tile6.nc dfc99d8f7d6c860da9f3b083f3447f3a
<tmpdir_from_fixture>/rundir/RESTART/phy_data.tile1.nc fb88bfd101012d8b1d00c14c1a22351e
<tmpdir_from_fixture>/rundir/RESTART/phy_data.tile2.nc cf136172bcb639092a922e7f50adf1ad
<tmpdir_from_fixture>/rundir/RESTART/phy_data.tile3.nc 340a36a988201cc3db4d12a0f5062dad
<tmpdir_from_fixture>/rundir/RESTART/phy_data.tile4.nc 7d3d8a6c10dd385c65af2b5ff914c24b
<tmpdir_from_fixture>/rundir/RESTART/phy_data.tile5.nc 1d0ef27b83773c311fe92b59d02b64fc
<tmpdir_from_fixture>/rundir/RESTART/phy_data.tile6.nc 8dcb5440277f5d5b86b2b093789dcb3a
<tmpdir_from_fixture>/rundir/RESTART/sfc_data.tile1.nc a7fd56ec1d6882b6ffe420fa275a9279
<tmpdir_from_fixture>/rundir/RESTART/sfc_data.tile2.nc 7e8dc3fe369b941e8ff5665a87d78135
<tmpdir_from_fixture>/rundir/RESTART/sfc_data.tile3.nc 2394fb492835327307a7c30863260da5
<tmpdir_from_fixture>/rundir/RESTART/sfc_data.tile4.nc 1d04a24e699dba1d0a5e20eada885dc8
<tmpdir_from_fixture>/rundir/RESTART/sfc_data.tile5.nc 157d2db14b61d9265b4537f8321a838c
<tmpdir_from_fixture>/rundir/RESTART/sfc_data.tile6.nc bd5df1f67fd361318bf3bf74436dd009
<tmpdir_from_fixture>/rundir/RESTART/sfc_data_coarse.tile1.nc b42dd7f14e30bffaf8461e530f4c8d53
<tmpdir_from_fixture>/rundir/RESTART/sfc_data_coarse.tile2.nc a88955af2fd41f2f68b59eeea1429880
<tmpdir_from_fixture>/rundir/RESTART/sfc_data_coarse.tile3.nc fd9ca0080189d8abcd485f1a52563fc2
<tmpdir_from_fixture>/rundir/RESTART/sfc_data_coarse.tile4.nc fba51b578356acf8de3bb0650b562e69
<tmpdir_from_fixture>/rundir/RESTART/sfc_data_coarse.tile5.nc 6583eba97c2ee85984012c523748b829
<tmpdir_from_fixture>/rundir/RESTART/sfc_data_coarse.tile6.nc d349d315bcac5d11e0dc755a51056eb3
