./piggy.tile1.nc dea88b5ea3629e07c9be5b09726878f8
./piggy.tile2.nc 1c6763a4a1c26ee40e1a6739a28cdc32
./piggy.tile3.nc 7f4bdfae2ce6ab450f80dddd375dd1b7
./piggy.tile4.nc 2269892488192479a45890dddb7f8a90
./piggy.tile5.nc f9c582da9b14988c6f4025fef3e1d826
./piggy.tile6.nc 2a54f04ea2ba80a13ea544c8f8fd0fd2
INPUT/gfs_ctrl.nc 72479dcd4e5e38f802cd1ac9bc71aa8b
INPUT/gfs_data.tile1.nc c0bba587540ba06a45a16ef06134224b
INPUT/gfs_data.tile2.nc d14b7b0ffc2853431014e56feaf7476a
INPUT/gfs_data.tile3.nc 1a3e5ce9528218ccc41c8e6d28eb7a6b
INPUT/gfs_data.tile4.nc c41240db80e5fddbbc0b85db6ae2aa79
INPUT/gfs_data.tile5.nc d13590003b7531d76822d8f3161a426d
INPUT/gfs_data.tile6.nc c9aff252070daca55b36ac3779122755
INPUT/oro_data.tile1.nc 7a51c9c62c1dafafc19c8fb9c1c5945b
INPUT/oro_data.tile2.nc 9196b1ce3803f01782076e1e5a256340
INPUT/oro_data.tile3.nc 8eb0653c3f656b3981ca8b57bfb6ac28
INPUT/oro_data.tile4.nc 3d85307062f7c1f1bcd6c97177344d82
INPUT/oro_data.tile5.nc 6820a83fb382fd45a5883c603266bb17
INPUT/oro_data.tile6.nc df632c163e05bd45d742c2c995b6e5b5
INPUT/sfc_data.tile1.nc 01d55ac6277e758207e855222fa5eaa5
INPUT/sfc_data.tile2.nc 6e36dcca146e6306b62b667f00e35837
INPUT/sfc_data.tile3.nc 376b8453fa09a33e3e4f523353ab0669
INPUT/sfc_data.tile4.nc 4fd4f998979b73901a28a03f84940e5f
INPUT/sfc_data.tile5.nc 68821da46d1c1398b9e48e784eac539a
INPUT/sfc_data.tile6.nc 1704922a9c10744d96d09796dbf2beab
RESTART/fv_core.res.nc 03f92921ec61bc2e8650bcc3b1cc3971
RESTART/fv_core.res.tile1.nc d83c179155bce2043c18845f03d68f06
RESTART/fv_core.res.tile2.nc 9af8b345ffbacb692ac688d241a0e367
RESTART/fv_core.res.tile3.nc dc184df96b93c23a6d60ca586ba9b5ec
RESTART/fv_core.res.tile4.nc d043c8755c1d3b33564bbf90c397c2b5
RESTART/fv_core.res.tile5.nc a0a46e826bdfd917f47744ec0c7b7d6c
RESTART/fv_core.res.tile6.nc 0868372a462ffac09e6b3744810ecabd
RESTART/fv_srf_wnd.res.tile1.nc 14979d5500cda5f36ac0f977151bee15
RESTART/fv_srf_wnd.res.tile2.nc aec67fd65b57d4ae4b95cd98c7f4a148
RESTART/fv_srf_wnd.res.tile3.nc 1ad0c34cb57b233c7fe79f814de03869
RESTART/fv_srf_wnd.res.tile4.nc b594bd23dccd9caca79b540405644c8a
RESTART/fv_srf_wnd.res.tile5.nc e123bc24142eda39e24ccad6efacd09b
RESTART/fv_srf_wnd.res.tile6.nc 9c544e03704ca4ef8746461d6c101b40
RESTART/fv_tracer.res.tile1.nc 4f866bbf742f2c17f0e90497215ceea0
RESTART/fv_tracer.res.tile2.nc 55ba37287870a5a52fb401a8a3ff23cc
RESTART/fv_tracer.res.tile3.nc 890bf89d04e036b9abbc0247758518b3
RESTART/fv_tracer.res.tile4.nc 9e6d2891c9fc0bb7082376adbb1af78a
RESTART/fv_tracer.res.tile5.nc 757ff6d9f435b1136253fa1c7687e5c0
RESTART/fv_tracer.res.tile6.nc 579a1e76d2aee9632ce68e0006a20703
RESTART/phy_data.tile1.nc 4b3b31cffb985f3d90b0eda94a2629b7
RESTART/phy_data.tile2.nc 684490e2ba0159ced4d656b25594c263
RESTART/phy_data.tile3.nc 9831b182d4141d7420426f11044b6762
RESTART/phy_data.tile4.nc a3639fa29d0d3e476e26dd2806613534
RESTART/phy_data.tile5.nc b7bc706d1163349c4ab5c4b612448d20
RESTART/phy_data.tile6.nc 161b99df3137383391bb0a83d9d2ed89
RESTART/sfc_data.tile1.nc e43434d6204205cb055895dd7f25f306
RESTART/sfc_data.tile2.nc 8a16d5d3067c1acb9e1d42ae4490dcfe
RESTART/sfc_data.tile3.nc ddcafa123914dcea8934c033fcd0bba3
RESTART/sfc_data.tile4.nc 94f42ca9b6fab4b6cbbf92afb1958530
RESTART/sfc_data.tile5.nc 1247c292af1f20bb83ab47c7c6d31384
RESTART/sfc_data.tile6.nc db22d36aef2955ea6abe265f76e08115
