./atmos_15min_coarse_ave.tile1.nc 3a378f0cd1326400af2432456c5b1b06
./atmos_15min_coarse_ave.tile2.nc cb10bdfa1f54a568e5ef599066ef874e
./atmos_15min_coarse_ave.tile3.nc fd4a14a60d6d4d8a7fb32a70d21a5ed7
./atmos_15min_coarse_ave.tile4.nc b32fecbfb9ec4cede081042d1fd76b0b
./atmos_15min_coarse_ave.tile5.nc a44ad362dd0ed8e11fc631875415cf09
./atmos_15min_coarse_ave.tile6.nc 2cb69de7ba41cdbb3b2295fe160f0599
./atmos_15min_coarse_inst.tile1.nc 36e82b1adb0bcbbcd6a0ec60b8e79906
./atmos_15min_coarse_inst.tile2.nc a67db75109cc97a6ff0cbef4e3f5fb5e
./atmos_15min_coarse_inst.tile3.nc 975c85decfd385d7ae7558dd2d18ea25
./atmos_15min_coarse_inst.tile4.nc 0ac9ee9936b5c1aa5a96576c79fb0980
./atmos_15min_coarse_inst.tile5.nc 55fc507054aff1a08f1bb775ebf60a4c
./atmos_15min_coarse_inst.tile6.nc 7f3420a94798d881d90945784d451702
./atmos_static.tile1.nc 619b61ea4c39e0299a7304b804d71644
./atmos_static.tile2.nc 0eef97643d2bcf6446f6f6e1000ecee9
./atmos_static.tile3.nc 9b841377c9db9feeeb204ee0694b96e8
./atmos_static.tile4.nc e9410405aee02aca937305531fdd5027
./atmos_static.tile5.nc 6d8b08dcfd6693cab348acf80aca9030
./atmos_static.tile6.nc 1a69a19a699a7b1e0df207bd60e76e5e
./gfsphysics_15min_coarse.tile1.nc 4cae4fde00b257c05f5244eef39c485b
./gfsphysics_15min_coarse.tile2.nc 15a0ff883f38bfb7f438b0cf661de9d0
./gfsphysics_15min_coarse.tile3.nc e06d4eb3f84c9a019e2754746d1e0b17
./gfsphysics_15min_coarse.tile4.nc 037e1cb83d7b8316bdbe9956870968fb
./gfsphysics_15min_coarse.tile5.nc d88b1e5e7d5c20e0b7b9674d8d653a3e
./gfsphysics_15min_coarse.tile6.nc 283cd9167a716d452fcea472e168946b
./grid_spec.tile1.nc 59f571718c972e967a585a78202ecf3f
./grid_spec.tile2.nc 04f297267e4c9bd35a87633bb009fe7e
./grid_spec.tile3.nc 620572e8069f186ee3da98729153eeea
./grid_spec.tile4.nc f198d415d03f5359ca750430f3e61b4a
./grid_spec.tile5.nc 1573fbad16114c552fc794fe33f4748b
./grid_spec.tile6.nc 855ba3a18f19b8b385f8a340dfe6a9ff
./grid_spec_coarse.tile1.nc 74e99a3d802c3711baea622a08d372e6
./grid_spec_coarse.tile2.nc 0ec55becdbe34b66253120e9c3fcefbb
./grid_spec_coarse.tile3.nc fed8522c20eac59e121babb4abc0a077
./grid_spec_coarse.tile4.nc 912449d19e77a433401f1e0498534cf5
./grid_spec_coarse.tile5.nc 8332cb7f89f4477d4b05b727af3b5870
./grid_spec_coarse.tile6.nc 84efe1b3dd75527b40488eb6cb549cea
./physics_tendencies_15min_coarse.tile1.nc b282ed50e5c4b7762b573cbd68a80e0d
./physics_tendencies_15min_coarse.tile2.nc 92a10ebe4f3e8bb1ea723aa51ffe20db
./physics_tendencies_15min_coarse.tile3.nc dc9a09185d94e421c0c9d3befa4535b1
./physics_tendencies_15min_coarse.tile4.nc e5cacdcd6fdb664c766ee1a8b5af688f
./physics_tendencies_15min_coarse.tile5.nc 0988eb8253d799f32f465758e7676d41
./physics_tendencies_15min_coarse.tile6.nc 5799965d6a3d103b335a0873ee7103c1
INPUT/gfs_ctrl.nc 72479dcd4e5e38f802cd1ac9bc71aa8b
INPUT/gfs_data.tile1.nc c0bba587540ba06a45a16ef06134224b
INPUT/gfs_data.tile2.nc d14b7b0ffc2853431014e56feaf7476a
INPUT/gfs_data.tile3.nc 1a3e5ce9528218ccc41c8e6d28eb7a6b
INPUT/gfs_data.tile4.nc c41240db80e5fddbbc0b85db6ae2aa79
INPUT/gfs_data.tile5.nc d13590003b7531d76822d8f3161a426d
INPUT/gfs_data.tile6.nc c9aff252070daca55b36ac3779122755
INPUT/oro_data.tile1.nc 7a51c9c62c1dafafc19c8fb9c1c5945b
INPUT/oro_data.tile2.nc 9196b1ce3803f01782076e1e5a256340
INPUT/oro_data.tile3.nc 8eb0653c3f656b3981ca8b57bfb6ac28
INPUT/oro_data.tile4.nc 3d85307062f7c1f1bcd6c97177344d82
INPUT/oro_data.tile5.nc 6820a83fb382fd45a5883c603266bb17
INPUT/oro_data.tile6.nc df632c163e05bd45d742c2c995b6e5b5
INPUT/sfc_data.tile1.nc 01d55ac6277e758207e855222fa5eaa5
INPUT/sfc_data.tile2.nc 6e36dcca146e6306b62b667f00e35837
INPUT/sfc_data.tile3.nc 376b8453fa09a33e3e4f523353ab0669
INPUT/sfc_data.tile4.nc 4fd4f998979b73901a28a03f84940e5f
INPUT/sfc_data.tile5.nc 68821da46d1c1398b9e48e784eac539a
INPUT/sfc_data.tile6.nc 1704922a9c10744d96d09796dbf2beab
RESTART/20160801.001500.fv_core_coarse.res.tile1.nc 2a013fe226c90b531e6e6aa6e7e5994e
RESTART/20160801.001500.fv_core_coarse.res.tile2.nc bfe584571732c23a85d7c795ad46eed6
RESTART/20160801.001500.fv_core_coarse.res.tile3.nc 55065a765daa7da08fab5f5bc4763ffa
RESTART/20160801.001500.fv_core_coarse.res.tile4.nc 951c7148aaef674997adb15d1d061a93
RESTART/20160801.001500.fv_core_coarse.res.tile5.nc b0ae803c0df127533a3f428a5dc312c6
RESTART/20160801.001500.fv_core_coarse.res.tile6.nc 1a2316928fa74e594486af75772e10a3
RESTART/20160801.001500.fv_srf_wnd_coarse.res.tile1.nc 8fb168f7ef31c12e0edcfe913607eac6
RESTART/20160801.001500.fv_srf_wnd_coarse.res.tile2.nc 8d9695430474263a182ba5c1fcb124c8
RESTART/20160801.001500.fv_srf_wnd_coarse.res.tile3.nc b3b217f2fa370e2519e443b7c76debda
RESTART/20160801.001500.fv_srf_wnd_coarse.res.tile4.nc db58fa26d2e4913e894ad8ca80f873a3
RESTART/20160801.001500.fv_srf_wnd_coarse.res.tile5.nc ec84ec13c244812a835eca63dadd237b
RESTART/20160801.001500.fv_srf_wnd_coarse.res.tile6.nc 840045eae6d59afd8d5e040d6ff0bd4e
RESTART/20160801.001500.fv_tracer_coarse.res.tile1.nc 984fd071578a3d2b6bd1bb9882b7fc80
RESTART/20160801.001500.fv_tracer_coarse.res.tile2.nc 30a34d314328c123eea5a70edaf1fb08
RESTART/20160801.001500.fv_tracer_coarse.res.tile3.nc c63a563ab198ccf40c8efea33194c27a
RESTART/20160801.001500.fv_tracer_coarse.res.tile4.nc b311a5aaeff3afad3a7a7d0642bf5e87
RESTART/20160801.001500.fv_tracer_coarse.res.tile5.nc 749af03cf5cccd6f336cfce8eb227d5c
RESTART/20160801.001500.fv_tracer_coarse.res.tile6.nc 1cc7652493314ce404786ab5caf343d5
RESTART/20160801.001500.sfc_data_coarse.tile1.nc 5b0ace2a76658dc0c64537df5b1f774b
RESTART/20160801.001500.sfc_data_coarse.tile2.nc 6d1fa7a31066a43ee7115d82722da95a
RESTART/20160801.001500.sfc_data_coarse.tile3.nc 3727c0860fda8928e1fd9a293ee641e6
RESTART/20160801.001500.sfc_data_coarse.tile4.nc 6387cfc7c2c79ff0fcb8ee6ea9f837ee
RESTART/20160801.001500.sfc_data_coarse.tile5.nc 5328a59ccca75f92134ce4a2747bacf1
RESTART/20160801.001500.sfc_data_coarse.tile6.nc 19492fa80f0523185587d08d2b82e7cc
RESTART/fv_core.res.nc 03f92921ec61bc2e8650bcc3b1cc3971
RESTART/fv_core.res.tile1.nc 9d4ffd9a262f3ef60de57d7a92fb0dd0
RESTART/fv_core.res.tile2.nc 186f5baa8b81b1fb1277d966faba579d
RESTART/fv_core.res.tile3.nc 4f74f4accbfab45992ab265161a2a3be
RESTART/fv_core.res.tile4.nc 8ec9c38612c83c90e71a25bafed1e5e3
RESTART/fv_core.res.tile5.nc 7c98351547c6d7e829deafc87a353f76
RESTART/fv_core.res.tile6.nc f4a6a2e4df1c696dd279af9cf449f436
RESTART/fv_core_coarse.res.tile1.nc e1edc4ac53615f2c2bb050d65b42eb47
RESTART/fv_core_coarse.res.tile2.nc dd31ee874e228ad92f31a95630e8e50b
RESTART/fv_core_coarse.res.tile3.nc 448300156a42d491a4df55088d916c73
RESTART/fv_core_coarse.res.tile4.nc 57c1d0c03f119a9121cce1862ef53e9a
RESTART/fv_core_coarse.res.tile5.nc 639d2e827a83920774a3c4fdb0c7f0cf
RESTART/fv_core_coarse.res.tile6.nc e94b246f1d149d77f4e4bf6f4459c54f
RESTART/fv_srf_wnd.res.tile1.nc 92c9fa87c3d9b4bf5f821a0f69356382
RESTART/fv_srf_wnd.res.tile2.nc 39d368200f66504109efa2b1f5bbe889
RESTART/fv_srf_wnd.res.tile3.nc 90afb356f6d89810030fc14433982064
RESTART/fv_srf_wnd.res.tile4.nc fb14a7ab198b561130288aaf89f8510b
RESTART/fv_srf_wnd.res.tile5.nc 5866060210afecd3f726448bbffcf56c
RESTART/fv_srf_wnd.res.tile6.nc bc99b1e0eff1ecd7c7653d477c2f6bd2
RESTART/fv_srf_wnd_coarse.res.tile1.nc d4a7ec80d868bc5191137aeaaaa4b1c9
RESTART/fv_srf_wnd_coarse.res.tile2.nc 386bd0a697ae067c2583fae79e3a6f44
RESTART/fv_srf_wnd_coarse.res.tile3.nc bfe07a1bfe5854b41c2b4fdab7c465fc
RESTART/fv_srf_wnd_coarse.res.tile4.nc 549fb0dacce7c6bdcff2882c9142a63d
RESTART/fv_srf_wnd_coarse.res.tile5.nc a989f1873e558ed66c9e4c6f2882c824
RESTART/fv_srf_wnd_coarse.res.tile6.nc b8bd53a3e37e7cd1294202c60cc5f98b
RESTART/fv_tracer.res.tile1.nc 9c59d598f32d016e63fbd7975f78178d
RESTART/fv_tracer.res.tile2.nc 610e531260548fe280e3ce9368ec440d
RESTART/fv_tracer.res.tile3.nc ab05dcd972d45c432272c5e524c7b486
RESTART/fv_tracer.res.tile4.nc 0365a7afebd2297be3b715a95a2d108b
RESTART/fv_tracer.res.tile5.nc 270fd21ea0ab77e1c7b7613963f4712b
RESTART/fv_tracer.res.tile6.nc 8d8fc5f4cdb81b8b90e57bf3eb2fb67c
RESTART/fv_tracer_coarse.res.tile1.nc 069aaef6d5822cb5b11b1cf69e58f675
RESTART/fv_tracer_coarse.res.tile2.nc b8f88585b47bfd5c8c40f67df94e221e
RESTART/fv_tracer_coarse.res.tile3.nc 5003afc5709c6bc445944c49fd074913
RESTART/fv_tracer_coarse.res.tile4.nc 0d5710a6dcbeeec03e05065f3b8f4655
RESTART/fv_tracer_coarse.res.tile5.nc 28c99133c665acff29df14333aeaf1b0
RESTART/fv_tracer_coarse.res.tile6.nc 33939efdd69d3a2d80ccb36f364da295
RESTART/phy_data.tile1.nc fb88bfd101012d8b1d00c14c1a22351e
RESTART/phy_data.tile2.nc cf136172bcb639092a922e7f50adf1ad
RESTART/phy_data.tile3.nc 340a36a988201cc3db4d12a0f5062dad
RESTART/phy_data.tile4.nc 7d3d8a6c10dd385c65af2b5ff914c24b
RESTART/phy_data.tile5.nc 1d0ef27b83773c311fe92b59d02b64fc
RESTART/phy_data.tile6.nc 8dcb5440277f5d5b86b2b093789dcb3a
RESTART/sfc_data.tile1.nc fd49152e31366eaa1eb71cb1bf1d85e1
RESTART/sfc_data.tile2.nc 2becb873c842bee586cf5563bebe7a64
RESTART/sfc_data.tile3.nc 8d39e2a78632eccdc8bfc2d4e65533d1
RESTART/sfc_data.tile4.nc c2c205126643dd8cfdd68d3739e0a3c2
RESTART/sfc_data.tile5.nc 4e343e2044da757b79ba636fdcad4692
RESTART/sfc_data.tile6.nc b33d7b09f583b3c810d75efa89ec1800
RESTART/sfc_data_coarse.tile1.nc 26c894dc53faa25c6843a41973f6ffc7
RESTART/sfc_data_coarse.tile2.nc 5e92ef8ccbcd833a65ce44d6b48f536a
RESTART/sfc_data_coarse.tile3.nc ebc79a72fd3605a53f38690b9fdc79b3
RESTART/sfc_data_coarse.tile4.nc b8f1983863eb93ec7902e9a65f29b7ba
RESTART/sfc_data_coarse.tile5.nc cea50bc960f003993511df9acfdcd272
RESTART/sfc_data_coarse.tile6.nc 7c50edc1d78578a5e75b5604096539b2
