./atmos_8xdaily.tile1.nc c018112e0d1e1df1233ba9fab96e979f
./atmos_8xdaily.tile2.nc 133739ee6ea94fd326bfe86b7c418915
./atmos_8xdaily.tile3.nc a9870ef35b3825112b94900c9d5a49c7
./atmos_8xdaily.tile4.nc 1de7a0b835bf3837dd7186b2936ce2b0
./atmos_8xdaily.tile5.nc 29680e8543976f9948795363d84aacc5
./atmos_8xdaily.tile6.nc 32e6a4c763d97ae839b1ca577ab29c0c
./atmos_dt_atmos.tile1.nc 23fdbe617c7119023b02aa9ca09197bf
./atmos_dt_atmos.tile2.nc 793b85efeda8dc417873254fd2a47ca4
./atmos_dt_atmos.tile3.nc 8e4987bb4a2eb78ff427ea803aeec678
./atmos_dt_atmos.tile4.nc 767f9894b05009abbb31ebea75c9a420
./atmos_dt_atmos.tile5.nc 88a45f1a1add289e892004ebad41dcd2
./atmos_dt_atmos.tile6.nc 557c785ef76c591f6c1df2800f5c1b62
./atmos_static.tile1.nc 8eb161a8cd002f6b4d22153b2f70d1e9
./atmos_static.tile2.nc ef1e925dfc78367952c956bdb7e1ceb4
./atmos_static.tile3.nc 8d896f1374d26641eb88ee448db35fef
./atmos_static.tile4.nc 2ffd7708edd11a7f5b4d986237ef128b
./atmos_static.tile5.nc 69767c62e6861db5fc20ce34cda3d383
./atmos_static.tile6.nc 2e112b68717697f780843d8a3a48e2cd
./sfc_dt_atmos.tile1.nc cfed4ee7d4a67a59a4edf35b53b6b12b
./sfc_dt_atmos.tile2.nc 200da131d950aa21d0d0d12ae9444a60
./sfc_dt_atmos.tile3.nc 2ad708d3f5817b936b55b5e0f58196f8
./sfc_dt_atmos.tile4.nc 97b6f4e6a535389852e777df02c60a27
./sfc_dt_atmos.tile5.nc 47378788d8bb062b567c38fc01434a84
./sfc_dt_atmos.tile6.nc ffb00da06b9d14f6936132f58e322ca8
INPUT/gfs_ctrl.nc 72479dcd4e5e38f802cd1ac9bc71aa8b
INPUT/gfs_data.tile1.nc c0bba587540ba06a45a16ef06134224b
INPUT/gfs_data.tile2.nc d14b7b0ffc2853431014e56feaf7476a
INPUT/gfs_data.tile3.nc 1a3e5ce9528218ccc41c8e6d28eb7a6b
INPUT/gfs_data.tile4.nc c41240db80e5fddbbc0b85db6ae2aa79
INPUT/gfs_data.tile5.nc d13590003b7531d76822d8f3161a426d
INPUT/gfs_data.tile6.nc c9aff252070daca55b36ac3779122755
INPUT/oro_data.tile1.nc 7a51c9c62c1dafafc19c8fb9c1c5945b
INPUT/oro_data.tile2.nc 9196b1ce3803f01782076e1e5a256340
INPUT/oro_data.tile3.nc 8eb0653c3f656b3981ca8b57bfb6ac28
INPUT/oro_data.tile4.nc 3d85307062f7c1f1bcd6c97177344d82
INPUT/oro_data.tile5.nc 6820a83fb382fd45a5883c603266bb17
INPUT/oro_data.tile6.nc df632c163e05bd45d742c2c995b6e5b5
INPUT/sfc_data.tile1.nc 01d55ac6277e758207e855222fa5eaa5
INPUT/sfc_data.tile2.nc 6e36dcca146e6306b62b667f00e35837
INPUT/sfc_data.tile3.nc 376b8453fa09a33e3e4f523353ab0669
INPUT/sfc_data.tile4.nc 4fd4f998979b73901a28a03f84940e5f
INPUT/sfc_data.tile5.nc 68821da46d1c1398b9e48e784eac539a
INPUT/sfc_data.tile6.nc 1704922a9c10744d96d09796dbf2beab
RESTART/fv_core.res.nc 03f92921ec61bc2e8650bcc3b1cc3971
RESTART/fv_core.res.tile1.nc 8063d9117ea393eaac124e4096ee1731
RESTART/fv_core.res.tile2.nc 686f5a9c7bf5e82914a37588a705e7b6
RESTART/fv_core.res.tile3.nc 251bc00d4d8a4b209d3d861c9f77b5dc
RESTART/fv_core.res.tile4.nc d3c446847974fc1f3e8f5fededb37bc4
RESTART/fv_core.res.tile5.nc 5020b21cadd8dd9ab50e3ccbf5cd5009
RESTART/fv_core.res.tile6.nc b04f1febae0af4040863c90baccbcc48
RESTART/fv_srf_wnd.res.tile1.nc c03d0124ab5512daed8633e95a595304
RESTART/fv_srf_wnd.res.tile2.nc 2a9a94d4e56a2286199dc3b3d968afd7
RESTART/fv_srf_wnd.res.tile3.nc 09a05681b2b04bdec107691e3dee1da2
RESTART/fv_srf_wnd.res.tile4.nc a55cde721177c9259615bd224a843338
RESTART/fv_srf_wnd.res.tile5.nc 3b1b3fb494d6469579992a19233daabd
RESTART/fv_srf_wnd.res.tile6.nc b6159d65f8989058f163c11fcb1c7e61
RESTART/fv_tracer.res.tile1.nc a0e71ba9a4a877731a2b683ad5f0f27e
RESTART/fv_tracer.res.tile2.nc d38ca2fc8224579f873bbbd0ed579727
RESTART/fv_tracer.res.tile3.nc 7f29685ebce6e538946733057a51a418
RESTART/fv_tracer.res.tile4.nc b8b5ae525c2e24449433f3a4d1481cb4
RESTART/fv_tracer.res.tile5.nc e75ade9f2645d598080f7234be4beacd
RESTART/fv_tracer.res.tile6.nc 97427aa80204f67e1d434642b5ece753
RESTART/phy_data.tile1.nc 94f987447aa67005dd9d31b77f7a7a5c
RESTART/phy_data.tile2.nc 3b9a3934865b1ee455768af6980d7299
RESTART/phy_data.tile3.nc e12debfb9152d825a9af2d69070f2616
RESTART/phy_data.tile4.nc ffb3867e962ec0c787b2aa96c23684a0
RESTART/phy_data.tile5.nc b81ffe151742d3ac19dae6f88f47480d
RESTART/phy_data.tile6.nc 6798f0f4e58385536d03ef21771ee19d
RESTART/sfc_data.tile1.nc 0cda53ca82ddef88daef14c4705bca30
RESTART/sfc_data.tile2.nc b7d075d094c10ed505b937615b0b82bb
RESTART/sfc_data.tile3.nc c803f7cde55cea9f942cdf0426a9eb0e
RESTART/sfc_data.tile4.nc 0b42e624edb065e3858e3eef56701318
RESTART/sfc_data.tile5.nc 3e15fc3cf9fa61a1feb1013577a2b7d6
RESTART/sfc_data.tile6.nc 0e11b73ca50ae43d0b78fd1b90f2da2b
