./atmos_15min_coarse_ave.tile1.nc 58b7fdcb3ad03cbb5ded357b73b941ad
./atmos_15min_coarse_ave.tile2.nc f50cd028943b669670509577d53896a5
./atmos_15min_coarse_ave.tile3.nc b48ffc14473b4de06e33b9e960054ab1
./atmos_15min_coarse_ave.tile4.nc 56d12d67e307e2aaab6ae242c3544663
./atmos_15min_coarse_ave.tile5.nc a0182805f45a82ea5de913575f1c6d9a
./atmos_15min_coarse_ave.tile6.nc 0126a2c82fd4449c03cfceb7d157d843
./atmos_15min_coarse_inst.tile1.nc 3c0793f32346da68de4a5fa9eeeaf698
./atmos_15min_coarse_inst.tile2.nc 5d30349b920c14054b0e3356b4cf05e3
./atmos_15min_coarse_inst.tile3.nc e38de23e893b8f46351bffc4cfcaa1b6
./atmos_15min_coarse_inst.tile4.nc 4f4ce664f131ee5b138db2b925df5465
./atmos_15min_coarse_inst.tile5.nc 8bb177642362d51217b137e8135d2e56
./atmos_15min_coarse_inst.tile6.nc 3a048a04aa837061653cc203647eb2e0
./atmos_static.tile1.nc 6163f79892895ac58c44cc3627987f32
./atmos_static.tile2.nc 2aa48558df1f9ce16fe6f7ef66a4f9dc
./atmos_static.tile3.nc 017d1b70797e4cb92afb6b03a38c9dda
./atmos_static.tile4.nc 849d334e2ac655063c7087d9eb5396af
./atmos_static.tile5.nc 4f17e36c2e2603ff7f887f80b90dffed
./atmos_static.tile6.nc 99be4febd5cbb0613b5f39548373a3fb
./gfsphysics_15min_coarse.tile1.nc 97668ae9f40e4c9adef97db99d4787d0
./gfsphysics_15min_coarse.tile2.nc 330532fe858daa27ddac1a1a5051d4df
./gfsphysics_15min_coarse.tile3.nc 62c638ed7b09cc75fc80ac7a88bd1027
./gfsphysics_15min_coarse.tile4.nc 5ce4a8b67813c2636f54c6aea406548b
./gfsphysics_15min_coarse.tile5.nc 4c02a9aa8bea51be76d82b96901857cb
./gfsphysics_15min_coarse.tile6.nc 944a2bb03b99657810d7f9a12946d4e9
./grid_spec.tile1.nc 0491709f0480fc8ae485348fa16269d0
./grid_spec.tile2.nc 33f211fa6cc36664ba19df3cc8b1c3fe
./grid_spec.tile3.nc e4b4c9ea13bff8d6b3976cc716d37e3c
./grid_spec.tile4.nc a46cf23fc104cb8f969a613190abea6d
./grid_spec.tile5.nc 5f666f2d28aa97976bf5de58c2fb9f6a
./grid_spec.tile6.nc 2be47cd691293f4c0f7c592f8c06c636
./grid_spec_coarse.tile1.nc 97f024224cbfa7528d64155a58b68ce7
./grid_spec_coarse.tile2.nc 996f17c29602754d913a7e351429fa35
./grid_spec_coarse.tile3.nc 22185deaa6d86741a9685eac7f19c122
./grid_spec_coarse.tile4.nc 65010426615309c679c311b0536a0be5
./grid_spec_coarse.tile5.nc f6b3bc81016db6b54159e55dbe9ce878
./grid_spec_coarse.tile6.nc a055ea60898cf38317b4e1acb532f1e5
./physics_tendencies_15min_coarse.tile1.nc 1e1229f42354b6b81aa1ddd409fda02f
./physics_tendencies_15min_coarse.tile2.nc 728a87c325d4b03b9d32ead0ea0f9cec
./physics_tendencies_15min_coarse.tile3.nc 809b33fbc1681047b240f6041a40de23
./physics_tendencies_15min_coarse.tile4.nc 6d0bbd4417ccd33ac6e034be713b42fd
./physics_tendencies_15min_coarse.tile5.nc 2f846cba96b3362a93a89c6616ea2110
./physics_tendencies_15min_coarse.tile6.nc 1619948d18f46f4c753d30479b198c40
./sfc_dt_atmos_diag_manager_controlled_coarse.tile1.nc 558e2bb4de6bf1f22c5a6fe1be7361e5
./sfc_dt_atmos_diag_manager_controlled_coarse.tile2.nc 81377b19ca69a7bed045899cfbe8da82
./sfc_dt_atmos_diag_manager_controlled_coarse.tile3.nc 61749ac42fda10e17cc5403b637cb53f
./sfc_dt_atmos_diag_manager_controlled_coarse.tile4.nc 60c55b0112b6ca2a1af68f06cfc977eb
./sfc_dt_atmos_diag_manager_controlled_coarse.tile5.nc f15e38199bc2964fca6a08779919fcab
./sfc_dt_atmos_diag_manager_controlled_coarse.tile6.nc c99a6714a3f71b87431f96f0f3bd0a87
INPUT/gfs_ctrl.nc 72479dcd4e5e38f802cd1ac9bc71aa8b
INPUT/gfs_data.tile1.nc c0bba587540ba06a45a16ef06134224b
INPUT/gfs_data.tile2.nc d14b7b0ffc2853431014e56feaf7476a
INPUT/gfs_data.tile3.nc 1a3e5ce9528218ccc41c8e6d28eb7a6b
INPUT/gfs_data.tile4.nc c41240db80e5fddbbc0b85db6ae2aa79
INPUT/gfs_data.tile5.nc d13590003b7531d76822d8f3161a426d
INPUT/gfs_data.tile6.nc c9aff252070daca55b36ac3779122755
INPUT/oro_data.tile1.nc 7a51c9c62c1dafafc19c8fb9c1c5945b
INPUT/oro_data.tile2.nc 9196b1ce3803f01782076e1e5a256340
INPUT/oro_data.tile3.nc 8eb0653c3f656b3981ca8b57bfb6ac28
INPUT/oro_data.tile4.nc 3d85307062f7c1f1bcd6c97177344d82
INPUT/oro_data.tile5.nc 6820a83fb382fd45a5883c603266bb17
INPUT/oro_data.tile6.nc df632c163e05bd45d742c2c995b6e5b5
INPUT/sfc_data.tile1.nc 01d55ac6277e758207e855222fa5eaa5
INPUT/sfc_data.tile2.nc 6e36dcca146e6306b62b667f00e35837
INPUT/sfc_data.tile3.nc 376b8453fa09a33e3e4f523353ab0669
INPUT/sfc_data.tile4.nc 4fd4f998979b73901a28a03f84940e5f
INPUT/sfc_data.tile5.nc 68821da46d1c1398b9e48e784eac539a
INPUT/sfc_data.tile6.nc 1704922a9c10744d96d09796dbf2beab
RESTART/20160801.001500.fv_core_coarse.res.tile1.nc f5ff6d35f23b16d4e10b6452ed8536d9
RESTART/20160801.001500.fv_core_coarse.res.tile2.nc 58118524b245b2c071f19f203c929365
RESTART/20160801.001500.fv_core_coarse.res.tile3.nc de4c0c9165b810cbe35cbddbb06dd27d
RESTART/20160801.001500.fv_core_coarse.res.tile4.nc de4e37f8bc3fb48ebd5d35a5b9575789
RESTART/20160801.001500.fv_core_coarse.res.tile5.nc 604af6711e2732e00722e85137508277
RESTART/20160801.001500.fv_core_coarse.res.tile6.nc ac1c4c962db3b6c98ce0b62b7457d66f
RESTART/20160801.001500.fv_srf_wnd_coarse.res.tile1.nc 8fb168f7ef31c12e0edcfe913607eac6
RESTART/20160801.001500.fv_srf_wnd_coarse.res.tile2.nc 8d9695430474263a182ba5c1fcb124c8
RESTART/20160801.001500.fv_srf_wnd_coarse.res.tile3.nc b3b217f2fa370e2519e443b7c76debda
RESTART/20160801.001500.fv_srf_wnd_coarse.res.tile4.nc db58fa26d2e4913e894ad8ca80f873a3
RESTART/20160801.001500.fv_srf_wnd_coarse.res.tile5.nc ec84ec13c244812a835eca63dadd237b
RESTART/20160801.001500.fv_srf_wnd_coarse.res.tile6.nc 840045eae6d59afd8d5e040d6ff0bd4e
RESTART/20160801.001500.fv_tracer_coarse.res.tile1.nc 11af9313fc64034f3989767a4cf715f6
RESTART/20160801.001500.fv_tracer_coarse.res.tile2.nc 927e4197fc1a5bb42e085a92f4cf5132
RESTART/20160801.001500.fv_tracer_coarse.res.tile3.nc 892b41b99743531413c19fd132c0edf1
RESTART/20160801.001500.fv_tracer_coarse.res.tile4.nc 270708531b6e4586a8d0f6536203522e
RESTART/20160801.001500.fv_tracer_coarse.res.tile5.nc 20db33d184514bff7dff88df124cc565
RESTART/20160801.001500.fv_tracer_coarse.res.tile6.nc 9022ed5e6c87f7d46336d45878f221ad
RESTART/20160801.001500.sfc_data_coarse.tile1.nc e25e7cec4827c2cfb3460d4e254f0958
RESTART/20160801.001500.sfc_data_coarse.tile2.nc af2eb0b4466c46c9650c4dd8b48c6836
RESTART/20160801.001500.sfc_data_coarse.tile3.nc c44e1167dbb94b24dffc7fb92ec828b1
RESTART/20160801.001500.sfc_data_coarse.tile4.nc e5be3eb0c3275df6ffb477144d0f4694
RESTART/20160801.001500.sfc_data_coarse.tile5.nc 40a25f3e90facad259f7388adfcb87b8
RESTART/20160801.001500.sfc_data_coarse.tile6.nc 1687a3266469e5ea372608b2c6509f49
RESTART/fv_core.res.nc 03f92921ec61bc2e8650bcc3b1cc3971
RESTART/fv_core.res.tile1.nc b3115b1764636895e7bc65cd540722f5
RESTART/fv_core.res.tile2.nc ca135c536ae43465aa0a7ba0fbe36d49
RESTART/fv_core.res.tile3.nc a14156736623d6ec5ae4b4ceb0fbaaa0
RESTART/fv_core.res.tile4.nc e3ee9deec08ed08313af20fcde2b8008
RESTART/fv_core.res.tile5.nc 516b687b1f475c7f82621ff197f094b7
RESTART/fv_core.res.tile6.nc 18214b08b606221a75c99de039ab72d4
RESTART/fv_core_coarse.res.tile1.nc c4d0603ce7848dc12786ab9cf6884a07
RESTART/fv_core_coarse.res.tile2.nc adae765cab8fa808fcf9ac4c00254bec
RESTART/fv_core_coarse.res.tile3.nc 1d2f3389da1e842f019bcb1b9e810d9a
RESTART/fv_core_coarse.res.tile4.nc be80dbaa4585e6edf007d86d0d079b53
RESTART/fv_core_coarse.res.tile5.nc 03f472231477c9ad0991afdd2d5eebb8
RESTART/fv_core_coarse.res.tile6.nc a8eaf12731ad9ed215e0783476553ba5
RESTART/fv_srf_wnd.res.tile1.nc ae2d59a0537a86f68b7ada984519fbf8
RESTART/fv_srf_wnd.res.tile2.nc 9d116ea268dce494c31fba68eebacbb5
RESTART/fv_srf_wnd.res.tile3.nc 31202a056dc5fd45f98646f2d235441c
RESTART/fv_srf_wnd.res.tile4.nc 686be9f1f8f9b6ce5877b1740afaf8b4
RESTART/fv_srf_wnd.res.tile5.nc a002d710f0ea1436a4fe77ec88e65693
RESTART/fv_srf_wnd.res.tile6.nc 1a8d5b75bc886d780267c2a1b57dab31
RESTART/fv_srf_wnd_coarse.res.tile1.nc dea0648f76ffce9a62ecdd1364576600
RESTART/fv_srf_wnd_coarse.res.tile2.nc 80d23bf3f8254d9d8ca380f40307c484
RESTART/fv_srf_wnd_coarse.res.tile3.nc 52e15a7da151f69384a64ed99caee67b
RESTART/fv_srf_wnd_coarse.res.tile4.nc f5a744dcb94d7181dfe24c922c120831
RESTART/fv_srf_wnd_coarse.res.tile5.nc 63087962b097a892d63046995a823e33
RESTART/fv_srf_wnd_coarse.res.tile6.nc aeb3182369e337b65e6560339dd19f1f
RESTART/fv_tracer.res.tile1.nc 5a9b903167f6d32a822868b5afef1180
RESTART/fv_tracer.res.tile2.nc 3a3218d2b4a75265c6a1ba251fba4663
RESTART/fv_tracer.res.tile3.nc aa512fe2eb96e4cd164d4f56107b2a44
RESTART/fv_tracer.res.tile4.nc 22e7cf8ab2bca34ca44fc98fc18c53de
RESTART/fv_tracer.res.tile5.nc af3abb1bd35ff43214a7a6e1f314b3a6
RESTART/fv_tracer.res.tile6.nc 154e8f425555c057c457ab3ef038a388
RESTART/fv_tracer_coarse.res.tile1.nc 99124346c118872ced75a35bc88b1685
RESTART/fv_tracer_coarse.res.tile2.nc fbfa4a5a9533056b22d8352e268a3268
RESTART/fv_tracer_coarse.res.tile3.nc f1476c3589827efe061f99c5ff257800
RESTART/fv_tracer_coarse.res.tile4.nc b50e7c763656a143d82f5c1f1568433a
RESTART/fv_tracer_coarse.res.tile5.nc 01079d0188fe692bcff558441102e434
RESTART/fv_tracer_coarse.res.tile6.nc a9eaa43e973222783ab497ba644fe90d
RESTART/phy_data.tile1.nc fb88bfd101012d8b1d00c14c1a22351e
RESTART/phy_data.tile2.nc cf136172bcb639092a922e7f50adf1ad
RESTART/phy_data.tile3.nc 340a36a988201cc3db4d12a0f5062dad
RESTART/phy_data.tile4.nc 7d3d8a6c10dd385c65af2b5ff914c24b
RESTART/phy_data.tile5.nc 1d0ef27b83773c311fe92b59d02b64fc
RESTART/phy_data.tile6.nc 8dcb5440277f5d5b86b2b093789dcb3a
RESTART/sfc_data.tile1.nc 4b826c76afd3d391b0ae78a81ed76104
RESTART/sfc_data.tile2.nc 20ec36eb2cd9a2839966b2d2a7653ab7
RESTART/sfc_data.tile3.nc 44e11e635e88e604ada499d6155e6537
RESTART/sfc_data.tile4.nc 8cf7890ff11c022a2c62b74612edd17f
RESTART/sfc_data.tile5.nc 8d49761e5ada028e7dd38fcccf7491bb
RESTART/sfc_data.tile6.nc f110f1c1e8c87710dc25ecc2487bc0ad
RESTART/sfc_data_coarse.tile1.nc be662c4567aa88e40344117406d7d17d
RESTART/sfc_data_coarse.tile2.nc 74105bd9ad6e1edb6090fb2d55b841e6
RESTART/sfc_data_coarse.tile3.nc 49a24b0a433c2a713327fea98183f5c9
RESTART/sfc_data_coarse.tile4.nc a136d89bd520060d4c3b0a1a32663ee5
RESTART/sfc_data_coarse.tile5.nc 09309dad21b41cf37d3dcda9a88afacf
RESTART/sfc_data_coarse.tile6.nc bb4666eaecddc981846909131c4fc6a2
