./atmos_4xdaily_fine_inst.tile1.nc 131fab4e3cd1feae7cb6bdaff881e725
./atmos_4xdaily_fine_inst.tile2.nc fe45eab4a5c25ec93a5a348ee08881a0
./atmos_4xdaily_fine_inst.tile3.nc fad54c07bf8692b0bb1296a189306dff
./atmos_4xdaily_fine_inst.tile4.nc bdf349ecd9d8065fb7bc27d69b438c00
./atmos_4xdaily_fine_inst.tile5.nc 1094331a6b0aa718e6509521ae268159
./atmos_4xdaily_fine_inst.tile6.nc d4b2fe8b386577cb3d2eeb9d7cd727e2
INPUT/oro_data.tile1.nc 7a51c9c62c1dafafc19c8fb9c1c5945b
INPUT/oro_data.tile2.nc 9196b1ce3803f01782076e1e5a256340
INPUT/oro_data.tile3.nc 8eb0653c3f656b3981ca8b57bfb6ac28
INPUT/oro_data.tile4.nc 3d85307062f7c1f1bcd6c97177344d82
INPUT/oro_data.tile5.nc 6820a83fb382fd45a5883c603266bb17
INPUT/oro_data.tile6.nc df632c163e05bd45d742c2c995b6e5b5
RESTART/fv_core.res.nc 82157501c5b777a6e51603f36d381a8c
RESTART/fv_core.res.tile1.nc 73cafafc60ce6e585c18c35b11851cac
RESTART/fv_core.res.tile2.nc 06d5a1c2a540d0dbe02ea0ebe44e3c38
RESTART/fv_core.res.tile3.nc 8db06147c3218259d45086ce701accca
RESTART/fv_core.res.tile4.nc 34751c66b264632b8da38d6ed97a4f1b
RESTART/fv_core.res.tile5.nc 9c7e300e7f923c4c01c90c76d60a3098
RESTART/fv_core.res.tile6.nc 9b93cf451eb8aab1aaece254e7d05be3
RESTART/fv_srf_wnd.res.tile1.nc c225721ceecadaeb8366092e6fb0aa72
RESTART/fv_srf_wnd.res.tile2.nc 585137bf09f9b71b37148a847e414003
RESTART/fv_srf_wnd.res.tile3.nc 806100ee50b10751b9ae242f8a39ee38
RESTART/fv_srf_wnd.res.tile4.nc cd8e3408773e72b0f4088f00452bbcda
RESTART/fv_srf_wnd.res.tile5.nc c393d3fb016cd03549c071b2b9caac9f
RESTART/fv_srf_wnd.res.tile6.nc e9ca82c6edeb9d28e315bb2ace892ccb
RESTART/fv_tracer.res.tile1.nc 1ca23c4fe4dc1c07eba876f096c5f98f
RESTART/fv_tracer.res.tile2.nc 82648a0977c7040ca22564de5f3ed8ed
RESTART/fv_tracer.res.tile3.nc f5a5bee1b1af1f88d31011077b1734e4
RESTART/fv_tracer.res.tile4.nc 9d403db9c3a81194510b1d3c6d14aa41
RESTART/fv_tracer.res.tile5.nc d7de930743efe365b941ceefa5042a36
RESTART/fv_tracer.res.tile6.nc df4b5f2c28cc05b4a1c2e957e5fb1937
RESTART/phy_data.tile1.nc 009eee5d146a8dd492bfc6052ccad11e
RESTART/phy_data.tile2.nc ed094092b41c9853bf85d84d43d1f7fd
RESTART/phy_data.tile3.nc e7122fe73228aca73a13c89a3d53f149
RESTART/phy_data.tile4.nc ecc9f494e54293e09d50981300be7c26
RESTART/phy_data.tile5.nc f6ac59fc70a90e246c28db7ee9da4c6d
RESTART/phy_data.tile6.nc 8b15f645ac7f3fd52bcee6180edd1522
RESTART/sfc_data.tile1.nc e05299c68f47918b78d8df63aa939e22
RESTART/sfc_data.tile2.nc 5315048f47ab00fddf8834258fd2f080
RESTART/sfc_data.tile3.nc 05daf9a231493c752d251c676478744b
RESTART/sfc_data.tile4.nc 1193578f82de05926290fbbf11099912
RESTART/sfc_data.tile5.nc 9c1e823605a277322c4231a5cedec333
RESTART/sfc_data.tile6.nc 7065033ee348c8f9d0f877b0712fbac7
