INPUT/gfs_ctrl.nc 72479dcd4e5e38f802cd1ac9bc71aa8b
INPUT/gfs_data.tile1.nc c0bba587540ba06a45a16ef06134224b
INPUT/gfs_data.tile2.nc d14b7b0ffc2853431014e56feaf7476a
INPUT/gfs_data.tile3.nc 1a3e5ce9528218ccc41c8e6d28eb7a6b
INPUT/gfs_data.tile4.nc c41240db80e5fddbbc0b85db6ae2aa79
INPUT/gfs_data.tile5.nc d13590003b7531d76822d8f3161a426d
INPUT/gfs_data.tile6.nc c9aff252070daca55b36ac3779122755
INPUT/oro_data.tile1.nc 7a51c9c62c1dafafc19c8fb9c1c5945b
INPUT/oro_data.tile2.nc 9196b1ce3803f01782076e1e5a256340
INPUT/oro_data.tile3.nc 8eb0653c3f656b3981ca8b57bfb6ac28
INPUT/oro_data.tile4.nc 3d85307062f7c1f1bcd6c97177344d82
INPUT/oro_data.tile5.nc 6820a83fb382fd45a5883c603266bb17
INPUT/oro_data.tile6.nc df632c163e05bd45d742c2c995b6e5b5
INPUT/sfc_data.tile1.nc 01d55ac6277e758207e855222fa5eaa5
INPUT/sfc_data.tile2.nc 6e36dcca146e6306b62b667f00e35837
INPUT/sfc_data.tile3.nc 376b8453fa09a33e3e4f523353ab0669
INPUT/sfc_data.tile4.nc 4fd4f998979b73901a28a03f84940e5f
INPUT/sfc_data.tile5.nc 68821da46d1c1398b9e48e784eac539a
INPUT/sfc_data.tile6.nc 1704922a9c10744d96d09796dbf2beab
RESTART/20160801.001500.fv_core_coarse.res.tile1.nc 224abf813bc5dd55c340b2bd36c647b3
RESTART/20160801.001500.fv_core_coarse.res.tile2.nc a3465d78f4bfa727cc2b1971beca1b73
RESTART/20160801.001500.fv_core_coarse.res.tile3.nc 78fadd3ea7590744abb7a66a51198869
RESTART/20160801.001500.fv_core_coarse.res.tile4.nc ebbe6bc1da04dfabf9a186457d5e0f70
RESTART/20160801.001500.fv_core_coarse.res.tile5.nc 22f7e7a3c4de164c7a9563af525a80e9
RESTART/20160801.001500.fv_core_coarse.res.tile6.nc 04820082fa12ecec089265001d3683b2
RESTART/20160801.001500.fv_srf_wnd_coarse.res.tile1.nc 8fb168f7ef31c12e0edcfe913607eac6
RESTART/20160801.001500.fv_srf_wnd_coarse.res.tile2.nc 8d9695430474263a182ba5c1fcb124c8
RESTART/20160801.001500.fv_srf_wnd_coarse.res.tile3.nc b3b217f2fa370e2519e443b7c76debda
RESTART/20160801.001500.fv_srf_wnd_coarse.res.tile4.nc db58fa26d2e4913e894ad8ca80f873a3
RESTART/20160801.001500.fv_srf_wnd_coarse.res.tile5.nc ec84ec13c244812a835eca63dadd237b
RESTART/20160801.001500.fv_srf_wnd_coarse.res.tile6.nc 840045eae6d59afd8d5e040d6ff0bd4e
RESTART/20160801.001500.fv_tracer_coarse.res.tile1.nc 7feb07ac5852cebde194b0bfe2f290c4
RESTART/20160801.001500.fv_tracer_coarse.res.tile2.nc abd6f521ecd5d502b22d67c3c12c7871
RESTART/20160801.001500.fv_tracer_coarse.res.tile3.nc 1883f20fd20f1e964d2619e5a9c3a2be
RESTART/20160801.001500.fv_tracer_coarse.res.tile4.nc b30698cf76a3dcd6e9d29a8dc8920b28
RESTART/20160801.001500.fv_tracer_coarse.res.tile5.nc 2377789565dffd4244588e92a79ccf4d
RESTART/20160801.001500.fv_tracer_coarse.res.tile6.nc 44d41ff5a998f3c3b9a3687504f066e9
RESTART/20160801.001500.sfc_data_coarse.tile1.nc 0d09d232398fce828e14a85725e03034
RESTART/20160801.001500.sfc_data_coarse.tile2.nc 32265f909af0ed58cd22063e8c7cc824
RESTART/20160801.001500.sfc_data_coarse.tile3.nc a5a44676420b66f7292350506c301c6e
RESTART/20160801.001500.sfc_data_coarse.tile4.nc 56365bd21f1604538b8a247cdb4e78d2
RESTART/20160801.001500.sfc_data_coarse.tile5.nc 2bff10c2940720163e992b1e8696f271
RESTART/20160801.001500.sfc_data_coarse.tile6.nc 5ffd088b6a9dacaf8d5ad1c810a19cb7
RESTART/fv_core.res.nc 03f92921ec61bc2e8650bcc3b1cc3971
RESTART/fv_core.res.tile1.nc b3115b1764636895e7bc65cd540722f5
RESTART/fv_core.res.tile2.nc ca135c536ae43465aa0a7ba0fbe36d49
RESTART/fv_core.res.tile3.nc a14156736623d6ec5ae4b4ceb0fbaaa0
RESTART/fv_core.res.tile4.nc e3ee9deec08ed08313af20fcde2b8008
RESTART/fv_core.res.tile5.nc 516b687b1f475c7f82621ff197f094b7
RESTART/fv_core.res.tile6.nc 18214b08b606221a75c99de039ab72d4
RESTART/fv_core_coarse.res.tile1.nc 832a43c0d844a5cb933c4f0ab4b871d0
RESTART/fv_core_coarse.res.tile2.nc dca36a31fa50691a117d2029d14538b6
RESTART/fv_core_coarse.res.tile3.nc ed7aab0188f92c225508fb629ff9ae2d
RESTART/fv_core_coarse.res.tile4.nc fc899cbb506c620096735e626ed2a637
RESTART/fv_core_coarse.res.tile5.nc b8e6dbfcbabc341847f98a59d7b51504
RESTART/fv_core_coarse.res.tile6.nc 4a9b0cfa1f032f644487dbb82d6eac99
RESTART/fv_srf_wnd.res.tile1.nc ae2d59a0537a86f68b7ada984519fbf8
RESTART/fv_srf_wnd.res.tile2.nc 9d116ea268dce494c31fba68eebacbb5
RESTART/fv_srf_wnd.res.tile3.nc 31202a056dc5fd45f98646f2d235441c
RESTART/fv_srf_wnd.res.tile4.nc 686be9f1f8f9b6ce5877b1740afaf8b4
RESTART/fv_srf_wnd.res.tile5.nc a002d710f0ea1436a4fe77ec88e65693
RESTART/fv_srf_wnd.res.tile6.nc 1a8d5b75bc886d780267c2a1b57dab31
RESTART/fv_srf_wnd_coarse.res.tile1.nc dea0648f76ffce9a62ecdd1364576600
RESTART/fv_srf_wnd_coarse.res.tile2.nc 80d23bf3f8254d9d8ca380f40307c484
RESTART/fv_srf_wnd_coarse.res.tile3.nc 52e15a7da151f69384a64ed99caee67b
RESTART/fv_srf_wnd_coarse.res.tile4.nc f5a744dcb94d7181dfe24c922c120831
RESTART/fv_srf_wnd_coarse.res.tile5.nc 63087962b097a892d63046995a823e33
RESTART/fv_srf_wnd_coarse.res.tile6.nc aeb3182369e337b65e6560339dd19f1f
RESTART/fv_tracer.res.tile1.nc 5a9b903167f6d32a822868b5afef1180
RESTART/fv_tracer.res.tile2.nc 3a3218d2b4a75265c6a1ba251fba4663
RESTART/fv_tracer.res.tile3.nc aa512fe2eb96e4cd164d4f56107b2a44
RESTART/fv_tracer.res.tile4.nc 22e7cf8ab2bca34ca44fc98fc18c53de
RESTART/fv_tracer.res.tile5.nc af3abb1bd35ff43214a7a6e1f314b3a6
RESTART/fv_tracer.res.tile6.nc 154e8f425555c057c457ab3ef038a388
RESTART/fv_tracer_coarse.res.tile1.nc a551cedc0f7458d741fdb3ea340062f9
RESTART/fv_tracer_coarse.res.tile2.nc bb95cb3e238c9d3e959a0a460a11610f
RESTART/fv_tracer_coarse.res.tile3.nc 9caf608f8aa74558d2411bcc56dcdb74
RESTART/fv_tracer_coarse.res.tile4.nc 7072349b59f09918af46403f52e8f22f
RESTART/fv_tracer_coarse.res.tile5.nc 8dd561cd1516b1a175c3c741da2d7ea5
RESTART/fv_tracer_coarse.res.tile6.nc 320cade6559272f2bf8d254e58a248e3
RESTART/phy_data.tile1.nc fb88bfd101012d8b1d00c14c1a22351e
RESTART/phy_data.tile2.nc cf136172bcb639092a922e7f50adf1ad
RESTART/phy_data.tile3.nc 340a36a988201cc3db4d12a0f5062dad
RESTART/phy_data.tile4.nc 7d3d8a6c10dd385c65af2b5ff914c24b
RESTART/phy_data.tile5.nc 1d0ef27b83773c311fe92b59d02b64fc
RESTART/phy_data.tile6.nc 8dcb5440277f5d5b86b2b093789dcb3a
RESTART/sfc_data.tile1.nc 4b826c76afd3d391b0ae78a81ed76104
RESTART/sfc_data.tile2.nc 20ec36eb2cd9a2839966b2d2a7653ab7
RESTART/sfc_data.tile3.nc 44e11e635e88e604ada499d6155e6537
RESTART/sfc_data.tile4.nc 8cf7890ff11c022a2c62b74612edd17f
RESTART/sfc_data.tile5.nc 8d49761e5ada028e7dd38fcccf7491bb
RESTART/sfc_data.tile6.nc f110f1c1e8c87710dc25ecc2487bc0ad
RESTART/sfc_data_coarse.tile1.nc 19a098789f03fdd826309f78fdca0056
RESTART/sfc_data_coarse.tile2.nc 2c995e8daab0f708e25e570b58c1e7ce
RESTART/sfc_data_coarse.tile3.nc 8d208b08b9ffad06cfc04292da72b1ba
RESTART/sfc_data_coarse.tile4.nc e5879471542f7c71269553018ac60961
RESTART/sfc_data_coarse.tile5.nc 7bd8d4da6d228dfe1e9d64698ad8137f
RESTART/sfc_data_coarse.tile6.nc 868e9d1b37244599d0637d7326ef4466
