./atmos_15min_coarse_ave.tile1.nc cce7013c1d8ba5c63851c636a7144dd1
./atmos_15min_coarse_ave.tile2.nc 110a4666c337b17051cd892b165297c5
./atmos_15min_coarse_ave.tile3.nc 197bae41ba8ebc18833690b6bbe3449a
./atmos_15min_coarse_ave.tile4.nc 766a4584e7579b14df9559e458315c7c
./atmos_15min_coarse_ave.tile5.nc 6c74ca3010facd9c393af6042a46c41b
./atmos_15min_coarse_ave.tile6.nc 02dde95f236d94f0f1447fd3fe09d15b
./atmos_15min_coarse_inst.tile1.nc 84875c84f36bab7c16b0593e530c2894
./atmos_15min_coarse_inst.tile2.nc edf2a484560656e2f88d2454d2fe6b5e
./atmos_15min_coarse_inst.tile3.nc 6beb95b9bde5b67f744ba93822584284
./atmos_15min_coarse_inst.tile4.nc d08a74c376535945972bd8ff55f2da1d
./atmos_15min_coarse_inst.tile5.nc 3f12452692e1cfa172cca598d21d4785
./atmos_15min_coarse_inst.tile6.nc 8cc33be841cacb788a2b8582d8c3d879
./atmos_static.tile1.nc 673a62d1c00d84df5e1874738113fc27
./atmos_static.tile2.nc be2770c51422acf9e49b10b0b236acb1
./atmos_static.tile3.nc 91b2667d15b9745b3c0217f7cca2b444
./atmos_static.tile4.nc 845c8dee5240304ef6b241b6eae8b536
./atmos_static.tile5.nc 3d25eee4c0afe5bd93a0e417f16eb381
./atmos_static.tile6.nc 36ea1e2698cef4164507c4684d6a7ecd
./gfsphysics_15min_coarse.tile1.nc 6f737d3fe7cc44edc83e582268724893
./gfsphysics_15min_coarse.tile2.nc 3ee06d117d7159208e23ae0ee35fc090
./gfsphysics_15min_coarse.tile3.nc 5a7946fda5e66c0218b978c248059f47
./gfsphysics_15min_coarse.tile4.nc a6e9716598b27b588ad25a1a1fbf7bc0
./gfsphysics_15min_coarse.tile5.nc ec9195a96de955b06df15e1cc8094504
./gfsphysics_15min_coarse.tile6.nc 308aceadb2aad4222aab37cc15fa9bd1
./grid_spec.tile1.nc 97a2cc4fe69e9d63039c7d3df5a91d10
./grid_spec.tile2.nc bc5a59b0313f91c93aa59329130fc545
./grid_spec.tile3.nc 5d05bbbf2eaa076694103f8050dfd3f3
./grid_spec.tile4.nc 0ffcedb4839ab8b7024054e3f32c6415
./grid_spec.tile5.nc 972c9afe64597347091743b2a1658458
./grid_spec.tile6.nc ee0043d4eba0b01c2dca8fdfcdba1eca
./grid_spec_coarse.tile1.nc f68ac9c59297a8b31203d874f53a3df1
./grid_spec_coarse.tile2.nc a481d82a080c405fd784987e84adc632
./grid_spec_coarse.tile3.nc 13f7ff891b1f6075d35274de8b224103
./grid_spec_coarse.tile4.nc f61ea06369bbf4c1c2408b44d32f1628
./grid_spec_coarse.tile5.nc c7dab9256dd4270f2d2264fd6b92806c
./grid_spec_coarse.tile6.nc 780fb277f7083620e6e1cff700ea2c7b
./physics_tendencies_15min_coarse.tile1.nc eea30b337c6aab9b2791b0ee053d852c
./physics_tendencies_15min_coarse.tile2.nc 37918e143eca693943c5059e0ebff51f
./physics_tendencies_15min_coarse.tile3.nc 3405299ed2448e7b68282a43ad64a97d
./physics_tendencies_15min_coarse.tile4.nc cfb01d9e3295ff010142dc3b76f5decb
./physics_tendencies_15min_coarse.tile5.nc 4a8625ab27663aa69218cfc195698170
./physics_tendencies_15min_coarse.tile6.nc 134018679f397f4dcbabcb80d50a911e
INPUT/gfs_ctrl.nc 72479dcd4e5e38f802cd1ac9bc71aa8b
INPUT/gfs_data.tile1.nc c0bba587540ba06a45a16ef06134224b
INPUT/gfs_data.tile2.nc d14b7b0ffc2853431014e56feaf7476a
INPUT/gfs_data.tile3.nc 1a3e5ce9528218ccc41c8e6d28eb7a6b
INPUT/gfs_data.tile4.nc c41240db80e5fddbbc0b85db6ae2aa79
INPUT/gfs_data.tile5.nc d13590003b7531d76822d8f3161a426d
INPUT/gfs_data.tile6.nc c9aff252070daca55b36ac3779122755
INPUT/oro_data.tile1.nc 7a51c9c62c1dafafc19c8fb9c1c5945b
INPUT/oro_data.tile2.nc 9196b1ce3803f01782076e1e5a256340
INPUT/oro_data.tile3.nc 8eb0653c3f656b3981ca8b57bfb6ac28
INPUT/oro_data.tile4.nc 3d85307062f7c1f1bcd6c97177344d82
INPUT/oro_data.tile5.nc 6820a83fb382fd45a5883c603266bb17
INPUT/oro_data.tile6.nc df632c163e05bd45d742c2c995b6e5b5
INPUT/sfc_data.tile1.nc 01d55ac6277e758207e855222fa5eaa5
INPUT/sfc_data.tile2.nc 6e36dcca146e6306b62b667f00e35837
INPUT/sfc_data.tile3.nc 376b8453fa09a33e3e4f523353ab0669
INPUT/sfc_data.tile4.nc 4fd4f998979b73901a28a03f84940e5f
INPUT/sfc_data.tile5.nc 68821da46d1c1398b9e48e784eac539a
INPUT/sfc_data.tile6.nc 1704922a9c10744d96d09796dbf2beab
RESTART/20160801.001500.fv_core_coarse.res.tile1.nc d28ab9747b7beae9443821248b1884f6
RESTART/20160801.001500.fv_core_coarse.res.tile2.nc c0245f67726b6a623420b8339c5f071a
RESTART/20160801.001500.fv_core_coarse.res.tile3.nc fabd6a4fdf5fea3812db5f1d81d68d3f
RESTART/20160801.001500.fv_core_coarse.res.tile4.nc 2c770a57416cb4916433a64bb6130d98
RESTART/20160801.001500.fv_core_coarse.res.tile5.nc 8c8e807c4d83d899352f61fa7ec1b1c5
RESTART/20160801.001500.fv_core_coarse.res.tile6.nc 8a9bfc6ea24a2545286185ffe99cbb3f
RESTART/20160801.001500.fv_srf_wnd_coarse.res.tile1.nc 8fb168f7ef31c12e0edcfe913607eac6
RESTART/20160801.001500.fv_srf_wnd_coarse.res.tile2.nc 8d9695430474263a182ba5c1fcb124c8
RESTART/20160801.001500.fv_srf_wnd_coarse.res.tile3.nc b3b217f2fa370e2519e443b7c76debda
RESTART/20160801.001500.fv_srf_wnd_coarse.res.tile4.nc db58fa26d2e4913e894ad8ca80f873a3
RESTART/20160801.001500.fv_srf_wnd_coarse.res.tile5.nc ec84ec13c244812a835eca63dadd237b
RESTART/20160801.001500.fv_srf_wnd_coarse.res.tile6.nc 840045eae6d59afd8d5e040d6ff0bd4e
RESTART/20160801.001500.fv_tracer_coarse.res.tile1.nc 5a5c74d8b5b54790350fc2075a3663f9
RESTART/20160801.001500.fv_tracer_coarse.res.tile2.nc f0bbaf1d044152dd8945e27af6f3748e
RESTART/20160801.001500.fv_tracer_coarse.res.tile3.nc ca11638d1270cd3e8c2e84669a04a43d
RESTART/20160801.001500.fv_tracer_coarse.res.tile4.nc 25dc018fa592acb62a76ed4cd6dfb495
RESTART/20160801.001500.fv_tracer_coarse.res.tile5.nc 2deaca60c69a1f94c95b632b9a0cb7b4
RESTART/20160801.001500.fv_tracer_coarse.res.tile6.nc 5dd71de7975d28863605053aeffcb704
RESTART/20160801.001500.sfc_data_coarse.tile1.nc 0d09d232398fce828e14a85725e03034
RESTART/20160801.001500.sfc_data_coarse.tile2.nc 32265f909af0ed58cd22063e8c7cc824
RESTART/20160801.001500.sfc_data_coarse.tile3.nc a5a44676420b66f7292350506c301c6e
RESTART/20160801.001500.sfc_data_coarse.tile4.nc 56365bd21f1604538b8a247cdb4e78d2
RESTART/20160801.001500.sfc_data_coarse.tile5.nc 2bff10c2940720163e992b1e8696f271
RESTART/20160801.001500.sfc_data_coarse.tile6.nc 5ffd088b6a9dacaf8d5ad1c810a19cb7
RESTART/fv_core.res.nc 03f92921ec61bc2e8650bcc3b1cc3971
RESTART/fv_core.res.tile1.nc b3115b1764636895e7bc65cd540722f5
RESTART/fv_core.res.tile2.nc ca135c536ae43465aa0a7ba0fbe36d49
RESTART/fv_core.res.tile3.nc a14156736623d6ec5ae4b4ceb0fbaaa0
RESTART/fv_core.res.tile4.nc e3ee9deec08ed08313af20fcde2b8008
RESTART/fv_core.res.tile5.nc 516b687b1f475c7f82621ff197f094b7
RESTART/fv_core.res.tile6.nc 18214b08b606221a75c99de039ab72d4
RESTART/fv_core_coarse.res.tile1.nc d69766ba6da3447c7ff7e82fddb3d9a0
RESTART/fv_core_coarse.res.tile2.nc d0e7a1828baf24700a7f00f62429d0e3
RESTART/fv_core_coarse.res.tile3.nc 847db932ff15b885af76a4f32bcdaecc
RESTART/fv_core_coarse.res.tile4.nc f03b239b4da0055480fa141a7127df7d
RESTART/fv_core_coarse.res.tile5.nc f3bc9f7404f3ea48f2269fad90f98cbf
RESTART/fv_core_coarse.res.tile6.nc f8820210c54102fa81e4f62d7d3b408a
RESTART/fv_srf_wnd.res.tile1.nc ae2d59a0537a86f68b7ada984519fbf8
RESTART/fv_srf_wnd.res.tile2.nc 9d116ea268dce494c31fba68eebacbb5
RESTART/fv_srf_wnd.res.tile3.nc 31202a056dc5fd45f98646f2d235441c
RESTART/fv_srf_wnd.res.tile4.nc 686be9f1f8f9b6ce5877b1740afaf8b4
RESTART/fv_srf_wnd.res.tile5.nc a002d710f0ea1436a4fe77ec88e65693
RESTART/fv_srf_wnd.res.tile6.nc 1a8d5b75bc886d780267c2a1b57dab31
RESTART/fv_srf_wnd_coarse.res.tile1.nc dea0648f76ffce9a62ecdd1364576600
RESTART/fv_srf_wnd_coarse.res.tile2.nc 80d23bf3f8254d9d8ca380f40307c484
RESTART/fv_srf_wnd_coarse.res.tile3.nc 52e15a7da151f69384a64ed99caee67b
RESTART/fv_srf_wnd_coarse.res.tile4.nc f5a744dcb94d7181dfe24c922c120831
RESTART/fv_srf_wnd_coarse.res.tile5.nc 63087962b097a892d63046995a823e33
RESTART/fv_srf_wnd_coarse.res.tile6.nc aeb3182369e337b65e6560339dd19f1f
RESTART/fv_tracer.res.tile1.nc 5a9b903167f6d32a822868b5afef1180
RESTART/fv_tracer.res.tile2.nc 3a3218d2b4a75265c6a1ba251fba4663
RESTART/fv_tracer.res.tile3.nc aa512fe2eb96e4cd164d4f56107b2a44
RESTART/fv_tracer.res.tile4.nc 22e7cf8ab2bca34ca44fc98fc18c53de
RESTART/fv_tracer.res.tile5.nc af3abb1bd35ff43214a7a6e1f314b3a6
RESTART/fv_tracer.res.tile6.nc 154e8f425555c057c457ab3ef038a388
RESTART/fv_tracer_coarse.res.tile1.nc a96e207a74f11074926de0c879367186
RESTART/fv_tracer_coarse.res.tile2.nc c1a2f4f565430a2fe8a1133176320c2b
RESTART/fv_tracer_coarse.res.tile3.nc 0b91b0290e6b04f3033058ec0b6bb514
RESTART/fv_tracer_coarse.res.tile4.nc 8603056fd85ed0a5bcace78ecf820c47
RESTART/fv_tracer_coarse.res.tile5.nc 950eed9f58753811e07ecc2ca27f895a
RESTART/fv_tracer_coarse.res.tile6.nc 3f1fd83341c240500fe8bf7b3d3d3c1e
RESTART/phy_data.tile1.nc fb88bfd101012d8b1d00c14c1a22351e
RESTART/phy_data.tile2.nc cf136172bcb639092a922e7f50adf1ad
RESTART/phy_data.tile3.nc 340a36a988201cc3db4d12a0f5062dad
RESTART/phy_data.tile4.nc 7d3d8a6c10dd385c65af2b5ff914c24b
RESTART/phy_data.tile5.nc 1d0ef27b83773c311fe92b59d02b64fc
RESTART/phy_data.tile6.nc 8dcb5440277f5d5b86b2b093789dcb3a
RESTART/sfc_data.tile1.nc 4b826c76afd3d391b0ae78a81ed76104
RESTART/sfc_data.tile2.nc 20ec36eb2cd9a2839966b2d2a7653ab7
RESTART/sfc_data.tile3.nc 44e11e635e88e604ada499d6155e6537
RESTART/sfc_data.tile4.nc 8cf7890ff11c022a2c62b74612edd17f
RESTART/sfc_data.tile5.nc 8d49761e5ada028e7dd38fcccf7491bb
RESTART/sfc_data.tile6.nc f110f1c1e8c87710dc25ecc2487bc0ad
RESTART/sfc_data_coarse.tile1.nc 19a098789f03fdd826309f78fdca0056
RESTART/sfc_data_coarse.tile2.nc 2c995e8daab0f708e25e570b58c1e7ce
RESTART/sfc_data_coarse.tile3.nc 8d208b08b9ffad06cfc04292da72b1ba
RESTART/sfc_data_coarse.tile4.nc e5879471542f7c71269553018ac60961
RESTART/sfc_data_coarse.tile5.nc 7bd8d4da6d228dfe1e9d64698ad8137f
RESTART/sfc_data_coarse.tile6.nc 868e9d1b37244599d0637d7326ef4466
