./atmos_8xdaily.tile1.nc 2d85da76838e2824a6cb347127454bf8
./atmos_8xdaily.tile2.nc 737e95c8ab5c48574889ef4b161767ea
./atmos_8xdaily.tile3.nc 80728c0f058e2627809f9755cee57ef7
./atmos_8xdaily.tile4.nc a24f8e99e15f7d9c1796f9014fae1aba
./atmos_8xdaily.tile5.nc 33eda74f526acf6c0ca3378569958ffc
./atmos_8xdaily.tile6.nc 695a54a3c14599304f8511ebaf232644
./atmos_dt_atmos.tile1.nc c0443a55e9c7bc7dd39575b40f274a19
./atmos_dt_atmos.tile2.nc 7c1dfff49b7e73737b29469b27b3c29c
./atmos_dt_atmos.tile3.nc 93ba38301a38a45a4e5f976b18091783
./atmos_dt_atmos.tile4.nc ba2e859785c564a93e2f5743333394bd
./atmos_dt_atmos.tile5.nc a39b682cbb531c87bf638fa69fdd161e
./atmos_dt_atmos.tile6.nc 3c0c4f049e8e465d737181ce017e1955
./atmos_static.tile1.nc 896dd75cd0b3d38b8db0ecf0c1902453
./atmos_static.tile2.nc 3556f836cb116e39b5a5e3da21474f54
./atmos_static.tile3.nc 2a0d81c2221eea84839605975c713bef
./atmos_static.tile4.nc c7f19b5b7d4bc3297e844e171d4ba6d8
./atmos_static.tile5.nc fa9b20e04e4bacfe1f23dd8e6583988e
./atmos_static.tile6.nc 06d11cda82c6235d7a77dc75ddb05357
./sfc_dt_atmos.tile1.nc 48fbbbb55443708e3336e490140c5f73
./sfc_dt_atmos.tile2.nc 2661986f00407f0682d30ec711b77ba1
./sfc_dt_atmos.tile3.nc 959991d52053ec4d5b38ef93565b1a40
./sfc_dt_atmos.tile4.nc 5808d1af6bee378063ddc7b16a9b115e
./sfc_dt_atmos.tile5.nc 51a53eef0b805be0505750eb41960e9b
./sfc_dt_atmos.tile6.nc fc055d173d4c6bbc9bcad284ee2aa520
INPUT/fv_core.res.nc 03f92921ec61bc2e8650bcc3b1cc3971
INPUT/fv_core.res.tile1.nc 5aaa2dd261974b38c8addca8def60d1c
INPUT/fv_core.res.tile2.nc f7a67b6bd7d524b5262104bedcdb4f19
INPUT/fv_core.res.tile3.nc 1536df96037be4820072cc97df2b3724
INPUT/fv_core.res.tile4.nc ba004f8e993e47030cca2c3ce049e2da
INPUT/fv_core.res.tile5.nc 4ec5b44f3be89a6339cdc940b46e1a70
INPUT/fv_core.res.tile6.nc 90e27e06460b9470feb04d326f591d4c
INPUT/fv_srf_wnd.res.tile1.nc e8e157427a666ffd072c60defcab6739
INPUT/fv_srf_wnd.res.tile2.nc aab9cf83a48955aa7ab550a60d18e12b
INPUT/fv_srf_wnd.res.tile3.nc 86ae92ccbafdef19388d1fa4ae299949
INPUT/fv_srf_wnd.res.tile4.nc 5fd74ae796e73fcce03326ea6244048f
INPUT/fv_srf_wnd.res.tile5.nc 5618fa1cbf1e010cb279f6334730cb99
INPUT/fv_srf_wnd.res.tile6.nc 4a33fd4c7f8a61f7d221983be27ea327
INPUT/fv_tracer.res.tile1.nc 9dbc067917d5a7af2aa08d302a5fbb36
INPUT/fv_tracer.res.tile2.nc b2bbd1d1cfab209e8ae4a2f4b447641a
INPUT/fv_tracer.res.tile3.nc 8a0fb2d86cb80ec5c2f7c85b885174ef
INPUT/fv_tracer.res.tile4.nc 6c5949b5c4257b0330f0a7635b9d17b4
INPUT/fv_tracer.res.tile5.nc 41d95dda958741bbaff3dfda96401627
INPUT/fv_tracer.res.tile6.nc 5add012227d4b82d31f96cd0e112808c
INPUT/oro_data.tile1.nc 7a51c9c62c1dafafc19c8fb9c1c5945b
INPUT/oro_data.tile2.nc 9196b1ce3803f01782076e1e5a256340
INPUT/oro_data.tile3.nc 8eb0653c3f656b3981ca8b57bfb6ac28
INPUT/oro_data.tile4.nc 3d85307062f7c1f1bcd6c97177344d82
INPUT/oro_data.tile5.nc 6820a83fb382fd45a5883c603266bb17
INPUT/oro_data.tile6.nc df632c163e05bd45d742c2c995b6e5b5
INPUT/phy_data.tile1.nc b6430cee19862a51e381828b00e6877e
INPUT/phy_data.tile2.nc d02c5fdd9b34f4669b4b4467b1d9b01a
INPUT/phy_data.tile3.nc b39626ca384b586d602b8bdb049ab47d
INPUT/phy_data.tile4.nc 5edae36ec7d0718b5ddaa2726269144c
INPUT/phy_data.tile5.nc 08bc64ba4adb898da72f373fb9ce33c5
INPUT/phy_data.tile6.nc 361e024da0a97fcc375d0cb2cd0da468
INPUT/sfc_data.tile1.nc 2e310a50d066b32edc084871871a986c
INPUT/sfc_data.tile2.nc 213bc4e274bc7765f873ed793d699d01
INPUT/sfc_data.tile3.nc 8a422ec242a8b231b862a36c502e1e19
INPUT/sfc_data.tile4.nc 06e820ebd5b21d12ca93fb6825da3b8e
INPUT/sfc_data.tile5.nc 09430cf9875d013a87e7cee229b80486
INPUT/sfc_data.tile6.nc 1e199b4fa024dcfd9ead44c6eff02ba6
RESTART/fv_core.res.nc 03f92921ec61bc2e8650bcc3b1cc3971
RESTART/fv_core.res.tile1.nc 924b0fc94db05c7df4c7b95268f033a5
RESTART/fv_core.res.tile2.nc 1bd9f8695218b78d76a0f31912492cf8
RESTART/fv_core.res.tile3.nc e06e5b15988b1f0654f3cf96a6fedadf
RESTART/fv_core.res.tile4.nc e2c037411fdf6f5d40027b3cc4c2c893
RESTART/fv_core.res.tile5.nc 07e585fcb5b099f8460aa7a31163b7cf
RESTART/fv_core.res.tile6.nc 8cb1516a9aea6e0a4b7962e1e8a6d670
RESTART/fv_srf_wnd.res.tile1.nc 9272ce0f6f2c65af5d9ae570279a7629
RESTART/fv_srf_wnd.res.tile2.nc 251b8d5be4269cbedf111f62979e3a7f
RESTART/fv_srf_wnd.res.tile3.nc 411a7d6d620b6e91e0417f7b9ff75208
RESTART/fv_srf_wnd.res.tile4.nc ef534ee61e7ce9cba2040f352ea30444
RESTART/fv_srf_wnd.res.tile5.nc cdabf4f35d0e9f7cc4360dea0eb91f6b
RESTART/fv_srf_wnd.res.tile6.nc e79dcb9798a585a09463d4e9600d7467
RESTART/fv_tracer.res.tile1.nc 1fafee7eff37f52758b8d5b8eb4a43dd
RESTART/fv_tracer.res.tile2.nc 7010e365741e5ef34338885e00ef1992
RESTART/fv_tracer.res.tile3.nc cfded4cdac17842627d2d5f59c3015b0
RESTART/fv_tracer.res.tile4.nc 155ea2243766769b8acd9a69d9db3175
RESTART/fv_tracer.res.tile5.nc 5db1e82b3132c48dd57ff90bc60ccfd1
RESTART/fv_tracer.res.tile6.nc b8d512c763c4a50766cf53f9e02d26c4
RESTART/phy_data.tile1.nc 25cfa28e70c94b01e1fc4d4b7f807a39
RESTART/phy_data.tile2.nc 140a6e146029abb5ae0f107446540dc8
RESTART/phy_data.tile3.nc 7bb10a6fedaa9967d4b87724dcd0449c
RESTART/phy_data.tile4.nc 62406e719fb900de41969062a3029e99
RESTART/phy_data.tile5.nc f076813be67096804cf3c68ec2a40b1c
RESTART/phy_data.tile6.nc 99cb53d6e26e8e0a612f67904024a395
RESTART/sfc_data.tile1.nc b1d514475ef94dc73d25b2ebe4307844
RESTART/sfc_data.tile2.nc 4600776f120de2911c2844595cf7038d
RESTART/sfc_data.tile3.nc de5f05fd553c1372dacd7c9379a70f7b
RESTART/sfc_data.tile4.nc 20662575edc07d1a264ba67d349bebfe
RESTART/sfc_data.tile5.nc a02602f2a08675d71e64843803b9a09f
RESTART/sfc_data.tile6.nc e72e717c2a850f79906510af38d858a5
